Archive member included because of file (symbol)

c:/program files/gnu tools arm embedded/4.8 2014q1/bin/../lib/gcc/arm-none-eabi/4.8.3/../../../../arm-none-eabi/lib/armv7-m\libm.a(lib_a-s_floor.o)
                              ..\obj\Adafruit_MS_PWMServoDriver.o (floor)
c:/program files/gnu tools arm embedded/4.8 2014q1/bin/../lib/gcc/arm-none-eabi/4.8.3/../../../../arm-none-eabi/lib/armv7-m\libm.a(lib_a-s_fpclassify.o)
                              ..\obj\Print.o (__fpclassifyd)
c:/program files/gnu tools arm embedded/4.8 2014q1/bin/../lib/gcc/arm-none-eabi/4.8.3/../../../../arm-none-eabi/lib/armv7-m\libm.a(lib_a-w_atan2.o)
                              ..\obj\Interface.o (atan2)
c:/program files/gnu tools arm embedded/4.8 2014q1/bin/../lib/gcc/arm-none-eabi/4.8.3/../../../../arm-none-eabi/lib/armv7-m\libm.a(lib_a-e_atan2.o)
                              c:/program files/gnu tools arm embedded/4.8 2014q1/bin/../lib/gcc/arm-none-eabi/4.8.3/../../../../arm-none-eabi/lib/armv7-m\libm.a(lib_a-w_atan2.o) (__ieee754_atan2)
c:/program files/gnu tools arm embedded/4.8 2014q1/bin/../lib/gcc/arm-none-eabi/4.8.3/../../../../arm-none-eabi/lib/armv7-m\libm.a(lib_a-s_atan.o)
                              c:/program files/gnu tools arm embedded/4.8 2014q1/bin/../lib/gcc/arm-none-eabi/4.8.3/../../../../arm-none-eabi/lib/armv7-m\libm.a(lib_a-e_atan2.o) (atan)
c:/program files/gnu tools arm embedded/4.8 2014q1/bin/../lib/gcc/arm-none-eabi/4.8.3/../../../../arm-none-eabi/lib/armv7-m\libm.a(lib_a-s_fabs.o)
                              c:/program files/gnu tools arm embedded/4.8 2014q1/bin/../lib/gcc/arm-none-eabi/4.8.3/../../../../arm-none-eabi/lib/armv7-m\libm.a(lib_a-e_atan2.o) (fabs)
C:\Program Files\GNU Tools ARM Embedded\4.7 2013q1\arm-none-eabi\lib\armv7-m\libgcc.a(_arm_addsubdf3.o)
                              ..\obj\Print.o (__aeabi_dsub)
C:\Program Files\GNU Tools ARM Embedded\4.7 2013q1\arm-none-eabi\lib\armv7-m\libgcc.a(_arm_muldivdf3.o)
                              ..\obj\Stream.o (__aeabi_dmul)
C:\Program Files\GNU Tools ARM Embedded\4.7 2013q1\arm-none-eabi\lib\armv7-m\libgcc.a(_arm_cmpdf2.o)
                              ..\obj\Print.o (__aeabi_dcmplt)
C:\Program Files\GNU Tools ARM Embedded\4.7 2013q1\arm-none-eabi\lib\armv7-m\libgcc.a(_arm_fixdfsi.o)
                              ..\obj\Print.o (__aeabi_d2iz)
C:\Program Files\GNU Tools ARM Embedded\4.7 2013q1\arm-none-eabi\lib\armv7-m\libgcc.a(_arm_fixunsdfsi.o)
                              ..\obj\Adafruit_MS_PWMServoDriver.o (__aeabi_d2uiz)
C:\Program Files\GNU Tools ARM Embedded\4.7 2013q1\arm-none-eabi\lib\armv7-m\libgcc.a(_arm_truncdfsf2.o)
                              ..\obj\Stream.o (__aeabi_d2f)
C:\Program Files\GNU Tools ARM Embedded\4.7 2013q1\arm-none-eabi\lib\armv7-m\libgcc.a(_arm_addsubsf3.o)
                              ..\obj\Adafruit_MS_PWMServoDriver.o (__aeabi_fsub)
C:\Program Files\GNU Tools ARM Embedded\4.7 2013q1\arm-none-eabi\lib\armv7-m\libgcc.a(_arm_muldivsf3.o)
                              ..\obj\Stream.o (__aeabi_fmul)
C:\Program Files\GNU Tools ARM Embedded\4.7 2013q1\arm-none-eabi\lib\armv7-m\libgcc.a(_aeabi_uldivmod.o)
                              ..\obj\Print.o (__aeabi_uldivmod)
C:\Program Files\GNU Tools ARM Embedded\4.7 2013q1\arm-none-eabi\lib\armv7-m\libgcc.a(_fixdfdi.o)
                              ..\obj\Print.o (__aeabi_d2lz)
C:\Program Files\GNU Tools ARM Embedded\4.7 2013q1\arm-none-eabi\lib\armv7-m\libgcc.a(_fixunsdfdi.o)
                              C:\Program Files\GNU Tools ARM Embedded\4.7 2013q1\arm-none-eabi\lib\armv7-m\libgcc.a(_fixdfdi.o) (__aeabi_d2ulz)
C:\Program Files\GNU Tools ARM Embedded\4.7 2013q1\arm-none-eabi\lib\armv7-m\libgcc.a(bpabi.o)
                              C:\Program Files\GNU Tools ARM Embedded\4.7 2013q1\arm-none-eabi\lib\armv7-m\libgcc.a(_aeabi_uldivmod.o) (__gnu_uldivmod_helper)
C:\Program Files\GNU Tools ARM Embedded\4.7 2013q1\arm-none-eabi\lib\armv7-m\libgcc.a(unwind-arm.o)
                              ..\obj\Wire.o (__aeabi_unwind_cpp_pr0)
C:\Program Files\GNU Tools ARM Embedded\4.7 2013q1\arm-none-eabi\lib\armv7-m\libgcc.a(libunwind.o)
                              C:\Program Files\GNU Tools ARM Embedded\4.7 2013q1\arm-none-eabi\lib\armv7-m\libgcc.a(unwind-arm.o) (restore_core_regs)
C:\Program Files\GNU Tools ARM Embedded\4.7 2013q1\arm-none-eabi\lib\armv7-m\libgcc.a(pr-support.o)
                              C:\Program Files\GNU Tools ARM Embedded\4.7 2013q1\arm-none-eabi\lib\armv7-m\libgcc.a(unwind-arm.o) (__gnu_unwind_execute)
C:\Program Files\GNU Tools ARM Embedded\4.7 2013q1\arm-none-eabi\lib\armv7-m\libgcc.a(_dvmd_tls.o)
                              C:\Program Files\GNU Tools ARM Embedded\4.7 2013q1\arm-none-eabi\lib\armv7-m\libgcc.a(_aeabi_uldivmod.o) (__aeabi_ldiv0)
C:\Program Files\GNU Tools ARM Embedded\4.7 2013q1\arm-none-eabi\lib\armv7-m\libgcc.a(_divdi3.o)
[...]
Memory Configuration

Name             Origin             Length             Attributes
rom              0x08000000         0x00020000         xr
ram              0x20000000         0x00005000         xrw
*default*        0x00000000         0xffffffff

Linker script and memory map

LOAD c:/program files/gnu tools arm embedded/4.8 2014q1/bin/../lib/gcc/arm-none-eabi/4.8.3/armv7-m/crti.o
LOAD c:/program files/gnu tools arm embedded/4.8 2014q1/bin/../lib/gcc/arm-none-eabi/4.8.3/armv7-m/crtbegin.o
LOAD c:/program files/gnu tools arm embedded/4.8 2014q1/bin/../lib/gcc/arm-none-eabi/4.8.3/../../../../arm-none-eabi/lib/armv7-m/crt0.o
                0x20005000                _eram = 0x20005000

.text           0x08000000    0x13794
 *(.isr_vector)
 .isr_vector    0x08000000      0x154 ..\obj\startup_coide.o
                0x08000000                g_pfnVectors
 *(.text*)
 .text          0x08000154       0x54 c:/program files/gnu tools arm embedded/4.8 2014q1/bin/../lib/gcc/arm-none-eabi/4.8.3/armv7-m/crtbegin.o
 .text.DefaultIntHandler
                0x080001a8        0x4 ..\obj\startup_coide.o
                0x080001a8                ETHIntHandler
                0x080001a8                OTGFSWKUPIntHandler
                0x080001a8                CAN1RX0IntHandler
                0x080001a8                TIM8CCIntHandler
                0x080001a8                FSMCIntHandler
                0x080001a8                ETHWKUPIntHandler
                0x080001a8                WWDGIntHandler
                0x080001a8                PVDIntHandler
                0x080001a8                CAN2SCEIntHandler
                0x080001a8                CAN1TXIntHandler
                0x080001a8                RTCAlarmIntHandler
                0x080001a8                TIM8TRGCOMTIM14IntHandler
                0x080001a8                HardFaultIntHandler
                0x080001a8                PendSVIntHandler
                0x080001a8                BusFaultIntHandler
                0x080001a8                NMIIntHandler
                0x080001a8                CAN2RX0IntHandler
                0x080001a8                FLASHIntHandler
                0x080001a8                TAMPERIntHandler
                0x080001a8                SDIOIntHandler
                0x080001a8                CAN2TXIntHandler
                0x080001a8                CAN1SCEIntHandler
                0x080001a8                I2C1ERIntHandler
                0x080001a8                CAN2RX1IntHandler
                0x080001a8                UsageFaultIntHandler
                0x080001a8                MemManageIntHandler
                0x080001a8                CAN1RX1IntHandler
                0x080001a8                TIM8UPTIM13IntHandler
                0x080001a8                SVCIntHandler
                0x080001a8                DebugMonIntHandler
                0x080001a8                I2C2ERIntHandler
                0x080001a8                OTGFSIntHandler
                0x080001a8                TIM8BRKTIM12IntHandler
 .text.Default_ResetHandler
                0x080001ac       0x5c ..\obj\startup_coide.o
                0x080001ac                ResetHandler
                0x080001ac                Default_ResetHandler
 .text._ZN5Print5writeEh
                0x08000208        0x4 ..\obj\Wire.o
                0x08000208                Print::write(unsigned char)
 .text._ZN9WireClass9availableEv
                0x0800020c       0x10 ..\obj\Wire.o
                0x0800020c                WireClass::available()
 .text._ZN9WireClass4readEv
                0x0800021c       0x20 ..\obj\Wire.o
                0x0800021c                WireClass::read()
 .text._ZN9WireClass4peekEv
                0x0800023c       0x18 ..\obj\Wire.o
                0x0800023c                WireClass::peek()
 .text._ZN9WireClass5flushEv
                0x08000254        0x4 ..\obj\Wire.o
                0x08000254                WireClass::flush()
 .text._ZN5Print5writeEPKc
                0x08000258       0x20 ..\obj\Wire.o
                0x08000258                Print::write(char const*)
 .text._ZN9WireClass5writeEPKhj
                0x08000278       0x5c ..\obj\Wire.o
                0x08000278                WireClass::write(unsigned char const*, unsigned int)
 .text._ZN9WireClass5writeEh
                0x080002d4       0x60 ..\obj\Wire.o
                0x080002d4                WireClass::write(unsigned char)
 .text._ZN9WireClass5beginEv
                0x08000334       0x6c ..\obj\Wire.o
                0x08000334                WireClass::begin()
 .text._ZN9WireClass17beginTransmissionEh
                0x080003a0       0x1c ..\obj\Wire.o
                0x080003a0                WireClass::beginTransmission(unsigned char)
 .text._ZN9WireClass4sendEh
                0x080003bc        0xc ..\obj\Wire.o
                0x080003bc                WireClass::send(unsigned char)
 .text._ZN9WireClass15endTransmissionEh
                0x080003c8       0x34 ..\obj\Wire.o
                0x080003c8                WireClass::endTransmission(unsigned char)
 .text._ZN9WireClass15endTransmissionEv
                0x080003fc        0x8 ..\obj\Wire.o
                0x080003fc                WireClass::endTransmission()
 .text._ZN9WireClass11requestFromEhhh
                0x08000404       0x2c ..\obj\Wire.o
                0x08000404                WireClass::requestFrom(unsigned char, unsigned char, unsigned char)
 .text._ZN9WireClass11requestFromEhh
                0x08000430        0x8 ..\obj\Wire.o
                0x08000430                WireClass::requestFrom(unsigned char, unsigned char)
 .text._ZN9WireClass7receiveEv
                0x08000438        0xc ..\obj\Wire.o
                0x08000438                WireClass::receive()
 .text.startup._GLOBAL__sub_I__ZN9WireClass8rxBufferE
                0x08000444       0x2c ..\obj\Wire.o
 .text.xCPUcpsid
                0x08000470        0x8 ..\obj\xcore.o
                0x08000470                xCPUcpsid
 .text.xCPUcpsie
                0x08000478        0x8 ..\obj\xcore.o
                0x08000478                xCPUcpsie
 .text.xIntMasterEnable
                0x08000480        0xc ..\obj\xcore.o
                0x08000480                xIntMasterEnable
 .text.xIntMasterDisable
                0x0800048c        0xc ..\obj\xcore.o
                0x0800048c                xIntMasterDisable
 .text.xIntPrioritySet
                0x08000498       0xf0 ..\obj\xcore.o
                0x08000498                xIntPrioritySet
 .text.xIntEnable
                0x08000588      0x154 ..\obj\xcore.o
                0x08000588                xIntEnable
 .text.xIntDisable
                0x080006dc      0x154 ..\obj\xcore.o
                0x080006dc                xIntDisable
 .text.xSysTickEnable
                0x08000830       0x10 ..\obj\xcore.o
                0x08000830                xSysTickEnable
 .text.xSysTickIntEnable
                0x08000840       0x10 ..\obj\xcore.o
                0x08000840                xSysTickIntEnable
 .text.xSysTickPeriodSet
                0x08000850        0xc ..\obj\xcore.o
                0x08000850                xSysTickPeriodSet
 .text._ZN20Adafruit_MotorShield6setPinEhh.part.1
                0x0800085c        0xc ..\obj\Adafruit_MotorShield.o
 .text.Adafruit_MotorShield_SetSpeed
                0x08000868       0xa8 ..\obj\Adafruit_MotorShield.o
                0x08000868                Adafruit_MotorShield_SetSpeed
 .text._ZN20Adafruit_MotorShieldC2Eh
                0x08000910       0x68 ..\obj\Adafruit_MotorShield.o
                0x08000910                Adafruit_MotorShield::Adafruit_MotorShield(unsigned char)
                0x08000910                Adafruit_MotorShield::Adafruit_MotorShield(unsigned char)
 .text._ZN20Adafruit_MotorShield5beginEt
                0x08000978       0x40 ..\obj\Adafruit_MotorShield.o
                0x08000978                Adafruit_MotorShield::begin(unsigned short)
 .text.Adafruit_MotorShield_Init
                0x080009b8       0x2c ..\obj\Adafruit_MotorShield.o
                0x080009b8                Adafruit_MotorShield_Init
 .text._ZN20Adafruit_MotorShield6setPWMEht
                0x080009e4       0x1c ..\obj\Adafruit_MotorShield.o
                0x080009e4                Adafruit_MotorShield::setPWM(unsigned char, unsigned short)
 .text._ZN20Adafruit_MotorShield6setPinEhh
                0x08000a00       0x14 ..\obj\Adafruit_MotorShield.o
                0x08000a00                Adafruit_MotorShield::setPin(unsigned char, unsigned char)
 .text._ZN21Adafruit_StepperMotor7releaseEv
                0x08000a14       0x3c ..\obj\Adafruit_MotorShield.o
                0x08000a14                Adafruit_StepperMotor::release()
 .text.Adafruit_MotorShield_Release
                0x08000a50       0xa0 ..\obj\Adafruit_MotorShield.o
                0x08000a50                Adafruit_MotorShield_Release
 .text._ZN21Adafruit_StepperMotor7onestepEhh
                0x08000af0      0x1f4 ..\obj\Adafruit_MotorShield.o
                0x08000af0                Adafruit_StepperMotor::onestep(unsigned char, unsigned char)
 .text._ZN21Adafruit_StepperMotor4stepEthh
                0x08000ce4       0x40 ..\obj\Adafruit_MotorShield.o
                0x08000ce4                Adafruit_StepperMotor::step(unsigned short, unsigned char, unsigned char)
 .text.Adafruit_MotorShield_Step
                0x08000d24       0xb4 ..\obj\Adafruit_MotorShield.o
                0x08000d24                Adafruit_MotorShield_Step
 .text.startup._GLOBAL__sub_I_microstepcurve
                0x08000dd8        0xc ..\obj\Adafruit_MotorShield.o
 .text.EXTI0IntHandler
                0x08000de4       0x4c ..\obj\xgpio.o
                0x08000de4                EXTI0IntHandler
 .text.EXTI1IntHandler
                0x08000e30       0x4c ..\obj\xgpio.o
                0x08000e30                EXTI1IntHandler
 .text.EXTI2IntHandler
                0x08000e7c       0x4c ..\obj\xgpio.o
                0x08000e7c                EXTI2IntHandler
 .text.EXTI3IntHandler
                0x08000ec8       0x4c ..\obj\xgpio.o
                0x08000ec8                EXTI3IntHandler
 .text.EXTI4IntHandler
                0x08000f14       0x4c ..\obj\xgpio.o
                0x08000f14                EXTI4IntHandler
 .text.EXTI95IntHandler
                0x08000f60       0x70 ..\obj\xgpio.o
                0x08000f60                EXTI95IntHandler
 .text.EXTI1510IntHandler
                0x08000fd0       0x8c ..\obj\xgpio.o
                0x08000fd0                EXTI1510IntHandler
 .text.GPIODirModeSet
                0x0800105c       0x4c ..\obj\xgpio.o
                0x0800105c                GPIODirModeSet
 .text.xGPIODirModeSet
                0x080010a8       0x3c ..\obj\xgpio.o
                0x080010a8                xGPIODirModeSet
 .text.GPIOPinRead
                0x080010e4        0x8 ..\obj\xgpio.o
                0x080010e4                GPIOPinRead
 .text.GPIOPinWrite
                0x080010ec       0x14 ..\obj\xgpio.o
                0x080010ec                GPIOPinWrite
 .text.GPIOPinConfigure
                0x08001100       0x74 ..\obj\xgpio.o
                0x08001100                GPIOPinConfigure
 .text.GPIOPinToPeripheralId
                0x08001174       0x6c ..\obj\xgpio.o
                0x08001174                GPIOPinToPeripheralId
 .text.GPIOPinToPort
                0x080011e0        0x4 ..\obj\xgpio.o
                0x080011e0                GPIOPinToPort
 .text._I2CRegReadByte
                0x080011e4       0x30 ..\obj\HMC5883L.o
 .text.HMC5883L_Init
                0x08001214       0xa4 ..\obj\HMC5883L.o
                0x08001214                HMC5883L_Init
 .text.HMC5883L_RegWriteByte
                0x080012b8       0x50 ..\obj\HMC5883L.o
                0x080012b8                HMC5883L_RegWriteByte
 .text.HMC5883L_Cfg
                0x08001308       0x88 ..\obj\HMC5883L.o
                0x08001308                HMC5883L_Cfg
 .text.HMC5883L_DataGet
                0x08001390       0x90 ..\obj\HMC5883L.o
                0x08001390                HMC5883L_DataGet
 .text.startup.main
                0x08001420      0x210 ..\obj\Frame.o
                0x08001420                main
 .text.ADC12IntHandler
                0x08001630       0x48 ..\obj\xadc.o
                0x08001630                ADC12IntHandler
 .text.ADC3IntHandler
                0x08001678       0x40 ..\obj\xadc.o
                0x08001678                ADC3IntHandler
 .text.xADCConfigure
                0x080016b8       0x38 ..\obj\xadc.o
                0x080016b8                xADCConfigure
 .text.xADCStepConfigure
                0x080016f0       0x4c ..\obj\xadc.o
                0x080016f0                xADCStepConfigure
 .text.ADCEnable
                0x0800173c        0xc ..\obj\xadc.o
                0x0800173c                ADCEnable
 .text.xADCDataGet
                0x08001748       0x24 ..\obj\xadc.o
                0x08001748                xADCDataGet
 .text._ZNK9IPAddress7printToER5Print
                0x0800176c       0x40 ..\obj\IPAddress.o
                0x0800176c                IPAddress::printTo(Print&) const
 .text.startup._GLOBAL__sub_I__ZN9IPAddressC2Ev
                0x080017ac       0x1c ..\obj\IPAddress.o
 .text.UpdateIndexAtomic
                0x080017c8       0x30 ..\obj\ringbuf.o
 .text.RingBufFull
                0x080017f8       0x18 ..\obj\ringbuf.o
                0x080017f8                RingBufFull
 .text.RingBufEmpty
                0x08001810        0xc ..\obj\ringbuf.o
                0x08001810                RingBufEmpty
 .text.RingBufReadOne
                0x0800181c       0x18 ..\obj\ringbuf.o
                0x0800181c                RingBufReadOne
 .text.RingBufWriteOne
                0x08001834       0x18 ..\obj\ringbuf.o
                0x08001834                RingBufWriteOne
 .text.RingBufWrite
                0x0800184c       0x2c ..\obj\ringbuf.o
                0x0800184c                RingBufWrite
 .text.RingBufInit
                0x08001878        0xc ..\obj\ringbuf.o
                0x08001878                RingBufInit
 .text.DMA1Channel1IntHandler
                0x08001884       0x68 ..\obj\xdma.o
                0x08001884                DMA1Channel1IntHandler
 .text.DMA1Channel3IntHandler
                0x080018ec       0x68 ..\obj\xdma.o
                0x080018ec                DMA1Channel3IntHandler
 .text.DMA1Channel2IntHandler
                0x08001954       0x68 ..\obj\xdma.o
                0x08001954                DMA1Channel2IntHandler
 .text.DMA1Channel4IntHandler
                0x080019bc       0x68 ..\obj\xdma.o
                0x080019bc                DMA1Channel4IntHandler
 .text.DMA1Channel5IntHandler
                0x08001a24       0x68 ..\obj\xdma.o
                0x08001a24                DMA1Channel5IntHandler
 .text.DMA1Channel6IntHandler
                0x08001a8c       0x68 ..\obj\xdma.o
                0x08001a8c                DMA1Channel6IntHandler
 .text.DMA1Channel7IntHandler
                0x08001af4       0x68 ..\obj\xdma.o
                0x08001af4                DMA1Channel7IntHandler
 .text.DMA2Channel1IntHandler
                0x08001b5c       0x68 ..\obj\xdma.o
                0x08001b5c                DMA2Channel1IntHandler
 .text.DMA2Channel2IntHandler
                0x08001bc4       0x68 ..\obj\xdma.o
                0x08001bc4                DMA2Channel2IntHandler
 .text.DMA2Channel3IntHandler
                0x08001c2c       0x68 ..\obj\xdma.o
                0x08001c2c                DMA2Channel3IntHandler
 .text.DMA2Channel4IntHandler
                0x08001c94       0x68 ..\obj\xdma.o
                0x08001c94                DMA2Channel4IntHandler
 .text.DMA2Channel5IntHandler
                0x08001cfc       0x68 ..\obj\xdma.o
                0x08001cfc                DMA2Channel5IntHandler
 .text.RCCIntHandler
                0x08001d64       0x20 ..\obj\xsysctl.o
                0x08001d64                RCCIntHandler
 .text.SysCtlDelay
                0x08001d84        0x8 ..\obj\xsysctl.o
                0x08001d84                SysCtlDelay
 .text.SysCtlPeripheralReset
                0x08001d8c       0x2c ..\obj\xsysctl.o
                0x08001d8c                SysCtlPeripheralReset
 .text.SysCtlPeripheralEnable
                0x08001db8       0x20 ..\obj\xsysctl.o
                0x08001db8                SysCtlPeripheralEnable
 .text.xSysCtlPeripheralEnable2
                0x08001dd8       0x50 ..\obj\xsysctl.o
                0x08001dd8                xSysCtlPeripheralEnable2
 .text.xSysCtlPeripheralReset2
                0x08001e28       0x3c ..\obj\xsysctl.o
                0x08001e28                xSysCtlPeripheralReset2
 .text.SysCtlClockSet
                0x08001e64      0x2cc ..\obj\xsysctl.o
                0x08001e64                SysCtlClockSet
 .text.SysCtlPeripheralClockSourceSet
                0x08002130       0xe0 ..\obj\xsysctl.o
                0x08002130                SysCtlPeripheralClockSourceSet
 .text.SysCtlReset
                0x08002210       0x10 ..\obj\xsysctl.o
                0x08002210                SysCtlReset
 .text.SysCtlHClockGet
                0x08002220       0xc0 ..\obj\xsysctl.o
                0x08002220                SysCtlHClockGet
 .text.SysCtlAPB1ClockGet
                0x080022e0       0x20 ..\obj\xsysctl.o
                0x080022e0                SysCtlAPB1ClockGet
 .text.SysCtlAPB2ClockGet
                0x08002300       0x20 ..\obj\xsysctl.o
                0x08002300                SysCtlAPB2ClockGet
 .text.HCSR04TimerIntCallback
                0x08002320       0x90 ..\obj\HC_SR04.o
                0x08002320                HCSR04TimerIntCallback
 .text.HCSR04GetDistance
                0x080023b0        0xc ..\obj\HC_SR04.o
                0x080023b0                HCSR04GetDistance
 .text.HCSR04Init
                0x080023bc       0xf4 ..\obj\HC_SR04.o
                0x080023bc                HCSR04Init
 .text.HCSR04Stop
                0x080024b0        0xc ..\obj\HC_SR04.o
                0x080024b0                HCSR04Stop
 .text._ZN14HardwareSerial9availableEv
                0x080024bc       0x10 ..\obj\HardwareSerial.o
                0x080024bc                HardwareSerial::available()
 .text._ZN14HardwareSerial4peekEv
                0x080024cc       0x14 ..\obj\HardwareSerial.o
                0x080024cc                HardwareSerial::peek()
 .text._ZN14HardwareSerial4readEv
                0x080024e0       0x20 ..\obj\HardwareSerial.o
                0x080024e0                HardwareSerial::read()
 .text._ZN14HardwareSerial5flushEv
                0x08002500       0x20 ..\obj\HardwareSerial.o
                0x08002500                HardwareSerial::flush()
 .text._ZN14HardwareSerial5writeEh
                0x08002520        0xc ..\obj\HardwareSerial.o
                0x08002520                HardwareSerial::write(unsigned char)
 .text.startup._GLOBAL__sub_I_rx_buffer
                0x0800252c       0x30 ..\obj\HardwareSerial.o
 .text._ZN26Adafruit_MS_PWMServoDriverC2Eh
                0x0800255c        0x4 ..\obj\Adafruit_MS_PWMServoDriver.o
                0x0800255c                Adafruit_MS_PWMServoDriver::Adafruit_MS_PWMServoDriver(unsigned char)
                0x0800255c                Adafruit_MS_PWMServoDriver::Adafruit_MS_PWMServoDriver(unsigned char)
 .text._ZN26Adafruit_MS_PWMServoDriver6setPWMEhtt
                0x08002560       0x50 ..\obj\Adafruit_MS_PWMServoDriver.o
                0x08002560                Adafruit_MS_PWMServoDriver::setPWM(unsigned char, unsigned short, unsigned short)
 .text._ZN26Adafruit_MS_PWMServoDriver5read8Eh
                0x080025b0       0x38 ..\obj\Adafruit_MS_PWMServoDriver.o
                0x080025b0                Adafruit_MS_PWMServoDriver::read8(unsigned char)
 .text._ZN26Adafruit_MS_PWMServoDriver6write8Ehh
                0x080025e8       0x30 ..\obj\Adafruit_MS_PWMServoDriver.o
                0x080025e8                Adafruit_MS_PWMServoDriver::write8(unsigned char, unsigned char)
 .text._ZN26Adafruit_MS_PWMServoDriver5beginEv
                0x08002618       0x1c ..\obj\Adafruit_MS_PWMServoDriver.o
                0x08002618                Adafruit_MS_PWMServoDriver::begin()
 *fill*         0x08002634        0x4 
 .text._ZN26Adafruit_MS_PWMServoDriver10setPWMFreqEf
                0x08002638       0xa0 ..\obj\Adafruit_MS_PWMServoDriver.o
                0x08002638                Adafruit_MS_PWMServoDriver::setPWMFreq(float)
 .text.SPI1IntHandler
                0x080026d8       0x4c ..\obj\xspi.o
                0x080026d8                SPI1IntHandler
 .text.SPI2IntHandler
                0x08002724       0x4c ..\obj\xspi.o
                0x08002724                SPI2IntHandler
 .text.SPI3IntHandler
                0x08002770       0x4c ..\obj\xspi.o
                0x08002770                SPI3IntHandler
 .text.I2C1EVIntHandler
                0x080027bc       0xc8 ..\obj\xi2c.o
                0x080027bc                I2C1EVIntHandler
 .text.I2C2EVIntHandler
                0x08002884       0x60 ..\obj\xi2c.o
                0x08002884                I2C2EVIntHandler
 .text.I2CMasterInit
                0x080028e4       0x98 ..\obj\xi2c.o
                0x080028e4                I2CMasterInit
 .text.I2CMasterEnable
                0x0800297c       0x14 ..\obj\xi2c.o
                0x0800297c                I2CMasterEnable
 .text.I2CMasterWriteRequestS1
                0x08002990       0x9c ..\obj\xi2c.o
                0x08002990                I2CMasterWriteRequestS1
 .text.I2CMasterWriteS1
                0x08002a2c       0x4c ..\obj\xi2c.o
                0x08002a2c                I2CMasterWriteS1
 .text.I2CMasterWriteS2
                0x08002a78       0x40 ..\obj\xi2c.o
                0x08002a78                I2CMasterWriteS2
 .text.I2CMasterWriteBufS2
                0x08002ab8       0xa4 ..\obj\xi2c.o
                0x08002ab8                I2CMasterWriteBufS2
 .text.I2CMasterWriteBufS1
                0x08002b5c       0xbc ..\obj\xi2c.o
                0x08002b5c                I2CMasterWriteBufS1
 .text.I2CMasterReadRequestS1
                0x08002c18       0x9c ..\obj\xi2c.o
                0x08002c18                I2CMasterReadRequestS1
 .text.I2CMasterReadS1
                0x08002cb4       0x70 ..\obj\xi2c.o
                0x08002cb4                I2CMasterReadS1
 .text.I2CMasterReadBufS2
                0x08002d24       0xb8 ..\obj\xi2c.o
                0x08002d24                I2CMasterReadBufS2
 .text.I2CMasterReadBufS1
                0x08002ddc       0xe8 ..\obj\xi2c.o
                0x08002ddc                I2CMasterReadBufS1
 .text._ZN5Print5writeEPKhm
                0x08002ec4       0x28 ..\obj\Print.o
                0x08002ec4                Print::write(unsigned char const*, unsigned long)
 .text._ZN5Print5printEc
                0x08002eec        0xc ..\obj\Print.o
                0x08002eec                Print::print(char)
 .text._ZN5Print11printNumberEyh
                0x08002ef8       0x70 ..\obj\Print.o
                0x08002ef8                Print::printNumber(unsigned long long, unsigned char)
 .text._ZN5Print5printEyi
                0x08002f68       0x1c ..\obj\Print.o
                0x08002f68                Print::print(unsigned long long, int)
 .text._ZN5Print5printEhi
                0x08002f84       0x14 ..\obj\Print.o
                0x08002f84                Print::print(unsigned char, int)
 .text._sbrk    0x08002f98       0x1c ..\obj\syscalls.o
                0x08002f98                _sbrk
 .text._close   0x08002fb4        0x8 ..\obj\syscalls.o
                0x08002fb4                _close
 .text._fstat   0x08002fbc        0xc ..\obj\syscalls.o
                0x08002fbc                _fstat
 .text._isatty  0x08002fc8        0x4 ..\obj\syscalls.o
                0x08002fc8                _isatty
 .text._lseek   0x08002fcc        0x4 ..\obj\syscalls.o
                0x08002fcc                _lseek
 .text._read    0x08002fd0        0x4 ..\obj\syscalls.o
                0x08002fd0                _read
 .text._write   0x08002fd4        0x4 ..\obj\syscalls.o
                0x08002fd4                _write
 .text.abort    0x08002fd8        0x4 ..\obj\syscalls.o
                0x08002fd8                abort
 .text._ZN6SystemC2Ev
                0x08002fdc       0x48 ..\obj\cPi.o
                0x08002fdc                System::System()
                0x08002fdc                System::System()
 .text.SysTickIntHandler
                0x08003024       0x10 ..\obj\cPi.o
                0x08003024                SysTickIntHandler
 .text._Z5delaym
                0x08003034       0x20 ..\obj\cPi.o
                0x08003034                delay(unsigned long)
 .text._Z17delayMicrosecondsm
                0x08003054        0xc ..\obj\cPi.o
                0x08003054                delayMicroseconds(unsigned long)
 .text.startup._GLOBAL__sub_I__ZN6SystemC2Ev
                0x08003060        0xc ..\obj\cPi.o
 .text.RTCIntHandler
                0x0800306c       0x40 ..\obj\xrtc.o
                0x0800306c                RTCIntHandler
 .text.IntCallback
                0x080030ac       0x5c ..\obj\UART_Channel.o
 .text.UART_PortInit
                0x08003108       0xb8 ..\obj\UART_Channel.o
                0x08003108                UART_PortInit
 .text.UART_BlockWrite
                0x080031c0       0x10 ..\obj\UART_Channel.o
                0x080031c0                UART_BlockWrite
 .text.UART_ByteWrite
                0x080031d0       0x20 ..\obj\UART_Channel.o
                0x080031d0                UART_ByteWrite
 .text.UART_ByteRead
                0x080031f0       0x1c ..\obj\UART_Channel.o
                0x080031f0                UART_ByteRead
 .text.UART_TrigSendMsgInt
                0x0800320c       0x20 ..\obj\UART_Channel.o
                0x0800320c                UART_TrigSendMsgInt
 .text.TIM2IntHandler
                0x0800322c       0x2c ..\obj\xpwm.o
                0x0800322c                TIM2IntHandler
 .text.TimerTI1Configure
                0x08003258       0x5c ..\obj\xtimer.o
 .text.TimerTI2Configure
                0x080032b4       0x64 ..\obj\xtimer.o
 .text.TIM1BRKTIM9IntHandler
                0x08003318       0x3c ..\obj\xtimer.o
                0x08003318                TIM1BRKTIM9IntHandler
 .text.TIM1UPTIM10IntHandler
                0x08003354       0x3c ..\obj\xtimer.o
                0x08003354                TIM1UPTIM10IntHandler
 .text.TIM1TRGCOMTIM11IntHandler
                0x08003390       0x50 ..\obj\xtimer.o
                0x08003390                TIM1TRGCOMTIM11IntHandler
 .text.TIM1CCIntHandler
                0x080033e0       0x1c ..\obj\xtimer.o
                0x080033e0                TIM1CCIntHandler
 .text.TIM3IntHandler
                0x080033fc       0x1c ..\obj\xtimer.o
                0x080033fc                TIM3IntHandler
 .text.TIM4IntHandler
                0x08003418       0x1c ..\obj\xtimer.o
                0x08003418                TIM4IntHandler
 .text.TIM5IntHandler
                0x08003434       0x1c ..\obj\xtimer.o
                0x08003434                TIM5IntHandler
 .text.TIM6IntHandler
                0x08003450       0x1c ..\obj\xtimer.o
                0x08003450                TIM6IntHandler
 .text.TIM7IntHandler
                0x0800346c       0x1c ..\obj\xtimer.o
                0x0800346c                TIM7IntHandler
 .text.xTimerMatchGet
                0x08003488       0x1c ..\obj\xtimer.o
                0x08003488                xTimerMatchGet
 .text.xTimerIntEnable
                0x080034a4       0x20 ..\obj\xtimer.o
                0x080034a4                xTimerIntEnable
 .text.xTimerIntCallbackInit
                0x080034c4       0xdc ..\obj\xtimer.o
                0x080034c4                xTimerIntCallbackInit
 .text.xTimerCaptureEdgeSelect
                0x080035a0       0x38 ..\obj\xtimer.o
                0x080035a0                xTimerCaptureEdgeSelect
 .text.TimerOC1Configure
                0x080035d8       0x64 ..\obj\xtimer.o
                0x080035d8                TimerOC1Configure
 .text.TimerOC2Configure
                0x0800363c       0x6c ..\obj\xtimer.o
                0x0800363c                TimerOC2Configure
 .text.TimerOC3Configure
                0x080036a8       0x6c ..\obj\xtimer.o
                0x080036a8                TimerOC3Configure
 .text.TimerOC4Configure
                0x08003714       0x54 ..\obj\xtimer.o
                0x08003714                TimerOC4Configure
 .text.TimerICConfigure
                0x08003768      0x10c ..\obj\xtimer.o
                0x08003768                TimerICConfigure
 .text.xTimerCaptureModeSet
                0x08003874       0x44 ..\obj\xtimer.o
                0x08003874                xTimerCaptureModeSet
 .text.TimerStart
                0x080038b8        0xc ..\obj\xtimer.o
                0x080038b8                TimerStart
 .text.TimerStop
                0x080038c4        0xc ..\obj\xtimer.o
                0x080038c4                TimerStop
 .text.TimerPrescalerConfigure
                0x080038d0        0x8 ..\obj\xtimer.o
                0x080038d0                TimerPrescalerConfigure
 .text.TimerOCxModeSelect
                0x080038d8       0x5c ..\obj\xtimer.o
                0x080038d8                TimerOCxModeSelect
 .text.xTimerInitConfig
                0x08003934      0x194 ..\obj\xtimer.o
                0x08003934                xTimerInitConfig
 .text.TimerAutoReloadSet
                0x08003ac8        0x4 ..\obj\xtimer.o
                0x08003ac8                TimerAutoReloadSet
 .text.startup._GLOBAL__sub_I__ZN8SPIClassC2Ev
                0x08003acc       0x10 ..\obj\SPI.o
 .text.MotorShieldOperation
                0x08003adc       0x8c ..\obj\Interface.o
                0x08003adc                MotorShieldOperation
 .text.UltrasonicSensorOperation
                0x08003b68       0x64 ..\obj\Interface.o
                0x08003b68                UltrasonicSensorOperation
 .text.TinkerKitOperation
                0x08003bcc      0x38c ..\obj\Interface.o
                0x08003bcc                TinkerKitOperation
 .text.SystemCtl
                0x08003f58       0x94 ..\obj\Interface.o
                0x08003f58                SystemCtl
 *fill*         0x08003fec        0x4 
 .text.DigitalCompass
                0x08003ff0       0xf0 ..\obj\Interface.o
                0x08003ff0                DigitalCompass
 .text._ZdlPv   0x080040e0        0x4 ..\obj\new.o
                0x080040e0                operator delete(void*)
 .text.USART1IntHandler
                0x080040e4       0x28 ..\obj\xuart.o
                0x080040e4                USART1IntHandler
 .text.USART2IntHandler
                0x0800410c       0x28 ..\obj\xuart.o
                0x0800410c                USART2IntHandler
 .text.USART3IntHandler
                0x08004134       0x28 ..\obj\xuart.o
                0x08004134                USART3IntHandler
 .text.UART4IntHandler
                0x0800415c       0x28 ..\obj\xuart.o
                0x0800415c                UART4IntHandler
 .text.UART5IntHandler
                0x08004184       0x28 ..\obj\xuart.o
                0x08004184                UART5IntHandler
 .text.UARTConfigSet
                0x080041ac       0xf4 ..\obj\xuart.o
                0x080041ac                UARTConfigSet
 .text.UARTEnable
                0x080042a0       0x10 ..\obj\xuart.o
                0x080042a0                UARTEnable
 .text.UARTCharPut
                0x080042b0        0xc ..\obj\xuart.o
                0x080042b0                UARTCharPut
 .text.UARTIntEnable
                0x080042bc       0x80 ..\obj\xuart.o
                0x080042bc                UARTIntEnable
 .text.UARTIntDisable
                0x0800433c       0x80 ..\obj\xuart.o
                0x0800433c                UARTIntDisable
 .text.UARTIntCallbackInit
                0x080043bc       0x54 ..\obj\xuart.o
                0x080043bc                UARTIntCallbackInit
 .text.UARTBusy
                0x08004410        0xc ..\obj\xuart.o
                0x08004410                UARTBusy
 *fill*         0x0800441c        0x4 
 .text.floor    0x08004420      0x120 c:/program files/gnu tools arm embedded/4.8 2014q1/bin/../lib/gcc/arm-none-eabi/4.8.3/../../../../arm-none-eabi/lib/armv7-m\libm.a(lib_a-s_floor.o)
                0x08004420                floor
 .text.__fpclassifyd
                0x08004540       0x50 c:/program files/gnu tools arm embedded/4.8 2014q1/bin/../lib/gcc/arm-none-eabi/4.8.3/../../../../arm-none-eabi/lib/armv7-m\libm.a(lib_a-s_fpclassify.o)
                0x08004540                __fpclassifyd
 .text.atan2    0x08004590        0x4 c:/program files/gnu tools arm embedded/4.8 2014q1/bin/../lib/gcc/arm-none-eabi/4.8.3/../../../../arm-none-eabi/lib/armv7-m\libm.a(lib_a-w_atan2.o)
                0x08004590                atan2
 *fill*         0x08004594        0x4 
 .text.__ieee754_atan2
                0x08004598      0x1f0 c:/program files/gnu tools arm embedded/4.8 2014q1/bin/../lib/gcc/arm-none-eabi/4.8.3/../../../../arm-none-eabi/lib/armv7-m\libm.a(lib_a-e_atan2.o)
                0x08004598                __ieee754_atan2
 .text.atan     0x08004788      0x350 c:/program files/gnu tools arm embedded/4.8 2014q1/bin/../lib/gcc/arm-none-eabi/4.8.3/../../../../arm-none-eabi/lib/armv7-m\libm.a(lib_a-s_atan.o)
                0x08004788                atan
 .text.fabs     0x08004ad8        0x8 c:/program files/gnu tools arm embedded/4.8 2014q1/bin/../lib/gcc/arm-none-eabi/4.8.3/../../../../arm-none-eabi/lib/armv7-m\libm.a(lib_a-s_fabs.o)
                0x08004ad8                fabs
 .text          0x08004ae0      0x370 C:\Program Files\GNU Tools ARM Embedded\4.7 2013q1\arm-none-eabi\lib\armv7-m\libgcc.a(_arm_addsubdf3.o)
                0x08004ae0                __aeabi_drsub
                0x08004ae8                __aeabi_dsub
                0x08004ae8                __subdf3
                0x08004aec                __aeabi_dadd
                0x08004aec                __adddf3
                0x08004d64                __floatunsidf
                0x08004d64                __aeabi_ui2d
                0x08004d84                __floatsidf
                0x08004d84                __aeabi_i2d
                0x08004da8                __aeabi_f2d
                0x08004da8                __extendsfdf2
                0x08004de4                __floatundidf
                0x08004de4                __aeabi_ul2d
                0x08004df4                __floatdidf
                0x08004df4                __aeabi_l2d
 .text          0x08004e50      0x424 C:\Program Files\GNU Tools ARM Embedded\4.7 2013q1\arm-none-eabi\lib\armv7-m\libgcc.a(_arm_muldivdf3.o)
                0x08004e50                __aeabi_dmul
                0x08004e50                __muldf3
                0x080050a4                __divdf3
                0x080050a4                __aeabi_ddiv
 .text          0x08005274      0x110 C:\Program Files\GNU Tools ARM Embedded\4.7 2013q1\arm-none-eabi\lib\armv7-m\libgcc.a(_arm_cmpdf2.o)
                0x08005274                __gtdf2
                0x08005274                __gedf2
                0x0800527c                __ltdf2
                0x0800527c                __ledf2
                0x08005284                __nedf2
                0x08005284                __eqdf2
                0x08005284                __cmpdf2
                0x08005300                __aeabi_cdrcmple
                0x08005310                __aeabi_cdcmpeq
                0x08005310                __aeabi_cdcmple
                0x08005320                __aeabi_dcmpeq
                0x08005334                __aeabi_dcmplt
                0x08005348                __aeabi_dcmple
                0x0800535c                __aeabi_dcmpge
                0x08005370                __aeabi_dcmpgt
 .text          0x08005384       0x50 C:\Program Files\GNU Tools ARM Embedded\4.7 2013q1\arm-none-eabi\lib\armv7-m\libgcc.a(_arm_fixdfsi.o)
                0x08005384                __aeabi_d2iz
                0x08005384                __fixdfsi
 .text          0x080053d4       0x40 C:\Program Files\GNU Tools ARM Embedded\4.7 2013q1\arm-none-eabi\lib\armv7-m\libgcc.a(_arm_fixunsdfsi.o)
                0x080053d4                __aeabi_d2uiz
                0x080053d4                __fixunsdfsi
 .text          0x08005414       0xa0 C:\Program Files\GNU Tools ARM Embedded\4.7 2013q1\arm-none-eabi\lib\armv7-m\libgcc.a(_arm_truncdfsf2.o)
                0x08005414                __truncdfsf2
                0x08005414                __aeabi_d2f
 .text          0x080054b4      0x21c C:\Program Files\GNU Tools ARM Embedded\4.7 2013q1\arm-none-eabi\lib\armv7-m\libgcc.a(_arm_addsubsf3.o)
                0x080054b4                __aeabi_frsub
                0x080054bc                __subsf3
                0x080054bc                __aeabi_fsub
                0x080054c0                __aeabi_fadd
                0x080054c0                __addsf3
                0x08005620                __aeabi_ui2f
                0x08005620                __floatunsisf
                0x08005628                __aeabi_i2f
                0x08005628                __floatsisf
                0x08005644                __aeabi_ul2f
                0x08005644                __floatundisf
                0x08005654                __aeabi_l2f
                0x08005654                __floatdisf
 .text          0x080056d0      0x2a0 C:\Program Files\GNU Tools ARM Embedded\4.7 2013q1\arm-none-eabi\lib\armv7-m\libgcc.a(_arm_muldivsf3.o)
                0x080056d0                __mulsf3
                0x080056d0                __aeabi_fmul
                0x08005838                __aeabi_fdiv
                0x08005838                __divsf3
 .text          0x08005970       0x2c C:\Program Files\GNU Tools ARM Embedded\4.7 2013q1\arm-none-eabi\lib\armv7-m\libgcc.a(_aeabi_uldivmod.o)
                0x08005970                __aeabi_uldivmod
 .text          0x0800599c       0x60 C:\Program Files\GNU Tools ARM Embedded\4.7 2013q1\arm-none-eabi\lib\armv7-m\libgcc.a(bpabi.o)
                0x0800599c                __gnu_ldivmod_helper
                0x080059cc                __gnu_uldivmod_helper
 .text          0x080059fc      0xa28 C:\Program Files\GNU Tools ARM Embedded\4.7 2013q1\arm-none-eabi\lib\armv7-m\libgcc.a(unwind-arm.o)
                0x08005ce0                _Unwind_GetCFA
                0x08005ce4                __gnu_Unwind_RaiseException
                0x08005d44                __gnu_Unwind_ForcedUnwind
                0x08005d58                __gnu_Unwind_Resume
                0x08005d9c                __gnu_Unwind_Resume_or_Rethrow
                0x08005db8                _Unwind_Complete
                0x08005dbc                _Unwind_DeleteException
                0x08005dcc                _Unwind_VRS_Get
                0x08005e1c                _Unwind_VRS_Set
                0x08005e6c                __gnu_Unwind_Backtrace
                0x080061c0                __aeabi_unwind_cpp_pr0
                0x080061c8                __aeabi_unwind_cpp_pr1
                0x080061d0                __aeabi_unwind_cpp_pr2
                0x080061d8                _Unwind_VRS_Pop
 .text          0x08006424      0x1ac C:\Program Files\GNU Tools ARM Embedded\4.7 2013q1\arm-none-eabi\lib\armv7-m\libgcc.a(libunwind.o)
                0x08006424                __restore_core_regs
                0x08006424                restore_core_regs
                0x0800643c                __gnu_Unwind_Restore_VFP
                0x08006444                __gnu_Unwind_Save_VFP
                0x0800644c                __gnu_Unwind_Restore_VFP_D
                0x08006454                __gnu_Unwind_Save_VFP_D
                0x0800645c                __gnu_Unwind_Restore_VFP_D_16_to_31
                0x08006464                __gnu_Unwind_Save_VFP_D_16_to_31
                0x0800646c                __gnu_Unwind_Restore_WMMXD
                0x080064b0                __gnu_Unwind_Save_WMMXD
                0x080064f4                __gnu_Unwind_Restore_WMMXC
                0x08006508                __gnu_Unwind_Save_WMMXC
                0x0800651c                ___Unwind_RaiseException
                0x0800651c                _Unwind_RaiseException
                0x08006540                _Unwind_Resume
                0x08006540                ___Unwind_Resume
                0x08006564                _Unwind_Resume_or_Rethrow
                0x08006564                ___Unwind_Resume_or_Rethrow
                0x08006588                _Unwind_ForcedUnwind
                0x08006588                ___Unwind_ForcedUnwind
                0x080065ac                ___Unwind_Backtrace
                0x080065ac                _Unwind_Backtrace
 .text          0x080065d0      0x33c C:\Program Files\GNU Tools ARM Embedded\4.7 2013q1\arm-none-eabi\lib\armv7-m\libgcc.a(pr-support.o)
                0x08006624                __gnu_unwind_execute
                0x080068b4                __gnu_unwind_frame
                0x080068dc                _Unwind_GetRegionStart
                0x080068e8                _Unwind_GetLanguageSpecificData
                0x080068fc                _Unwind_GetDataRelBase
                0x08006904                _Unwind_GetTextRelBase
 .text          0x0800690c        0x4 C:\Program Files\GNU Tools ARM Embedded\4.7 2013q1\arm-none-eabi\lib\armv7-m\libgcc.a(_dvmd_tls.o)
                0x0800690c                __aeabi_idiv0
                0x0800690c                __aeabi_ldiv0
 .text          0x08006910      0x2a0 C:\Program Files\GNU Tools ARM Embedded\4.7 2013q1\arm-none-eabi\lib\armv7-m\libgcc.a(_divdi3.o)
                0x08006910                __divdi3
 .text          0x08006bb0      0x290 C:\Program Files\GNU Tools ARM Embedded\4.7 2013q1\arm-none-eabi\lib\armv7-m\libgcc.a(_udivdi3.o)
                0x08006bb0                __udivdi3
 .text.malloc   0x08006e40       0x10 c:/program files/gnu tools arm embedded/4.8 2014q1/bin/../lib/gcc/arm-none-eabi/4.8.3/../../../../arm-none-eabi/lib/armv7-m\libc.a(lib_a-malloc.o)
                0x08006e40                malloc
 .text.free     0x08006e50       0x10 c:/program files/gnu tools arm embedded/4.8 2014q1/bin/../lib/gcc/arm-none-eabi/4.8.3/../../../../arm-none-eabi/lib/armv7-m\libc.a(lib_a-malloc.o)
                0x08006e50                free
 .text._malloc_r
                0x08006e60      0x538 c:/program files/gnu tools arm embedded/4.8 2014q1/bin/../lib/gcc/arm-none-eabi/4.8.3/../../../../arm-none-eabi/lib/armv7-m\libc.a(lib_a-mallocr.o)
                0x08006e60                _malloc_r
 .text.memcmp   0x08007398       0x68 c:/program files/gnu tools arm embedded/4.8 2014q1/bin/../lib/gcc/arm-none-eabi/4.8.3/../../../../arm-none-eabi/lib/armv7-m\libc.a(lib_a-memcmp.o)
                0x08007398                memcmp
 .text          0x08007400       0xec c:/program files/gnu tools arm embedded/4.8 2014q1/bin/../lib/gcc/arm-none-eabi/4.8.3/../../../../arm-none-eabi/lib/armv7-m\libc.a(lib_a-memcpy.o)
                0x08007400                memcpy
 .text.memmove  0x080074ec       0xcc c:/program files/gnu tools arm embedded/4.8 2014q1/bin/../lib/gcc/arm-none-eabi/4.8.3/../../../../arm-none-eabi/lib/armv7-m\libc.a(lib_a-memmove.o)
                0x080074ec                memmove
 .text.memset   0x080075b8       0x94 c:/program files/gnu tools arm embedded/4.8 2014q1/bin/../lib/gcc/arm-none-eabi/4.8.3/../../../../arm-none-eabi/lib/armv7-m\libc.a(lib_a-memset.o)
                0x080075b8                memset
 .text.__malloc_lock
                0x0800764c        0x4 c:/program files/gnu tools arm embedded/4.8 2014q1/bin/../lib/gcc/arm-none-eabi/4.8.3/../../../../arm-none-eabi/lib/armv7-m\libc.a(lib_a-mlock.o)
                0x0800764c                __malloc_lock
 .text.__malloc_unlock
                0x08007650        0x4 c:/program files/gnu tools arm embedded/4.8 2014q1/bin/../lib/gcc/arm-none-eabi/4.8.3/../../../../arm-none-eabi/lib/armv7-m\libc.a(lib_a-mlock.o)
                0x08007650                __malloc_unlock
 .text.realloc  0x08007654       0x10 c:/program files/gnu tools arm embedded/4.8 2014q1/bin/../lib/gcc/arm-none-eabi/4.8.3/../../../../arm-none-eabi/lib/armv7-m\libc.a(lib_a-realloc.o)
                0x08007654                realloc
 .text._realloc_r
                0x08007664      0x3c0 c:/program files/gnu tools arm embedded/4.8 2014q1/bin/../lib/gcc/arm-none-eabi/4.8.3/../../../../arm-none-eabi/lib/armv7-m\libc.a(lib_a-reallocr.o)
                0x08007664                _realloc_r
 .text._sbrk_r  0x08007a24       0x24 c:/program files/gnu tools arm embedded/4.8 2014q1/bin/../lib/gcc/arm-none-eabi/4.8.3/../../../../arm-none-eabi/lib/armv7-m\libc.a(lib_a-sbrkr.o)
                0x08007a24                _sbrk_r
 .text          0x08007a48      0x23c c:/program files/gnu tools arm embedded/4.8 2014q1/bin/../lib/gcc/arm-none-eabi/4.8.3/../../../../arm-none-eabi/lib/armv7-m\libc.a(lib_a-strcmp.o)
                0x08007a48                strcmp
 .text.strlen   0x08007c84       0x60 c:/program files/gnu tools arm embedded/4.8 2014q1/bin/../lib/gcc/arm-none-eabi/4.8.3/../../../../arm-none-eabi/lib/armv7-m\libc.a(lib_a-strlen.o)
                0x08007c84                strlen
 .text.strncmp  0x08007ce4       0xb4 c:/program files/gnu tools arm embedded/4.8 2014q1/bin/../lib/gcc/arm-none-eabi/4.8.3/../../../../arm-none-eabi/lib/armv7-m\libc.a(lib_a-strncmp.o)
                0x08007ce4                strncmp
 .text.startup.register_fini
                0x08007d98       0x14 c:/program files/gnu tools arm embedded/4.8 2014q1/bin/../lib/gcc/arm-none-eabi/4.8.3/../../../../arm-none-eabi/lib/armv7-m\libc.a(lib_a-__call_atexit.o)
 .text.atexit   0x08007dac        0xc c:/program files/gnu tools arm embedded/4.8 2014q1/bin/../lib/gcc/arm-none-eabi/4.8.3/../../../../arm-none-eabi/lib/armv7-m\libc.a(lib_a-atexit.o)
                0x08007dac                atexit
 .text.__libc_fini_array
                0x08007db8       0x30 c:/program files/gnu tools arm embedded/4.8 2014q1/bin/../lib/gcc/arm-none-eabi/4.8.3/../../../../arm-none-eabi/lib/armv7-m\libc.a(lib_a-fini.o)
                0x08007db8                __libc_fini_array
 .text._malloc_trim_r
                0x08007de8       0x9c c:/program files/gnu tools arm embedded/4.8 2014q1/bin/../lib/gcc/arm-none-eabi/4.8.3/../../../../arm-none-eabi/lib/armv7-m\libc.a(lib_a-freer.o)
                0x08007de8                _malloc_trim_r
 .text._free_r  0x08007e84      0x198 c:/program files/gnu tools arm embedded/4.8 2014q1/bin/../lib/gcc/arm-none-eabi/4.8.3/../../../../arm-none-eabi/lib/armv7-m\libc.a(lib_a-freer.o)
                0x08007e84                _free_r
 .text.memchr   0x0800801c       0x94 c:/program files/gnu tools arm embedded/4.8 2014q1/bin/../lib/gcc/arm-none-eabi/4.8.3/../../../../arm-none-eabi/lib/armv7-m\libc.a(lib_a-memchr-stub.o)
                0x0800801c                memchr
 .text.__register_exitproc
                0x080080b0       0xa8 c:/program files/gnu tools arm embedded/4.8 2014q1/bin/../lib/gcc/arm-none-eabi/4.8.3/../../../../arm-none-eabi/lib/armv7-m\libc.a(lib_a-__atexit.o)
                0x080080b0                __register_exitproc
 .text.__cxa_end_cleanup
                0x08008158        0xc c:/program files/gnu tools arm embedded/4.8 2014q1/bin/../lib/gcc/arm-none-eabi/4.8.3/../../../../arm-none-eabi/lib/armv7-m\libstdc++.a(eh_arm.o)
                0x08008158                __cxa_end_cleanup
 .text.__cxa_type_match
                0x08008164       0xac c:/program files/gnu tools arm embedded/4.8 2014q1/bin/../lib/gcc/arm-none-eabi/4.8.3/../../../../arm-none-eabi/lib/armv7-m\libstdc++.a(eh_arm.o)
                0x08008164                __cxa_type_match
 .text.__cxa_begin_cleanup
                0x08008210       0x64 c:/program files/gnu tools arm embedded/4.8 2014q1/bin/../lib/gcc/arm-none-eabi/4.8.3/../../../../arm-none-eabi/lib/armv7-m\libstdc++.a(eh_arm.o)
                0x08008210                __cxa_begin_cleanup
 .text.__gnu_end_cleanup
                0x08008274       0x70 c:/program files/gnu tools arm embedded/4.8 2014q1/bin/../lib/gcc/arm-none-eabi/4.8.3/../../../../arm-none-eabi/lib/armv7-m\libstdc++.a(eh_arm.o)
                0x08008274                __gnu_end_cleanup
 .text._ZNK10__cxxabiv117__class_type_info11__do_upcastEPKS0_PPv
                0x080082e4       0x38 c:/program files/gnu tools arm embedded/4.8 2014q1/bin/../lib/gcc/arm-none-eabi/4.8.3/../../../../arm-none-eabi/lib/armv7-m\libstdc++.a(class_type_info.o)
                0x080082e4                __cxxabiv1::__class_type_info::__do_upcast(__cxxabiv1::__class_type_info const*, void**) const
 .text._ZNK10__cxxabiv117__class_type_info20__do_find_public_srcEiPKvPKS0_S2_
                0x0800831c        0xc c:/program files/gnu tools arm embedded/4.8 2014q1/bin/../lib/gcc/arm-none-eabi/4.8.3/../../../../arm-none-eabi/lib/armv7-m\libstdc++.a(class_type_info.o)
                0x0800831c                __cxxabiv1::__class_type_info::__do_find_public_src(int, void const*, __cxxabiv1::__class_type_info const*, void const*) const
 .text._ZN10__cxxabiv117__class_type_infoD2Ev
                0x08008328       0x14 c:/program files/gnu tools arm embedded/4.8 2014q1/bin/../lib/gcc/arm-none-eabi/4.8.3/../../../../arm-none-eabi/lib/armv7-m\libstdc++.a(class_type_info.o)
                0x08008328                __cxxabiv1::__class_type_info::~__class_type_info()
                0x08008328                __cxxabiv1::__class_type_info::~__class_type_info()
 .text._ZN10__cxxabiv117__class_type_infoD0Ev
                0x0800833c       0x1c c:/program files/gnu tools arm embedded/4.8 2014q1/bin/../lib/gcc/arm-none-eabi/4.8.3/../../../../arm-none-eabi/lib/armv7-m\libstdc++.a(class_type_info.o)
                0x0800833c                __cxxabiv1::__class_type_info::~__class_type_info()
 .text._ZNK10__cxxabiv117__class_type_info11__do_upcastEPKS0_PKvRNS0_15__upcast_resultE
                0x08008358       0x18 c:/program files/gnu tools arm embedded/4.8 2014q1/bin/../lib/gcc/arm-none-eabi/4.8.3/../../../../arm-none-eabi/lib/armv7-m\libstdc++.a(class_type_info.o)
                0x08008358                __cxxabiv1::__class_type_info::__do_upcast(__cxxabiv1::__class_type_info const*, void const*, __cxxabiv1::__class_type_info::__upcast_result&) const
 .text._ZNK10__cxxabiv117__class_type_info10__do_catchEPKSt9type_infoPPvj
                0x08008370       0x24 c:/program files/gnu tools arm embedded/4.8 2014q1/bin/../lib/gcc/arm-none-eabi/4.8.3/../../../../arm-none-eabi/lib/armv7-m\libstdc++.a(class_type_info.o)
                0x08008370                __cxxabiv1::__class_type_info::__do_catch(std::type_info const*, void**, unsigned int) const
 .text._ZNK10__cxxabiv117__class_type_info12__do_dyncastEiNS0_10__sub_kindEPKS0_PKvS3_S5_RNS0_16__dyncast_resultE
                0x08008394       0x40 c:/program files/gnu tools arm embedded/4.8 2014q1/bin/../lib/gcc/arm-none-eabi/4.8.3/../../../../arm-none-eabi/lib/armv7-m\libstdc++.a(class_type_info.o)
                0x08008394                __cxxabiv1::__class_type_info::__do_dyncast(int, __cxxabiv1::__class_type_info::__sub_kind, __cxxabiv1::__class_type_info const*, void const*, __cxxabiv1::__class_type_info const*, void const*, __cxxabiv1::__class_type_info::__dyncast_result&) const
 .text._ZN10__cxxabiv120__si_class_type_infoD2Ev
                0x080083d4       0x14 c:/program files/gnu tools arm embedded/4.8 2014q1/bin/../lib/gcc/arm-none-eabi/4.8.3/../../../../arm-none-eabi/lib/armv7-m\libstdc++.a(si_class_type_info.o)
                0x080083d4                __cxxabiv1::__si_class_type_info::~__si_class_type_info()
                0x080083d4                __cxxabiv1::__si_class_type_info::~__si_class_type_info()
 .text._ZN10__cxxabiv120__si_class_type_infoD0Ev
                0x080083e8       0x1c c:/program files/gnu tools arm embedded/4.8 2014q1/bin/../lib/gcc/arm-none-eabi/4.8.3/../../../../arm-none-eabi/lib/armv7-m\libstdc++.a(si_class_type_info.o)
                0x080083e8                __cxxabiv1::__si_class_type_info::~__si_class_type_info()
 .text._ZNK10__cxxabiv120__si_class_type_info20__do_find_public_srcEiPKvPKNS_17__class_type_infoES2_
                0x08008404       0x34 c:/program files/gnu tools arm embedded/4.8 2014q1/bin/../lib/gcc/arm-none-eabi/4.8.3/../../../../arm-none-eabi/lib/armv7-m\libstdc++.a(si_class_type_info.o)
                0x08008404                __cxxabiv1::__si_class_type_info::__do_find_public_src(int, void const*, __cxxabiv1::__class_type_info const*, void const*) const
 .text._ZNK10__cxxabiv120__si_class_type_info12__do_dyncastEiNS_17__class_type_info10__sub_kindEPKS1_PKvS4_S6_RNS1_16__dyncast_resultE
                0x08008438       0x98 c:/program files/gnu tools arm embedded/4.8 2014q1/bin/../lib/gcc/arm-none-eabi/4.8.3/../../../../arm-none-eabi/lib/armv7-m\libstdc++.a(si_class_type_info.o)
                0x08008438                __cxxabiv1::__si_class_type_info::__do_dyncast(int, __cxxabiv1::__class_type_info::__sub_kind, __cxxabiv1::__class_type_info const*, void const*, __cxxabiv1::__class_type_info const*, void const*, __cxxabiv1::__class_type_info::__dyncast_result&) const
 .text._ZNK10__cxxabiv120__si_class_type_info11__do_upcastEPKNS_17__class_type_infoEPKvRNS1_15__upcast_resultE
                0x080084d0       0x20 c:/program files/gnu tools arm embedded/4.8 2014q1/bin/../lib/gcc/arm-none-eabi/4.8.3/../../../../arm-none-eabi/lib/armv7-m\libstdc++.a(si_class_type_info.o)
                0x080084d0                __cxxabiv1::__si_class_type_info::__do_upcast(__cxxabiv1::__class_type_info const*, void const*, __cxxabiv1::__class_type_info::__upcast_result&) const
 .text._ZL12read_sleb128PKhPl
                0x080084f0       0x34 c:/program files/gnu tools arm embedded/4.8 2014q1/bin/../lib/gcc/arm-none-eabi/4.8.3/../../../../arm-none-eabi/lib/armv7-m\libstdc++.a(eh_personality.o)
 .text._ZL28read_encoded_value_with_basehjPKhPj
                0x08008524       0xb0 c:/program files/gnu tools arm embedded/4.8 2014q1/bin/../lib/gcc/arm-none-eabi/4.8.3/../../../../arm-none-eabi/lib/armv7-m\libstdc++.a(eh_personality.o)
 .text._ZL21base_of_encoded_valuehP15_Unwind_Context
                0x080085d4       0x4c c:/program files/gnu tools arm embedded/4.8 2014q1/bin/../lib/gcc/arm-none-eabi/4.8.3/../../../../arm-none-eabi/lib/armv7-m\libstdc++.a(eh_personality.o)
 .text._ZL17parse_lsda_headerP15_Unwind_ContextPKhP16lsda_header_info
                0x08008620       0x94 c:/program files/gnu tools arm embedded/4.8 2014q1/bin/../lib/gcc/arm-none-eabi/4.8.3/../../../../arm-none-eabi/lib/armv7-m\libstdc++.a(eh_personality.o)
 .text.__gxx_personality_v0
                0x080086b4      0x40c c:/program files/gnu tools arm embedded/4.8 2014q1/bin/../lib/gcc/arm-none-eabi/4.8.3/../../../../arm-none-eabi/lib/armv7-m\libstdc++.a(eh_personality.o)
                0x080086b4                __gxx_personality_v0
 .text._ZN10__cxxabiv111__terminateEPFvvE
                0x08008ac0       0x28 c:/program files/gnu tools arm embedded/4.8 2014q1/bin/../lib/gcc/arm-none-eabi/4.8.3/../../../../arm-none-eabi/lib/armv7-m\libstdc++.a(eh_terminate.o)
                0x08008ac0                __cxxabiv1::__terminate(void (*)())
 .text._ZSt9terminatev
                0x08008ae8       0x10 c:/program files/gnu tools arm embedded/4.8 2014q1/bin/../lib/gcc/arm-none-eabi/4.8.3/../../../../arm-none-eabi/lib/armv7-m\libstdc++.a(eh_terminate.o)
                0x08008ae8                std::terminate()
 .text._ZN10__cxxabiv112__unexpectedEPFvvE
                0x08008af8        0x8 c:/program files/gnu tools arm embedded/4.8 2014q1/bin/../lib/gcc/arm-none-eabi/4.8.3/../../../../arm-none-eabi/lib/armv7-m\libstdc++.a(eh_terminate.o)
                0x08008af8                __cxxabiv1::__unexpected(void (*)())
 .text._ZSt10unexpectedv
                0x08008b00       0x10 c:/program files/gnu tools arm embedded/4.8 2014q1/bin/../lib/gcc/arm-none-eabi/4.8.3/../../../../arm-none-eabi/lib/armv7-m\libstdc++.a(eh_terminate.o)
                0x08008b00                std::unexpected()
 .text.__cxa_get_globals_fast
                0x08008b10        0x8 c:/program files/gnu tools arm embedded/4.8 2014q1/bin/../lib/gcc/arm-none-eabi/4.8.3/../../../../arm-none-eabi/lib/armv7-m\libstdc++.a(eh_globals.o)
                0x08008b10                __cxa_get_globals_fast
 .text.__cxa_get_globals
                0x08008b18        0x8 c:/program files/gnu tools arm embedded/4.8 2014q1/bin/../lib/gcc/arm-none-eabi/4.8.3/../../../../arm-none-eabi/lib/armv7-m\libstdc++.a(eh_globals.o)
                0x08008b18                __cxa_get_globals
 .text.__cxa_begin_catch
                0x08008b20       0x8c c:/program files/gnu tools arm embedded/4.8 2014q1/bin/../lib/gcc/arm-none-eabi/4.8.3/../../../../arm-none-eabi/lib/armv7-m\libstdc++.a(eh_catch.o)
                0x08008b20                __cxa_begin_catch
 .text.__cxa_end_catch
                0x08008bac       0x8c c:/program files/gnu tools arm embedded/4.8 2014q1/bin/../lib/gcc/arm-none-eabi/4.8.3/../../../../arm-none-eabi/lib/armv7-m\libstdc++.a(eh_catch.o)
                0x08008bac                __cxa_end_catch
 .text._ZNSt9type_infoD2Ev
                0x08008c38        0xc c:/program files/gnu tools arm embedded/4.8 2014q1/bin/../lib/gcc/arm-none-eabi/4.8.3/../../../../arm-none-eabi/lib/armv7-m\libstdc++.a(tinfo.o)
                0x08008c38                std::type_info::~type_info()
                0x08008c38                std::type_info::~type_info()
 .text._ZNKSt9type_info14__is_pointer_pEv
                0x08008c44        0x4 c:/program files/gnu tools arm embedded/4.8 2014q1/bin/../lib/gcc/arm-none-eabi/4.8.3/../../../../arm-none-eabi/lib/armv7-m\libstdc++.a(tinfo.o)
                0x08008c44                std::type_info::__is_pointer_p() const
 .text._ZNKSt9type_info15__is_function_pEv
                0x08008c48        0x4 c:/program files/gnu tools arm embedded/4.8 2014q1/bin/../lib/gcc/arm-none-eabi/4.8.3/../../../../arm-none-eabi/lib/armv7-m\libstdc++.a(tinfo.o)
                0x08008c48                std::type_info::__is_function_p() const
 .text._ZNKSt9type_info11__do_upcastEPKN10__cxxabiv117__class_type_infoEPPv
                0x08008c4c        0x4 c:/program files/gnu tools arm embedded/4.8 2014q1/bin/../lib/gcc/arm-none-eabi/4.8.3/../../../../arm-none-eabi/lib/armv7-m\libstdc++.a(tinfo.o)
                0x08008c4c                std::type_info::__do_upcast(__cxxabiv1::__class_type_info const*, void**) const
 .text._ZNSt9type_infoD0Ev
                0x08008c50       0x14 c:/program files/gnu tools arm embedded/4.8 2014q1/bin/../lib/gcc/arm-none-eabi/4.8.3/../../../../arm-none-eabi/lib/armv7-m\libstdc++.a(tinfo.o)
                0x08008c50                std::type_info::~type_info()
 .text._ZNKSt9type_infoeqERKS_
                0x08008c64       0x30 c:/program files/gnu tools arm embedded/4.8 2014q1/bin/../lib/gcc/arm-none-eabi/4.8.3/../../../../arm-none-eabi/lib/armv7-m\libstdc++.a(tinfo.o)
                0x08008c64                std::type_info::operator==(std::type_info const&) const
 .text._ZNKSt9type_info10__do_catchEPKS_PPvj
                0x08008c94        0x4 c:/program files/gnu tools arm embedded/4.8 2014q1/bin/../lib/gcc/arm-none-eabi/4.8.3/../../../../arm-none-eabi/lib/armv7-m\libstdc++.a(tinfo.o)
                0x08008c94                std::type_info::__do_catch(std::type_info const*, void**, unsigned int) const
 .text._ZNSt9exceptionD2Ev
                0x08008c98        0xc c:/program files/gnu tools arm embedded/4.8 2014q1/bin/../lib/gcc/arm-none-eabi/4.8.3/../../../../arm-none-eabi/lib/armv7-m\libstdc++.a(eh_exception.o)
                0x08008c98                std::exception::~exception()
                0x08008c98                std::exception::~exception()
 .text._ZNSt13bad_exceptionD2Ev
                0x08008ca4        0xc c:/program files/gnu tools arm embedded/4.8 2014q1/bin/../lib/gcc/arm-none-eabi/4.8.3/../../../../arm-none-eabi/lib/armv7-m\libstdc++.a(eh_exception.o)
                0x08008ca4                std::bad_exception::~bad_exception()
                0x08008ca4                std::bad_exception::~bad_exception()
 .text._ZNKSt9exception4whatEv
                0x08008cb0        0x8 c:/program files/gnu tools arm embedded/4.8 2014q1/bin/../lib/gcc/arm-none-eabi/4.8.3/../../../../arm-none-eabi/lib/armv7-m\libstdc++.a(eh_exception.o)
                0x08008cb0                std::exception::what() const
 .text._ZNKSt13bad_exception4whatEv
                0x08008cb8        0x8 c:/program files/gnu tools arm embedded/4.8 2014q1/bin/../lib/gcc/arm-none-eabi/4.8.3/../../../../arm-none-eabi/lib/armv7-m\libstdc++.a(eh_exception.o)
                0x08008cb8                std::bad_exception::what() const
 .text._ZNSt9exceptionD0Ev
                0x08008cc0       0x14 c:/program files/gnu tools arm embedded/4.8 2014q1/bin/../lib/gcc/arm-none-eabi/4.8.3/../../../../arm-none-eabi/lib/armv7-m\libstdc++.a(eh_exception.o)
                0x08008cc0                std::exception::~exception()
 .text._ZNSt13bad_exceptionD0Ev
                0x08008cd4       0x14 c:/program files/gnu tools arm embedded/4.8 2014q1/bin/../lib/gcc/arm-none-eabi/4.8.3/../../../../arm-none-eabi/lib/armv7-m\libstdc++.a(eh_exception.o)
                0x08008cd4                std::bad_exception::~bad_exception()
 .text._ZN10__cxxabiv1L24__is_gxx_exception_classEPc
                0x08008ce8       0x3c c:/program files/gnu tools arm embedded/4.8 2014q1/bin/../lib/gcc/arm-none-eabi/4.8.3/../../../../arm-none-eabi/lib/armv7-m\libstdc++.a(eh_call.o)
 .text.__cxa_call_terminate
                0x08008d24       0x20 c:/program files/gnu tools arm embedded/4.8 2014q1/bin/../lib/gcc/arm-none-eabi/4.8.3/../../../../arm-none-eabi/lib/armv7-m\libstdc++.a(eh_call.o)
                0x08008d24                __cxa_call_terminate
 .text.__cxa_call_unexpected
                0x08008d44       0xd8 c:/program files/gnu tools arm embedded/4.8 2014q1/bin/../lib/gcc/arm-none-eabi/4.8.3/../../../../arm-none-eabi/lib/armv7-m\libstdc++.a(eh_call.o)
                0x08008d44                __cxa_call_unexpected
 .text._ZN9__gnu_cxx27__verbose_terminate_handlerEv
                0x08008e1c      0x114 c:/program files/gnu tools arm embedded/4.8 2014q1/bin/../lib/gcc/arm-none-eabi/4.8.3/../../../../arm-none-eabi/lib/armv7-m\libstdc++.a(vterminate.o)
                0x08008e1c                __gnu_cxx::__verbose_terminate_handler()
 .text._ZL23__gxx_exception_cleanup19_Unwind_Reason_CodeP21_Unwind_Control_Block
                0x08008f30       0x44 c:/program files/gnu tools arm embedded/4.8 2014q1/bin/../lib/gcc/arm-none-eabi/4.8.3/../../../../arm-none-eabi/lib/armv7-m\libstdc++.a(eh_throw.o)
 .text.__cxa_throw
                0x08008f74       0x90 c:/program files/gnu tools arm embedded/4.8 2014q1/bin/../lib/gcc/arm-none-eabi/4.8.3/../../../../arm-none-eabi/lib/armv7-m\libstdc++.a(eh_throw.o)
                0x08008f74                __cxa_throw
 .text.__cxa_rethrow
                0x08009004       0x70 c:/program files/gnu tools arm embedded/4.8 2014q1/bin/../lib/gcc/arm-none-eabi/4.8.3/../../../../arm-none-eabi/lib/armv7-m\libstdc++.a(eh_throw.o)
                0x08009004                __cxa_rethrow
 .text.__cxa_current_exception_type
                0x08009074       0x1c c:/program files/gnu tools arm embedded/4.8 2014q1/bin/../lib/gcc/arm-none-eabi/4.8.3/../../../../arm-none-eabi/lib/armv7-m\libstdc++.a(eh_type.o)
                0x08009074                __cxa_current_exception_type
 .text.__cxa_allocate_exception
                0x08009090       0x58 c:/program files/gnu tools arm embedded/4.8 2014q1/bin/../lib/gcc/arm-none-eabi/4.8.3/../../../../arm-none-eabi/lib/armv7-m\libstdc++.a(eh_alloc.o)
                0x08009090                __cxa_allocate_exception
 .text.__cxa_free_exception
                0x080090e8       0x34 c:/program files/gnu tools arm embedded/4.8 2014q1/bin/../lib/gcc/arm-none-eabi/4.8.3/../../../../arm-none-eabi/lib/armv7-m\libstdc++.a(eh_alloc.o)
                0x080090e8                __cxa_free_exception
 .text          0x0800911c     0x57a0 c:/program files/gnu tools arm embedded/4.8 2014q1/bin/../lib/gcc/arm-none-eabi/4.8.3/../../../../arm-none-eabi/lib/armv7-m\libstdc++.a(cp-demangle.o)
                0x0800e7dc                __cxa_demangle
                0x0800e8a0                __gcclibcxx_demangle_callback
 .text.fputc    0x0800e8bc       0x28 c:/program files/gnu tools arm embedded/4.8 2014q1/bin/../lib/gcc/arm-none-eabi/4.8.3/../../../../arm-none-eabi/lib/armv7-m\libg.a(lib_a-fputc.o)
                0x0800e8bc                fputc
 .text._fputs_r
                0x0800e8e4       0x4c c:/program files/gnu tools arm embedded/4.8 2014q1/bin/../lib/gcc/arm-none-eabi/4.8.3/../../../../arm-none-eabi/lib/armv7-m\libg.a(lib_a-fputs.o)
                0x0800e8e4                _fputs_r
 .text.fputs    0x0800e930       0x10 c:/program files/gnu tools arm embedded/4.8 2014q1/bin/../lib/gcc/arm-none-eabi/4.8.3/../../../../arm-none-eabi/lib/armv7-m\libg.a(lib_a-fputs.o)
                0x0800e930                fputs
 .text.__sfvwrite_r
                0x0800e940      0x314 c:/program files/gnu tools arm embedded/4.8 2014q1/bin/../lib/gcc/arm-none-eabi/4.8.3/../../../../arm-none-eabi/lib/armv7-m\libg.a(lib_a-fvwrite.o)
                0x0800e940                __sfvwrite_r
 .text._fwrite_r
                0x0800ec54       0x64 c:/program files/gnu tools arm embedded/4.8 2014q1/bin/../lib/gcc/arm-none-eabi/4.8.3/../../../../arm-none-eabi/lib/armv7-m\libg.a(lib_a-fwrite.o)
                0x0800ec54                _fwrite_r
 .text.fwrite   0x0800ecb8       0x24 c:/program files/gnu tools arm embedded/4.8 2014q1/bin/../lib/gcc/arm-none-eabi/4.8.3/../../../../arm-none-eabi/lib/armv7-m\libg.a(lib_a-fwrite.o)
                0x0800ecb8                fwrite
 .text._putc_r  0x0800ecdc       0x58 c:/program files/gnu tools arm embedded/4.8 2014q1/bin/../lib/gcc/arm-none-eabi/4.8.3/../../../../arm-none-eabi/lib/armv7-m\libg.a(lib_a-putc.o)
                0x0800ecdc                _putc_r
 .text.sprintf  0x0800ed34       0x4c c:/program files/gnu tools arm embedded/4.8 2014q1/bin/../lib/gcc/arm-none-eabi/4.8.3/../../../../arm-none-eabi/lib/armv7-m\libg.a(lib_a-sprintf.o)
                0x0800ed34                sprintf
 .text._svfprintf_r
                0x0800ed80     0x14e0 c:/program files/gnu tools arm embedded/4.8 2014q1/bin/../lib/gcc/arm-none-eabi/4.8.3/../../../../arm-none-eabi/lib/armv7-m\libg.a(lib_a-svfprintf.o)
                0x0800ed80                _svfprintf_r
 .text.__swbuf_r
                0x08010260       0xa8 c:/program files/gnu tools arm embedded/4.8 2014q1/bin/../lib/gcc/arm-none-eabi/4.8.3/../../../../arm-none-eabi/lib/armv7-m\libg.a(lib_a-wbuf.o)
                0x08010260                __swbuf_r
 .text.__swsetup_r
                0x08010308       0xc4 c:/program files/gnu tools arm embedded/4.8 2014q1/bin/../lib/gcc/arm-none-eabi/4.8.3/../../../../arm-none-eabi/lib/armv7-m\libg.a(lib_a-wsetup.o)
                0x08010308                __swsetup_r
 .text.quorem   0x080103cc      0x134 c:/program files/gnu tools arm embedded/4.8 2014q1/bin/../lib/gcc/arm-none-eabi/4.8.3/../../../../arm-none-eabi/lib/armv7-m\libg.a(lib_a-dtoa.o)
 .text._dtoa_r  0x08010500      0xe38 c:/program files/gnu tools arm embedded/4.8 2014q1/bin/../lib/gcc/arm-none-eabi/4.8.3/../../../../arm-none-eabi/lib/armv7-m\libg.a(lib_a-dtoa.o)
                0x08010500                _dtoa_r
 .text.__sflush_r
                0x08011338      0x148 c:/program files/gnu tools arm embedded/4.8 2014q1/bin/../lib/gcc/arm-none-eabi/4.8.3/../../../../arm-none-eabi/lib/armv7-m\libg.a(lib_a-fflush.o)
                0x08011338                __sflush_r
 .text._fflush_r
                0x08011480       0x2c c:/program files/gnu tools arm embedded/4.8 2014q1/bin/../lib/gcc/arm-none-eabi/4.8.3/../../../../arm-none-eabi/lib/armv7-m\libg.a(lib_a-fflush.o)
                0x08011480                _fflush_r
 .text._cleanup_r
                0x080114ac        0xc c:/program files/gnu tools arm embedded/4.8 2014q1/bin/../lib/gcc/arm-none-eabi/4.8.3/../../../../arm-none-eabi/lib/armv7-m\libg.a(lib_a-findfp.o)
                0x080114ac                _cleanup_r
 .text.__sinit  0x080114b8       0xf4 c:/program files/gnu tools arm embedded/4.8 2014q1/bin/../lib/gcc/arm-none-eabi/4.8.3/../../../../arm-none-eabi/lib/armv7-m\libg.a(lib_a-findfp.o)
                0x080114b8                __sinit
 .text.__sfp_lock_acquire
                0x080115ac        0x4 c:/program files/gnu tools arm embedded/4.8 2014q1/bin/../lib/gcc/arm-none-eabi/4.8.3/../../../../arm-none-eabi/lib/armv7-m\libg.a(lib_a-findfp.o)
                0x080115ac                __sfp_lock_acquire
 .text.__sfp_lock_release
                0x080115b0        0x4 c:/program files/gnu tools arm embedded/4.8 2014q1/bin/../lib/gcc/arm-none-eabi/4.8.3/../../../../arm-none-eabi/lib/armv7-m\libg.a(lib_a-findfp.o)
                0x080115b0                __sfp_lock_release
 .text._fwalk   0x080115b4       0x48 c:/program files/gnu tools arm embedded/4.8 2014q1/bin/../lib/gcc/arm-none-eabi/4.8.3/../../../../arm-none-eabi/lib/armv7-m\libg.a(lib_a-fwalk.o)
                0x080115b4                _fwalk
 .text._localeconv_r
                0x080115fc        0x8 c:/program files/gnu tools arm embedded/4.8 2014q1/bin/../lib/gcc/arm-none-eabi/4.8.3/../../../../arm-none-eabi/lib/armv7-m\libg.a(lib_a-locale.o)
                0x080115fc                _localeconv_r
 .text.__smakebuf_r
                0x08011604       0xe0 c:/program files/gnu tools arm embedded/4.8 2014q1/bin/../lib/gcc/arm-none-eabi/4.8.3/../../../../arm-none-eabi/lib/armv7-m\libg.a(lib_a-makebuf.o)
                0x08011604                __smakebuf_r
 .text._Balloc  0x080116e4       0x4c c:/program files/gnu tools arm embedded/4.8 2014q1/bin/../lib/gcc/arm-none-eabi/4.8.3/../../../../arm-none-eabi/lib/armv7-m\libg.a(lib_a-mprec.o)
                0x080116e4                _Balloc
 .text._Bfree   0x08011730       0x14 c:/program files/gnu tools arm embedded/4.8 2014q1/bin/../lib/gcc/arm-none-eabi/4.8.3/../../../../arm-none-eabi/lib/armv7-m\libg.a(lib_a-mprec.o)
                0x08011730                _Bfree
 .text.__multadd
                0x08011744       0x94 c:/program files/gnu tools arm embedded/4.8 2014q1/bin/../lib/gcc/arm-none-eabi/4.8.3/../../../../arm-none-eabi/lib/armv7-m\libg.a(lib_a-mprec.o)
                0x08011744                __multadd
 .text.__hi0bits
                0x080117d8       0x40 c:/program files/gnu tools arm embedded/4.8 2014q1/bin/../lib/gcc/arm-none-eabi/4.8.3/../../../../arm-none-eabi/lib/armv7-m\libg.a(lib_a-mprec.o)
                0x080117d8                __hi0bits
 .text.__lo0bits
                0x08011818       0x5c c:/program files/gnu tools arm embedded/4.8 2014q1/bin/../lib/gcc/arm-none-eabi/4.8.3/../../../../arm-none-eabi/lib/armv7-m\libg.a(lib_a-mprec.o)
                0x08011818                __lo0bits
 .text.__i2b    0x08011874       0x14 c:/program files/gnu tools arm embedded/4.8 2014q1/bin/../lib/gcc/arm-none-eabi/4.8.3/../../../../arm-none-eabi/lib/armv7-m\libg.a(lib_a-mprec.o)
                0x08011874                __i2b
 .text.__multiply
                0x08011888      0x13c c:/program files/gnu tools arm embedded/4.8 2014q1/bin/../lib/gcc/arm-none-eabi/4.8.3/../../../../arm-none-eabi/lib/armv7-m\libg.a(lib_a-mprec.o)
                0x08011888                __multiply
 .text.__pow5mult
                0x080119c4       0x9c c:/program files/gnu tools arm embedded/4.8 2014q1/bin/../lib/gcc/arm-none-eabi/4.8.3/../../../../arm-none-eabi/lib/armv7-m\libg.a(lib_a-mprec.o)
                0x080119c4                __pow5mult
 .text.__lshift
                0x08011a60       0xbc c:/program files/gnu tools arm embedded/4.8 2014q1/bin/../lib/gcc/arm-none-eabi/4.8.3/../../../../arm-none-eabi/lib/armv7-m\libg.a(lib_a-mprec.o)
                0x08011a60                __lshift
 .text.__mcmp   0x08011b1c       0x48 c:/program files/gnu tools arm embedded/4.8 2014q1/bin/../lib/gcc/arm-none-eabi/4.8.3/../../../../arm-none-eabi/lib/armv7-m\libg.a(lib_a-mprec.o)
                0x08011b1c                __mcmp
 .text.__mdiff  0x08011b64       0xd8 c:/program files/gnu tools arm embedded/4.8 2014q1/bin/../lib/gcc/arm-none-eabi/4.8.3/../../../../arm-none-eabi/lib/armv7-m\libg.a(lib_a-mprec.o)
                0x08011b64                __mdiff
 .text.__d2b    0x08011c3c       0xbc c:/program files/gnu tools arm embedded/4.8 2014q1/bin/../lib/gcc/arm-none-eabi/4.8.3/../../../../arm-none-eabi/lib/armv7-m\libg.a(lib_a-mprec.o)
                0x08011c3c                __d2b
 .text.__sread  0x08011cf8       0x24 c:/program files/gnu tools arm embedded/4.8 2014q1/bin/../lib/gcc/arm-none-eabi/4.8.3/../../../../arm-none-eabi/lib/armv7-m\libg.a(lib_a-stdio.o)
                0x08011cf8                __sread
 .text.__swrite
                0x08011d1c       0x38 c:/program files/gnu tools arm embedded/4.8 2014q1/bin/../lib/gcc/arm-none-eabi/4.8.3/../../../../arm-none-eabi/lib/armv7-m\libg.a(lib_a-stdio.o)
                0x08011d1c                __swrite
 .text.__sseek  0x08011d54       0x20 c:/program files/gnu tools arm embedded/4.8 2014q1/bin/../lib/gcc/arm-none-eabi/4.8.3/../../../../arm-none-eabi/lib/armv7-m\libg.a(lib_a-stdio.o)
                0x08011d54                __sseek
 .text.__sclose
                0x08011d74        0x8 c:/program files/gnu tools arm embedded/4.8 2014q1/bin/../lib/gcc/arm-none-eabi/4.8.3/../../../../arm-none-eabi/lib/armv7-m\libg.a(lib_a-stdio.o)
                0x08011d74                __sclose
 .text.__ssprint_r
                0x08011d7c      0x100 c:/program files/gnu tools arm embedded/4.8 2014q1/bin/../lib/gcc/arm-none-eabi/4.8.3/../../../../arm-none-eabi/lib/armv7-m\libg.a(lib_a-svfiprintf.o)
                0x08011d7c                __ssprint_r
 .text._write_r
                0x08011e7c       0x28 c:/program files/gnu tools arm embedded/4.8 2014q1/bin/../lib/gcc/arm-none-eabi/4.8.3/../../../../arm-none-eabi/lib/armv7-m\libg.a(lib_a-writer.o)
                0x08011e7c                _write_r
 .text._calloc_r
                0x08011ea4       0x60 c:/program files/gnu tools arm embedded/4.8 2014q1/bin/../lib/gcc/arm-none-eabi/4.8.3/../../../../arm-none-eabi/lib/armv7-m\libg.a(lib_a-callocr.o)
                0x08011ea4                _calloc_r
 .text._close_r
                0x08011f04       0x24 c:/program files/gnu tools arm embedded/4.8 2014q1/bin/../lib/gcc/arm-none-eabi/4.8.3/../../../../arm-none-eabi/lib/armv7-m\libg.a(lib_a-closer.o)
                0x08011f04                _close_r
 .text._fclose_r
                0x08011f28       0x80 c:/program files/gnu tools arm embedded/4.8 2014q1/bin/../lib/gcc/arm-none-eabi/4.8.3/../../../../arm-none-eabi/lib/armv7-m\libg.a(lib_a-fclose.o)
                0x08011f28                _fclose_r
 .text.fclose   0x08011fa8       0x10 c:/program files/gnu tools arm embedded/4.8 2014q1/bin/../lib/gcc/arm-none-eabi/4.8.3/../../../../arm-none-eabi/lib/armv7-m\libg.a(lib_a-fclose.o)
                0x08011fa8                fclose
 .text._fstat_r
                0x08011fb8       0x28 c:/program files/gnu tools arm embedded/4.8 2014q1/bin/../lib/gcc/arm-none-eabi/4.8.3/../../../../arm-none-eabi/lib/armv7-m\libg.a(lib_a-fstatr.o)
                0x08011fb8                _fstat_r
 .text._isatty_r
                0x08011fe0       0x24 c:/program files/gnu tools arm embedded/4.8 2014q1/bin/../lib/gcc/arm-none-eabi/4.8.3/../../../../arm-none-eabi/lib/armv7-m\libg.a(lib_a-isattyr.o)
                0x08011fe0                _isatty_r
 .text._lseek_r
                0x08012004       0x28 c:/program files/gnu tools arm embedded/4.8 2014q1/bin/../lib/gcc/arm-none-eabi/4.8.3/../../../../arm-none-eabi/lib/armv7-m\libg.a(lib_a-lseekr.o)
                0x08012004                _lseek_r
 .text._read_r  0x0801202c       0x28 c:/program files/gnu tools arm embedded/4.8 2014q1/bin/../lib/gcc/arm-none-eabi/4.8.3/../../../../arm-none-eabi/lib/armv7-m\libg.a(lib_a-readr.o)
                0x0801202c                _read_r
 *(.init)
 .init          0x08012054        0x4 c:/program files/gnu tools arm embedded/4.8 2014q1/bin/../lib/gcc/arm-none-eabi/4.8.3/armv7-m/crti.o
                0x08012054                _init
 .init          0x08012058        0x8 c:/program files/gnu tools arm embedded/4.8 2014q1/bin/../lib/gcc/arm-none-eabi/4.8.3/armv7-m/crtn.o
 *(.fini)
 .fini          0x08012060        0x4 c:/program files/gnu tools arm embedded/4.8 2014q1/bin/../lib/gcc/arm-none-eabi/4.8.3/armv7-m/crti.o
                0x08012060                _fini
 .fini          0x08012064        0x8 c:/program files/gnu tools arm embedded/4.8 2014q1/bin/../lib/gcc/arm-none-eabi/4.8.3/armv7-m/crtn.o
 *crtbegin.o(.ctors)
 *crtbegin?.o(.ctors)
 *(EXCLUDE_FILE(*crtend.o *crtend?.o) .ctors)
 *(SORT(.ctors.*))
 *(.ctors)
 *crtbegin.o(.dtors)
 *crtbegin?.o(.dtors)
 *(EXCLUDE_FILE(*crtend.o *crtend?.o) .dtors)
 *(SORT(.dtors.*))
 *(.dtors)
 *(.rodata*)
 .rodata._ZTI6Stream
                0x0801206c        0xc ..\obj\Wire.o
                0x0801206c                typeinfo for Stream
 .rodata._ZTS6Stream
                0x08012078        0x8 ..\obj\Wire.o
                0x08012078                typeinfo name for Stream
 .rodata        0x08012080       0x40 ..\obj\Wire.o
                0x08012080                vtable for WireClass
                0x080120a8                typeinfo name for WireClass
                0x080120b4                typeinfo for WireClass
 .rodata        0x080120c0       0x7c ..\obj\xcore.o
 .rodata        0x0801213c        0x8 ..\obj\Adafruit_MotorShield.o
 .rodata        0x08012144        0x8 ..\obj\xgpio.o
 .rodata._ZTI9Printable
                0x0801214c        0x8 ..\obj\IPAddress.o
                0x0801214c                typeinfo for Printable
 .rodata._ZTS9Printable
                0x08012154        0xc ..\obj\IPAddress.o
                0x08012154                typeinfo name for Printable
 .rodata        0x08012160       0x28 ..\obj\IPAddress.o
                0x08012160                vtable for IPAddress
                0x0801216c                typeinfo name for IPAddress
                0x08012178                typeinfo for IPAddress
 .rodata        0x08012188      0x1f0 ..\obj\xsysctl.o
 .rodata        0x08012378       0x48 ..\obj\HardwareSerial.o
                0x08012378                vtable for HardwareSerial
                0x0801239c                typeinfo name for HardwareSerial
                0x080123b0                typeinfo for HardwareSerial
 .rodata        0x080123c0       0x28 ..\obj\Print.o
                0x080123c0                typeinfo name for Print
                0x080123c8                typeinfo for Print
                0x080123d0                vtable for Print
 .rodata.str1.4
                0x080123e8       0x47 ..\obj\Interface.o
                                 0x48 (size before relaxing)
 *fill*         0x0801242f        0x1 
 .rodata.atanlo
                0x08012430       0x20 c:/program files/gnu tools arm embedded/4.8 2014q1/bin/../lib/gcc/arm-none-eabi/4.8.3/../../../../arm-none-eabi/lib/armv7-m\libm.a(lib_a-s_atan.o)
 .rodata.atanhi
                0x08012450       0x20 c:/program files/gnu tools arm embedded/4.8 2014q1/bin/../lib/gcc/arm-none-eabi/4.8.3/../../../../arm-none-eabi/lib/armv7-m\libm.a(lib_a-s_atan.o)
 .rodata.str1.4
                0x08012470        0x2 c:/program files/gnu tools arm embedded/4.8 2014q1/bin/../lib/gcc/arm-none-eabi/4.8.3/../../../../arm-none-eabi/lib/armv7-m\libc.a(lib_a-impure.o)
                                  0x4 (size before relaxing)
 *fill*         0x08012472        0x2 
 .rodata._global_impure_ptr
                0x08012474        0x4 c:/program files/gnu tools arm embedded/4.8 2014q1/bin/../lib/gcc/arm-none-eabi/4.8.3/../../../../arm-none-eabi/lib/armv7-m\libc.a(lib_a-impure.o)
                0x08012474                _global_impure_ptr
 .rodata._ZTVN10__cxxabiv117__class_type_infoE
                0x08012478       0x30 c:/program files/gnu tools arm embedded/4.8 2014q1/bin/../lib/gcc/arm-none-eabi/4.8.3/../../../../arm-none-eabi/lib/armv7-m\libstdc++.a(class_type_info.o)
                0x08012478                vtable for __cxxabiv1::__class_type_info
 .rodata._ZTIN10__cxxabiv117__class_type_infoE
                0x080124a8        0xc c:/program files/gnu tools arm embedded/4.8 2014q1/bin/../lib/gcc/arm-none-eabi/4.8.3/../../../../arm-none-eabi/lib/armv7-m\libstdc++.a(class_type_info.o)
                0x080124a8                typeinfo for __cxxabiv1::__class_type_info
 .rodata._ZTSN10__cxxabiv117__class_type_infoE
                0x080124b4       0x24 c:/program files/gnu tools arm embedded/4.8 2014q1/bin/../lib/gcc/arm-none-eabi/4.8.3/../../../../arm-none-eabi/lib/armv7-m\libstdc++.a(class_type_info.o)
                0x080124b4                typeinfo name for __cxxabiv1::__class_type_info
 .rodata._ZTVN10__cxxabiv120__si_class_type_infoE
                0x080124d8       0x30 c:/program files/gnu tools arm embedded/4.8 2014q1/bin/../lib/gcc/arm-none-eabi/4.8.3/../../../../arm-none-eabi/lib/armv7-m\libstdc++.a(si_class_type_info.o)
                0x080124d8                vtable for __cxxabiv1::__si_class_type_info
 .rodata._ZTIN10__cxxabiv120__si_class_type_infoE
                0x08012508        0xc c:/program files/gnu tools arm embedded/4.8 2014q1/bin/../lib/gcc/arm-none-eabi/4.8.3/../../../../arm-none-eabi/lib/armv7-m\libstdc++.a(si_class_type_info.o)
                0x08012508                typeinfo for __cxxabiv1::__si_class_type_info
 .rodata._ZTSN10__cxxabiv120__si_class_type_infoE
                0x08012514       0x28 c:/program files/gnu tools arm embedded/4.8 2014q1/bin/../lib/gcc/arm-none-eabi/4.8.3/../../../../arm-none-eabi/lib/armv7-m\libstdc++.a(si_class_type_info.o)
                0x08012514                typeinfo name for __cxxabiv1::__si_class_type_info
 .rodata._ZTISt9type_info
                0x0801253c        0x8 c:/program files/gnu tools arm embedded/4.8 2014q1/bin/../lib/gcc/arm-none-eabi/4.8.3/../../../../arm-none-eabi/lib/armv7-m\libstdc++.a(tinfo.o)
                0x0801253c                typeinfo for std::type_info
 .rodata._ZTSSt9type_info
                0x08012544       0x10 c:/program files/gnu tools arm embedded/4.8 2014q1/bin/../lib/gcc/arm-none-eabi/4.8.3/../../../../arm-none-eabi/lib/armv7-m\libstdc++.a(tinfo.o)
                0x08012544                typeinfo name for std::type_info
 *fill*         0x08012554        0x4 
 .rodata._ZTVSt9type_info
                0x08012558       0x20 c:/program files/gnu tools arm embedded/4.8 2014q1/bin/../lib/gcc/arm-none-eabi/4.8.3/../../../../arm-none-eabi/lib/armv7-m\libstdc++.a(tinfo.o)
                0x08012558                vtable for std::type_info
 .rodata._ZTVSt9exception
                0x08012578       0x18 c:/program files/gnu tools arm embedded/4.8 2014q1/bin/../lib/gcc/arm-none-eabi/4.8.3/../../../../arm-none-eabi/lib/armv7-m\libstdc++.a(eh_exception.o)
                0x08012578                vtable for std::exception
 .rodata._ZTIN10__cxxabiv115__forced_unwindE
                0x08012590        0x8 c:/program files/gnu tools arm embedded/4.8 2014q1/bin/../lib/gcc/arm-none-eabi/4.8.3/../../../../arm-none-eabi/lib/armv7-m\libstdc++.a(eh_exception.o)
                0x08012590                typeinfo for __cxxabiv1::__forced_unwind
 .rodata._ZTISt9exception
                0x08012598        0x8 c:/program files/gnu tools arm embedded/4.8 2014q1/bin/../lib/gcc/arm-none-eabi/4.8.3/../../../../arm-none-eabi/lib/armv7-m\libstdc++.a(eh_exception.o)
                0x08012598                typeinfo for std::exception
 .rodata._ZTSSt13bad_exception
                0x080125a0       0x14 c:/program files/gnu tools arm embedded/4.8 2014q1/bin/../lib/gcc/arm-none-eabi/4.8.3/../../../../arm-none-eabi/lib/armv7-m\libstdc++.a(eh_exception.o)
                0x080125a0                typeinfo name for std::bad_exception
 .rodata.str1.4
                0x080125b4       0x23 c:/program files/gnu tools arm embedded/4.8 2014q1/bin/../lib/gcc/arm-none-eabi/4.8.3/../../../../arm-none-eabi/lib/armv7-m\libstdc++.a(eh_exception.o)
                                 0x24 (size before relaxing)
 *fill*         0x080125d7        0x1 
 .rodata._ZTSN10__cxxabiv119__foreign_exceptionE
                0x080125d8       0x24 c:/program files/gnu tools arm embedded/4.8 2014q1/bin/../lib/gcc/arm-none-eabi/4.8.3/../../../../arm-none-eabi/lib/armv7-m\libstdc++.a(eh_exception.o)
                0x080125d8                typeinfo name for __cxxabiv1::__foreign_exception
 .rodata._ZTIN10__cxxabiv119__foreign_exceptionE
                0x080125fc        0x8 c:/program files/gnu tools arm embedded/4.8 2014q1/bin/../lib/gcc/arm-none-eabi/4.8.3/../../../../arm-none-eabi/lib/armv7-m\libstdc++.a(eh_exception.o)
                0x080125fc                typeinfo for __cxxabiv1::__foreign_exception
 *fill*         0x08012604        0x4 
 .rodata._ZTVSt13bad_exception
                0x08012608       0x18 c:/program files/gnu tools arm embedded/4.8 2014q1/bin/../lib/gcc/arm-none-eabi/4.8.3/../../../../arm-none-eabi/lib/armv7-m\libstdc++.a(eh_exception.o)
                0x08012608                vtable for std::bad_exception
 .rodata._ZTSSt9exception
                0x08012620       0x10 c:/program files/gnu tools arm embedded/4.8 2014q1/bin/../lib/gcc/arm-none-eabi/4.8.3/../../../../arm-none-eabi/lib/armv7-m\libstdc++.a(eh_exception.o)
                0x08012620                typeinfo name for std::exception
 .rodata._ZTSN10__cxxabiv115__forced_unwindE
                0x08012630       0x20 c:/program files/gnu tools arm embedded/4.8 2014q1/bin/../lib/gcc/arm-none-eabi/4.8.3/../../../../arm-none-eabi/lib/armv7-m\libstdc++.a(eh_exception.o)
                0x08012630                typeinfo name for __cxxabiv1::__forced_unwind
 .rodata._ZTISt13bad_exception
                0x08012650        0xc c:/program files/gnu tools arm embedded/4.8 2014q1/bin/../lib/gcc/arm-none-eabi/4.8.3/../../../../arm-none-eabi/lib/armv7-m\libstdc++.a(eh_exception.o)
                0x08012650                typeinfo for std::bad_exception
 .rodata.str1.4
                0x0801265c       0x94 c:/program files/gnu tools arm embedded/4.8 2014q1/bin/../lib/gcc/arm-none-eabi/4.8.3/../../../../arm-none-eabi/lib/armv7-m\libstdc++.a(vterminate.o)
 .rodata        0x080126f0      0x738 c:/program files/gnu tools arm embedded/4.8 2014q1/bin/../lib/gcc/arm-none-eabi/4.8.3/../../../../arm-none-eabi/lib/armv7-m\libstdc++.a(cp-demangle.o)
 .rodata.str1.4
                0x08012e28      0x7f2 c:/program files/gnu tools arm embedded/4.8 2014q1/bin/../lib/gcc/arm-none-eabi/4.8.3/../../../../arm-none-eabi/lib/armv7-m\libstdc++.a(cp-demangle.o)
                                0x840 (size before relaxing)
 *fill*         0x0801361a        0x2 
 .rodata.zeroes.6760
                0x0801361c       0x10 c:/program files/gnu tools arm embedded/4.8 2014q1/bin/../lib/gcc/arm-none-eabi/4.8.3/../../../../arm-none-eabi/lib/armv7-m\libg.a(lib_a-svfprintf.o)
 .rodata.str1.4
                0x0801362c       0x42 c:/program files/gnu tools arm embedded/4.8 2014q1/bin/../lib/gcc/arm-none-eabi/4.8.3/../../../../arm-none-eabi/lib/armv7-m\libg.a(lib_a-svfprintf.o)
                                 0x44 (size before relaxing)
 *fill*         0x0801366e        0x2 
 .rodata.blanks.6759
                0x08013670       0x10 c:/program files/gnu tools arm embedded/4.8 2014q1/bin/../lib/gcc/arm-none-eabi/4.8.3/../../../../arm-none-eabi/lib/armv7-m\libg.a(lib_a-svfprintf.o)
 .rodata.str1.4
                0x08013680       0x10 c:/program files/gnu tools arm embedded/4.8 2014q1/bin/../lib/gcc/arm-none-eabi/4.8.3/../../../../arm-none-eabi/lib/armv7-m\libg.a(lib_a-dtoa.o)
                                 0x14 (size before relaxing)
 .rodata.str1.4
                0x08013690        0x8 c:/program files/gnu tools arm embedded/4.8 2014q1/bin/../lib/gcc/arm-none-eabi/4.8.3/../../../../arm-none-eabi/lib/armv7-m\libg.a(lib_a-locale.o)
                                 0x14 (size before relaxing)
 .rodata.__mprec_tens
                0x08013698       0xc8 c:/program files/gnu tools arm embedded/4.8 2014q1/bin/../lib/gcc/arm-none-eabi/4.8.3/../../../../arm-none-eabi/lib/armv7-m\libg.a(lib_a-mprec.o)
                0x08013698                __mprec_tens
 .rodata.__mprec_bigtens
                0x08013760       0x28 c:/program files/gnu tools arm embedded/4.8 2014q1/bin/../lib/gcc/arm-none-eabi/4.8.3/../../../../arm-none-eabi/lib/armv7-m\libg.a(lib_a-mprec.o)
                0x08013760                __mprec_bigtens
 .rodata.p05.5266
                0x08013788        0xc c:/program files/gnu tools arm embedded/4.8 2014q1/bin/../lib/gcc/arm-none-eabi/4.8.3/../../../../arm-none-eabi/lib/armv7-m\libg.a(lib_a-mprec.o)
 *(.eh_fram e*)

.glue_7         0x08013794        0x0
 .glue_7        0x00000000        0x0 linker stubs

.glue_7t        0x08013794        0x0
 .glue_7t       0x00000000        0x0 linker stubs

.vfp11_veneer   0x08013794        0x0
 .vfp11_veneer  0x00000000        0x0 linker stubs

.v4_bx          0x08013794        0x0
 .v4_bx         0x00000000        0x0 linker stubs

.iplt           0x08013794        0x0
 .iplt          0x00000000        0x0 c:/program files/gnu tools arm embedded/4.8 2014q1/bin/../lib/gcc/arm-none-eabi/4.8.3/armv7-m/crtbegin.o

.ARM.extab      0x08013794      0x144
 *(.ARM.extab* .gnu.linkonce.armextab.*)
 .ARM.extab.text._ZN5Print5writeEh
                0x08013794        0x0 ..\obj\Wire.o
 .ARM.extab.text._ZN5Print5writeEPKc
                0x08013794        0x0 ..\obj\Wire.o
 .ARM.extab.text._ZN9WireClass4sendEh
                0x08013794        0xc ..\obj\Wire.o
 .ARM.extab.text._ZN9WireClass7receiveEv
                0x080137a0        0xc ..\obj\Wire.o
 .ARM.extab.text._ZN14HardwareSerial5writeEh
                0x080137ac        0xc ..\obj\HardwareSerial.o
 .ARM.extab.text._ZN5Print5printEc
                0x080137b8        0xc ..\obj\Print.o
 .ARM.extab     0x080137c4        0xc C:\Program Files\GNU Tools ARM Embedded\4.7 2013q1\arm-none-eabi\lib\armv7-m\libgcc.a(unwind-arm.o)
 .ARM.extab     0x080137d0       0x18 C:\Program Files\GNU Tools ARM Embedded\4.7 2013q1\arm-none-eabi\lib\armv7-m\libgcc.a(pr-support.o)
 .ARM.extab.text._ZL21base_of_encoded_valuehP15_Unwind_Context
                0x080137e8        0xc c:/program files/gnu tools arm embedded/4.8 2014q1/bin/../lib/gcc/arm-none-eabi/4.8.3/../../../../arm-none-eabi/lib/armv7-m\libstdc++.a(eh_personality.o)
 .ARM.extab.text.__gxx_personality_v0
                0x080137f4       0x20 c:/program files/gnu tools arm embedded/4.8 2014q1/bin/../lib/gcc/arm-none-eabi/4.8.3/../../../../arm-none-eabi/lib/armv7-m\libstdc++.a(eh_personality.o)
 .ARM.extab.text._ZN10__cxxabiv111__terminateEPFvvE
                0x08013814       0x2c c:/program files/gnu tools arm embedded/4.8 2014q1/bin/../lib/gcc/arm-none-eabi/4.8.3/../../../../arm-none-eabi/lib/armv7-m\libstdc++.a(eh_terminate.o)
 .ARM.extab.text._ZN10__cxxabiv112__unexpectedEPFvvE
                0x08013840        0xc c:/program files/gnu tools arm embedded/4.8 2014q1/bin/../lib/gcc/arm-none-eabi/4.8.3/../../../../arm-none-eabi/lib/armv7-m\libstdc++.a(eh_terminate.o)
 .ARM.extab.text._ZSt10unexpectedv
                0x0801384c        0xc c:/program files/gnu tools arm embedded/4.8 2014q1/bin/../lib/gcc/arm-none-eabi/4.8.3/../../../../arm-none-eabi/lib/armv7-m\libstdc++.a(eh_terminate.o)
 .ARM.extab.text.__cxa_begin_catch
                0x08013858       0x20 c:/program files/gnu tools arm embedded/4.8 2014q1/bin/../lib/gcc/arm-none-eabi/4.8.3/../../../../arm-none-eabi/lib/armv7-m\libstdc++.a(eh_catch.o)
 .ARM.extab.text.__cxa_call_unexpected
                0x08013878       0x2c c:/program files/gnu tools arm embedded/4.8 2014q1/bin/../lib/gcc/arm-none-eabi/4.8.3/../../../../arm-none-eabi/lib/armv7-m\libstdc++.a(eh_call.o)
 .ARM.extab.text._ZN9__gnu_cxx27__verbose_terminate_handlerEv
                0x080138a4       0x34 c:/program files/gnu tools arm embedded/4.8 2014q1/bin/../lib/gcc/arm-none-eabi/4.8.3/../../../../arm-none-eabi/lib/armv7-m\libstdc++.a(vterminate.o)
                0x080138d8                __exidx_start = .

.eh_frame       0x080138d8        0x0
 .eh_frame      0x080138d8        0x0 c:/program files/gnu tools arm embedded/4.8 2014q1/bin/../lib/gcc/arm-none-eabi/4.8.3/armv7-m/crtbegin.o

.ARM.exidx      0x080138d8      0x2f0
 *(.ARM.exidx* .gnu.linkonce.armexidx.*)
 .ARM.exidx.text._ZN5Print5writeEh
                0x080138d8        0x8 ..\obj\Wire.o
 .ARM.exidx.text._ZN9WireClass9availableEv
                0x080138e0        0x0 ..\obj\Wire.o