Archive member included because of file (symbol)

c:/program files/gnu tools arm embedded/4.8 2014q1/bin/../lib/gcc/arm-none-eabi/4.8.3/../../../../arm-none-eabi/lib/armv7-m\libstdc++.a(eh_arm.o)
                              ..\obj\Stream.o (__cxa_end_cleanup)
c:/program files/gnu tools arm embedded/4.8 2014q1/bin/../lib/gcc/arm-none-eabi/4.8.3/../../../../arm-none-eabi/lib/armv7-m\libstdc++.a(class_type_info.o)
                              ..\obj\IPAddress.o (vtable for __cxxabiv1::__class_type_info)
c:/program files/gnu tools arm embedded/4.8 2014q1/bin/../lib/gcc/arm-none-eabi/4.8.3/../../../../arm-none-eabi/lib/armv7-m\libstdc++.a(si_class_type_info.o)
                              ..\obj\Wire.o (vtable for __cxxabiv1::__si_class_type_info)
c:/program files/gnu tools arm embedded/4.8 2014q1/bin/../lib/gcc/arm-none-eabi/4.8.3/../../../../arm-none-eabi/lib/armv7-m\libstdc++.a(eh_personality.o)
                              ..\obj\Stream.o (__gxx_personality_v0)
c:/program files/gnu tools arm embedded/4.8 2014q1/bin/../lib/gcc/arm-none-eabi/4.8.3/../../../../arm-none-eabi/lib/armv7-m\libstdc++.a(eh_terminate.o)
                              c:/program files/gnu tools arm embedded/4.8 2014q1/bin/../lib/gcc/arm-none-eabi/4.8.3/../../../../arm-none-eabi/lib/armv7-m\libstdc++.a(eh_arm.o) (std::terminate())
c:/program files/gnu tools arm embedded/4.8 2014q1/bin/../lib/gcc/arm-none-eabi/4.8.3/../../../../arm-none-eabi/lib/armv7-m\libstdc++.a(eh_globals.o)
                              c:/program files/gnu tools arm embedded/4.8 2014q1/bin/../lib/gcc/arm-none-eabi/4.8.3/../../../../arm-none-eabi/lib/armv7-m\libstdc++.a(eh_arm.o) (__cxa_get_globals)
c:/program files/gnu tools arm embedded/4.8 2014q1/bin/../lib/gcc/arm-none-eabi/4.8.3/../../../../arm-none-eabi/lib/armv7-m\libstdc++.a(eh_unex_handler.o)
                              c:/program files/gnu tools arm embedded/4.8 2014q1/bin/../lib/gcc/arm-none-eabi/4.8.3/../../../../arm-none-eabi/lib/armv7-m\libstdc++.a(eh_terminate.o) (__cxxabiv1::__unexpected_handler)
c:/program files/gnu tools arm embedded/4.8 2014q1/bin/../lib/gcc/arm-none-eabi/4.8.3/../../../../arm-none-eabi/lib/armv7-m\libstdc++.a(eh_catch.o)
                              c:/program files/gnu tools arm embedded/4.8 2014q1/bin/../lib/gcc/arm-none-eabi/4.8.3/../../../../arm-none-eabi/lib/armv7-m\libstdc++.a(eh_personality.o) (__cxa_begin_catch)
c:/program files/gnu tools arm embedded/4.8 2014q1/bin/../lib/gcc/arm-none-eabi/4.8.3/../../../../arm-none-eabi/lib/armv7-m\libstdc++.a(tinfo.o)
                              c:/program files/gnu tools arm embedded/4.8 2014q1/bin/../lib/gcc/arm-none-eabi/4.8.3/../../../../arm-none-eabi/lib/armv7-m\libstdc++.a(class_type_info.o) (std::type_info::~type_info())
c:/program files/gnu tools arm embedded/4.8 2014q1/bin/../lib/gcc/arm-none-eabi/4.8.3/../../../../arm-none-eabi/lib/armv7-m\libstdc++.a(eh_exception.o)
                              c:/program files/gnu tools arm embedded/4.8 2014q1/bin/../lib/gcc/arm-none-eabi/4.8.3/../../../../arm-none-eabi/lib/armv7-m\libstdc++.a(eh_arm.o) (typeinfo for __cxxabiv1::__forced_unwind)
c:/program files/gnu tools arm embedded/4.8 2014q1/bin/../lib/gcc/arm-none-eabi/4.8.3/../../../../arm-none-eabi/lib/armv7-m\libstdc++.a(eh_term_handler.o)
                              c:/program files/gnu tools arm embedded/4.8 2014q1/bin/../lib/gcc/arm-none-eabi/4.8.3/../../../../arm-none-eabi/lib/armv7-m\libstdc++.a(eh_terminate.o) (__cxxabiv1::__terminate_handler)
c:/program files/gnu tools arm embedded/4.8 2014q1/bin/../lib/gcc/arm-none-eabi/4.8.3/../../../../arm-none-eabi/lib/armv7-m\libstdc++.a(eh_call.o)
                              c:/program files/gnu tools arm embedded/4.8 2014q1/bin/../lib/gcc/arm-none-eabi/4.8.3/../../../../arm-none-eabi/lib/armv7-m\libstdc++.a(eh_personality.o) (__cxa_call_terminate)
c:/program files/gnu tools arm embedded/4.8 2014q1/bin/../lib/gcc/arm-none-eabi/4.8.3/../../../../arm-none-eabi/lib/armv7-m\libstdc++.a(vterminate.o)
                              c:/program files/gnu tools arm embedded/4.8 2014q1/bin/../lib/gcc/arm-none-eabi/4.8.3/../../../../arm-none-eabi/lib/armv7-m\libstdc++.a(eh_term_handler.o) (__gnu_cxx::__verbose_terminate_handler())
c:/program files/gnu tools arm embedded/4.8 2014q1/bin/../lib/gcc/arm-none-eabi/4.8.3/../../../../arm-none-eabi/lib/armv7-m\libstdc++.a(eh_throw.o)
                              c:/program files/gnu tools arm embedded/4.8 2014q1/bin/../lib/gcc/arm-none-eabi/4.8.3/../../../../arm-none-eabi/lib/armv7-m\libstdc++.a(eh_call.o) (__cxa_throw)
c:/program files/gnu tools arm embedded/4.8 2014q1/bin/../lib/gcc/arm-none-eabi/4.8.3/../../../../arm-none-eabi/lib/armv7-m\libstdc++.a(eh_type.o)
                              c:/program files/gnu tools arm embedded/4.8 2014q1/bin/../lib/gcc/arm-none-eabi/4.8.3/../../../../arm-none-eabi/lib/armv7-m\libstdc++.a(vterminate.o) (__cxa_current_exception_type)
[...]
Memory Configuration

Name             Origin             Length             Attributes
rom              0x08000000         0x00020000         xr
ram              0x20000000         0x00005000         xrw
*default*        0x00000000         0xffffffff

Linker script and memory map

LOAD c:/program files/gnu tools arm embedded/4.8 2014q1/bin/../lib/gcc/arm-none-eabi/4.8.3/armv7-m/crti.o
LOAD c:/program files/gnu tools arm embedded/4.8 2014q1/bin/../lib/gcc/arm-none-eabi/4.8.3/armv7-m/crtbegin.o
LOAD c:/program files/gnu tools arm embedded/4.8 2014q1/bin/../lib/gcc/arm-none-eabi/4.8.3/../../../../arm-none-eabi/lib/armv7-m/crt0.o
                0x20005000                _eram = 0x20005000

.text           0x08000000    0x132bc
 *(.isr_vector)
 .isr_vector    0x08000000      0x154 ..\obj\startup_coide.o
                0x08000000                g_pfnVectors
 *(.text*)
 .text          0x08000154       0x54 c:/program files/gnu tools arm embedded/4.8 2014q1/bin/../lib/gcc/arm-none-eabi/4.8.3/armv7-m/crtbegin.o
 .text.DefaultIntHandler
                0x080001a8        0x4 ..\obj\startup_coide.o
                0x080001a8                ETHIntHandler
                0x080001a8                OTGFSWKUPIntHandler
                0x080001a8                CAN1RX0IntHandler
                0x080001a8                FSMCIntHandler
                0x080001a8                ETHWKUPIntHandler
                0x080001a8                WWDGIntHandler
                0x080001a8                PVDIntHandler
                0x080001a8                CAN2SCEIntHandler
                0x080001a8                CAN1TXIntHandler
                0x080001a8                RTCAlarmIntHandler
                0x080001a8                HardFaultIntHandler
                0x080001a8                PendSVIntHandler
                0x080001a8                BusFaultIntHandler
                0x080001a8                NMIIntHandler
                0x080001a8                CAN2RX0IntHandler
                0x080001a8                FLASHIntHandler
                0x080001a8                TAMPERIntHandler
                0x080001a8                SDIOIntHandler
                0x080001a8                CAN2TXIntHandler
                0x080001a8                CAN1SCEIntHandler
                0x080001a8                I2C1ERIntHandler
                0x080001a8                CAN2RX1IntHandler
                0x080001a8                UsageFaultIntHandler
                0x080001a8                MemManageIntHandler
                0x080001a8                CAN1RX1IntHandler
                0x080001a8                SVCIntHandler
                0x080001a8                DebugMonIntHandler
                0x080001a8                I2C2ERIntHandler
                0x080001a8                OTGFSIntHandler
 .text.Default_ResetHandler
                0x080001ac       0x5c ..\obj\startup_coide.o
                0x080001ac                ResetHandler
                0x080001ac                Default_ResetHandler
 .text._ZN5Print5writeEh
                0x08000208        0x4 ..\obj\Wire.o
                0x08000208                Print::write(unsigned char)
 .text._ZN9WireClass9availableEv
                0x0800020c       0x10 ..\obj\Wire.o
                0x0800020c                WireClass::available()
 .text._ZN9WireClass4readEv
                0x0800021c       0x20 ..\obj\Wire.o
                0x0800021c                WireClass::read()
 .text._ZN9WireClass4peekEv
                0x0800023c       0x18 ..\obj\Wire.o
                0x0800023c                WireClass::peek()
 .text._ZN9WireClass5flushEv
                0x08000254        0x4 ..\obj\Wire.o
                0x08000254                WireClass::flush()
 .text._ZN5Print5writeEPKc
                0x08000258       0x20 ..\obj\Wire.o
                0x08000258                Print::write(char const*)
 .text._ZN9WireClass5writeEPKhj
                0x08000278       0x5c ..\obj\Wire.o
                0x08000278                WireClass::write(unsigned char const*, unsigned int)
 .text._ZN9WireClass5writeEh
                0x080002d4       0x60 ..\obj\Wire.o
                0x080002d4                WireClass::write(unsigned char)
 .text._ZN9WireClass5beginEv
                0x08000334       0x6c ..\obj\Wire.o
                0x08000334                WireClass::begin()
 .text._ZN9WireClass17beginTransmissionEh
                0x080003a0       0x1c ..\obj\Wire.o
                0x080003a0                WireClass::beginTransmission(unsigned char)
 .text._ZN9WireClass4sendEh
                0x080003bc        0xc ..\obj\Wire.o
                0x080003bc                WireClass::send(unsigned char)
 .text._ZN9WireClass15endTransmissionEh
                0x080003c8       0x34 ..\obj\Wire.o
                0x080003c8                WireClass::endTransmission(unsigned char)
 .text._ZN9WireClass15endTransmissionEv
                0x080003fc        0x8 ..\obj\Wire.o
                0x080003fc                WireClass::endTransmission()
 .text._ZN9WireClass11requestFromEhhh
                0x08000404       0x2c ..\obj\Wire.o
                0x08000404                WireClass::requestFrom(unsigned char, unsigned char, unsigned char)
 .text._ZN9WireClass11requestFromEhh
                0x08000430        0x8 ..\obj\Wire.o
                0x08000430                WireClass::requestFrom(unsigned char, unsigned char)
 .text._ZN9WireClass7receiveEv
                0x08000438        0xc ..\obj\Wire.o
                0x08000438                WireClass::receive()
 .text.startup._GLOBAL__sub_I__ZN9WireClass8rxBufferE
                0x08000444       0x2c ..\obj\Wire.o
 .text.xCPUcpsid
                0x08000470        0x8 ..\obj\xcore.o
                0x08000470                xCPUcpsid
 .text.xCPUcpsie
                0x08000478        0x8 ..\obj\xcore.o
                0x08000478                xCPUcpsie
 .text.xIntMasterEnable
                0x08000480        0xc ..\obj\xcore.o
                0x08000480                xIntMasterEnable
 .text.xIntMasterDisable
                0x0800048c        0xc ..\obj\xcore.o
                0x0800048c                xIntMasterDisable
 .text.xIntPrioritySet
                0x08000498       0xf0 ..\obj\xcore.o
                0x08000498                xIntPrioritySet
 .text.xIntEnable
                0x08000588      0x154 ..\obj\xcore.o
                0x08000588                xIntEnable
 .text.xIntDisable
                0x080006dc      0x154 ..\obj\xcore.o
                0x080006dc                xIntDisable
 .text.xSysTickEnable
                0x08000830       0x10 ..\obj\xcore.o
                0x08000830                xSysTickEnable
 .text.xSysTickIntEnable
                0x08000840       0x10 ..\obj\xcore.o
                0x08000840                xSysTickIntEnable
 .text.xSysTickPeriodSet
                0x08000850        0xc ..\obj\xcore.o
                0x08000850                xSysTickPeriodSet
 .text._ZN20Adafruit_MotorShield6setPinEhh.part.1
                0x0800085c        0xc ..\obj\Adafruit_MotorShield.o
 .text.Adafruit_MotorShield_SetSpeed
                0x08000868       0xa8 ..\obj\Adafruit_MotorShield.o
                0x08000868                Adafruit_MotorShield_SetSpeed
 .text._ZN20Adafruit_MotorShieldC2Eh
                0x08000910       0x68 ..\obj\Adafruit_MotorShield.o
                0x08000910                Adafruit_MotorShield::Adafruit_MotorShield(unsigned char)
                0x08000910                Adafruit_MotorShield::Adafruit_MotorShield(unsigned char)
 .text._ZN20Adafruit_MotorShield5beginEt
                0x08000978       0x40 ..\obj\Adafruit_MotorShield.o
                0x08000978                Adafruit_MotorShield::begin(unsigned short)
 .text.Adafruit_MotorShield_Init
                0x080009b8       0x2c ..\obj\Adafruit_MotorShield.o
                0x080009b8                Adafruit_MotorShield_Init
 .text._ZN20Adafruit_MotorShield6setPWMEht
                0x080009e4       0x1c ..\obj\Adafruit_MotorShield.o
                0x080009e4                Adafruit_MotorShield::setPWM(unsigned char, unsigned short)
 .text._ZN20Adafruit_MotorShield6setPinEhh
                0x08000a00       0x14 ..\obj\Adafruit_MotorShield.o
                0x08000a00                Adafruit_MotorShield::setPin(unsigned char, unsigned char)
 .text._ZN21Adafruit_StepperMotor7releaseEv
                0x08000a14       0x3c ..\obj\Adafruit_MotorShield.o
                0x08000a14                Adafruit_StepperMotor::release()
 .text.Adafruit_MotorShield_Release
                0x08000a50       0xa0 ..\obj\Adafruit_MotorShield.o
                0x08000a50                Adafruit_MotorShield_Release
 .text._ZN21Adafruit_StepperMotor7onestepEhh
                0x08000af0      0x1f4 ..\obj\Adafruit_MotorShield.o
                0x08000af0                Adafruit_StepperMotor::onestep(unsigned char, unsigned char)
 .text._ZN21Adafruit_StepperMotor4stepEthh
                0x08000ce4       0x40 ..\obj\Adafruit_MotorShield.o
                0x08000ce4                Adafruit_StepperMotor::step(unsigned short, unsigned char, unsigned char)
 .text.Adafruit_MotorShield_Step
                0x08000d24       0xb4 ..\obj\Adafruit_MotorShield.o
                0x08000d24                Adafruit_MotorShield_Step
 .text.startup._GLOBAL__sub_I_microstepcurve
                0x08000dd8        0xc ..\obj\Adafruit_MotorShield.o
 .text.EXTI0IntHandler
                0x08000de4       0x4c ..\obj\xgpio.o
                0x08000de4                EXTI0IntHandler
 .text.EXTI1IntHandler
                0x08000e30       0x4c ..\obj\xgpio.o
                0x08000e30                EXTI1IntHandler
 .text.EXTI2IntHandler
                0x08000e7c       0x4c ..\obj\xgpio.o
                0x08000e7c                EXTI2IntHandler
 .text.EXTI3IntHandler
                0x08000ec8       0x4c ..\obj\xgpio.o
                0x08000ec8                EXTI3IntHandler
 .text.EXTI4IntHandler
                0x08000f14       0x4c ..\obj\xgpio.o
                0x08000f14                EXTI4IntHandler
 .text.EXTI95IntHandler
                0x08000f60       0x70 ..\obj\xgpio.o
                0x08000f60                EXTI95IntHandler
 .text.EXTI1510IntHandler
                0x08000fd0       0x8c ..\obj\xgpio.o
                0x08000fd0                EXTI1510IntHandler
 .text.GPIODirModeSet
                0x0800105c       0x4c ..\obj\xgpio.o
                0x0800105c                GPIODirModeSet
 .text.xGPIODirModeSet
                0x080010a8       0x3c ..\obj\xgpio.o
                0x080010a8                xGPIODirModeSet
 .text.GPIOPinWrite
                0x080010e4       0x14 ..\obj\xgpio.o
                0x080010e4                GPIOPinWrite
 .text.GPIOPinConfigure
                0x080010f8       0x74 ..\obj\xgpio.o
                0x080010f8                GPIOPinConfigure
 .text.GPIOPinToPeripheralId
                0x0800116c       0x6c ..\obj\xgpio.o
                0x0800116c                GPIOPinToPeripheralId
 .text.GPIOPinToPort
                0x080011d8        0x4 ..\obj\xgpio.o
                0x080011d8                GPIOPinToPort
 .text._I2CRegReadByte
                0x080011dc       0x30 ..\obj\HMC5883L.o
 .text.HMC5883L_Init
                0x0800120c       0xa4 ..\obj\HMC5883L.o
                0x0800120c                HMC5883L_Init
 .text.HMC5883L_RegWriteByte
                0x080012b0       0x50 ..\obj\HMC5883L.o
                0x080012b0                HMC5883L_RegWriteByte
 .text.HMC5883L_Cfg
                0x08001300       0x88 ..\obj\HMC5883L.o
                0x08001300                HMC5883L_Cfg
 .text.HMC5883L_DataGet
                0x08001388       0x90 ..\obj\HMC5883L.o
                0x08001388                HMC5883L_DataGet
 .text.startup.main
                0x08001418      0x1f8 ..\obj\Frame.o
                0x08001418                main
 .text.ADC12IntHandler
                0x08001610       0x48 ..\obj\xadc.o
                0x08001610                ADC12IntHandler
 .text.ADC3IntHandler
                0x08001658       0x40 ..\obj\xadc.o
                0x08001658                ADC3IntHandler
 .text._ZNK9IPAddress7printToER5Print
                0x08001698       0x40 ..\obj\IPAddress.o
                0x08001698                IPAddress::printTo(Print&) const
 .text.startup._GLOBAL__sub_I__ZN9IPAddressC2Ev
                0x080016d8       0x1c ..\obj\IPAddress.o
 .text.UpdateIndexAtomic
                0x080016f4       0x30 ..\obj\ringbuf.o
 .text.RingBufFull
                0x08001724       0x18 ..\obj\ringbuf.o
                0x08001724                RingBufFull
 .text.RingBufEmpty
                0x0800173c        0xc ..\obj\ringbuf.o
                0x0800173c                RingBufEmpty
 .text.RingBufReadOne
                0x08001748       0x18 ..\obj\ringbuf.o
                0x08001748                RingBufReadOne
 .text.RingBufWriteOne
                0x08001760       0x18 ..\obj\ringbuf.o
                0x08001760                RingBufWriteOne
 .text.RingBufWrite
                0x08001778       0x2c ..\obj\ringbuf.o
                0x08001778                RingBufWrite
 .text.RingBufInit
                0x080017a4        0xc ..\obj\ringbuf.o
                0x080017a4                RingBufInit
 .text.DMA1Channel1IntHandler
                0x080017b0       0x68 ..\obj\xdma.o
                0x080017b0                DMA1Channel1IntHandler
 .text.DMA1Channel3IntHandler
                0x08001818       0x68 ..\obj\xdma.o
                0x08001818                DMA1Channel3IntHandler
 .text.DMA1Channel2IntHandler
                0x08001880       0x68 ..\obj\xdma.o
                0x08001880                DMA1Channel2IntHandler
 .text.DMA1Channel4IntHandler
                0x080018e8       0x68 ..\obj\xdma.o
                0x080018e8                DMA1Channel4IntHandler
 .text.DMA1Channel5IntHandler
                0x08001950       0x68 ..\obj\xdma.o
                0x08001950                DMA1Channel5IntHandler
 .text.DMA1Channel6IntHandler
                0x080019b8       0x68 ..\obj\xdma.o
                0x080019b8                DMA1Channel6IntHandler
 .text.DMA1Channel7IntHandler
                0x08001a20       0x68 ..\obj\xdma.o
                0x08001a20                DMA1Channel7IntHandler
 .text.DMA2Channel1IntHandler
                0x08001a88       0x68 ..\obj\xdma.o
                0x08001a88                DMA2Channel1IntHandler
 .text.DMA2Channel2IntHandler
                0x08001af0       0x68 ..\obj\xdma.o
                0x08001af0                DMA2Channel2IntHandler
 .text.DMA2Channel3IntHandler
                0x08001b58       0x68 ..\obj\xdma.o
                0x08001b58                DMA2Channel3IntHandler
 .text.DMA2Channel4IntHandler
                0x08001bc0       0x68 ..\obj\xdma.o
                0x08001bc0                DMA2Channel4IntHandler
 .text.DMA2Channel5IntHandler
                0x08001c28       0x68 ..\obj\xdma.o
                0x08001c28                DMA2Channel5IntHandler
 .text.DMAEnable
                0x08001c90       0x14 ..\obj\xdma.o
                0x08001c90                DMAEnable
 .text.DMADisable
                0x08001ca4       0x14 ..\obj\xdma.o
                0x08001ca4                DMADisable
 .text.DMAChannelControlSet
                0x08001cb8       0x18 ..\obj\xdma.o
                0x08001cb8                DMAChannelControlSet
 .text.DMAChannelTransferSet
                0x08001cd0       0x20 ..\obj\xdma.o
                0x08001cd0                DMAChannelTransferSet
 .text.DMAChannelIntFlagGet
                0x08001cf0       0x24 ..\obj\xdma.o
                0x08001cf0                DMAChannelIntFlagGet
 .text.DMAChannelIntFlagClear
                0x08001d14       0x20 ..\obj\xdma.o
                0x08001d14                DMAChannelIntFlagClear
 .text.DMAChannelAttributeSet
                0x08001d34       0x18 ..\obj\xdma.o
                0x08001d34                DMAChannelAttributeSet
 .text.RCCIntHandler
                0x08001d4c       0x20 ..\obj\xsysctl.o
                0x08001d4c                RCCIntHandler
 .text.SysCtlDelay
                0x08001d6c        0x8 ..\obj\xsysctl.o
                0x08001d6c                SysCtlDelay
 .text.SysCtlPeripheralReset
                0x08001d74       0x2c ..\obj\xsysctl.o
                0x08001d74                SysCtlPeripheralReset
 .text.SysCtlPeripheralEnable
                0x08001da0       0x20 ..\obj\xsysctl.o
                0x08001da0                SysCtlPeripheralEnable
 .text.xSysCtlPeripheralEnable2
                0x08001dc0       0x50 ..\obj\xsysctl.o
                0x08001dc0                xSysCtlPeripheralEnable2
 .text.xSysCtlPeripheralReset2
                0x08001e10       0x3c ..\obj\xsysctl.o
                0x08001e10                xSysCtlPeripheralReset2
 .text.SysCtlClockSet
                0x08001e4c      0x2cc ..\obj\xsysctl.o
                0x08001e4c                SysCtlClockSet
 .text.SysCtlReset
                0x08002118       0x10 ..\obj\xsysctl.o
                0x08002118                SysCtlReset
 .text.SysCtlHClockGet
                0x08002128       0x88 ..\obj\xsysctl.o
                0x08002128                SysCtlHClockGet
 .text.SysCtlAPB1ClockGet
                0x080021b0       0x20 ..\obj\xsysctl.o
                0x080021b0                SysCtlAPB1ClockGet
 .text.SysCtlAPB2ClockGet
                0x080021d0       0x20 ..\obj\xsysctl.o
                0x080021d0                SysCtlAPB2ClockGet
 .text.HCSR04TimerIntCallback
                0x080021f0       0x90 ..\obj\HC_SR04.o
                0x080021f0                HCSR04TimerIntCallback
 .text.HCSR04GetDistance
                0x08002280        0xc ..\obj\HC_SR04.o
                0x08002280                HCSR04GetDistance
 .text.HCSR04Init
                0x0800228c       0xf4 ..\obj\HC_SR04.o
                0x0800228c                HCSR04Init
 .text.HCSR04Stop
                0x08002380        0xc ..\obj\HC_SR04.o
                0x08002380                HCSR04Stop
 .text._ZN14HardwareSerial9availableEv
                0x0800238c       0x10 ..\obj\HardwareSerial.o
                0x0800238c                HardwareSerial::available()
 .text._ZN14HardwareSerial4peekEv
                0x0800239c       0x14 ..\obj\HardwareSerial.o
                0x0800239c                HardwareSerial::peek()
 .text._ZN14HardwareSerial4readEv
                0x080023b0       0x20 ..\obj\HardwareSerial.o
                0x080023b0                HardwareSerial::read()
 .text._ZN14HardwareSerial5flushEv
                0x080023d0       0x20 ..\obj\HardwareSerial.o
                0x080023d0                HardwareSerial::flush()
 .text._ZN14HardwareSerial5writeEh
                0x080023f0        0xc ..\obj\HardwareSerial.o
                0x080023f0                HardwareSerial::write(unsigned char)
 .text.startup._GLOBAL__sub_I_rx_buffer
                0x080023fc       0x30 ..\obj\HardwareSerial.o
 .text._ZN26Adafruit_MS_PWMServoDriverC2Eh
                0x0800242c        0x4 ..\obj\Adafruit_MS_PWMServoDriver.o
                0x0800242c                Adafruit_MS_PWMServoDriver::Adafruit_MS_PWMServoDriver(unsigned char)
                0x0800242c                Adafruit_MS_PWMServoDriver::Adafruit_MS_PWMServoDriver(unsigned char)
 .text._ZN26Adafruit_MS_PWMServoDriver6setPWMEhtt
                0x08002430       0x50 ..\obj\Adafruit_MS_PWMServoDriver.o
                0x08002430                Adafruit_MS_PWMServoDriver::setPWM(unsigned char, unsigned short, unsigned short)
 .text._ZN26Adafruit_MS_PWMServoDriver5read8Eh
                0x08002480       0x38 ..\obj\Adafruit_MS_PWMServoDriver.o
                0x08002480                Adafruit_MS_PWMServoDriver::read8(unsigned char)
 .text._ZN26Adafruit_MS_PWMServoDriver6write8Ehh
                0x080024b8       0x30 ..\obj\Adafruit_MS_PWMServoDriver.o
                0x080024b8                Adafruit_MS_PWMServoDriver::write8(unsigned char, unsigned char)
 .text._ZN26Adafruit_MS_PWMServoDriver5beginEv
                0x080024e8       0x1c ..\obj\Adafruit_MS_PWMServoDriver.o
                0x080024e8                Adafruit_MS_PWMServoDriver::begin()
 *fill*         0x08002504        0x4 
 .text._ZN26Adafruit_MS_PWMServoDriver10setPWMFreqEf
                0x08002508       0xa0 ..\obj\Adafruit_MS_PWMServoDriver.o
                0x08002508                Adafruit_MS_PWMServoDriver::setPWMFreq(float)
 .text.SPI1IntHandler
                0x080025a8       0x4c ..\obj\xspi.o
                0x080025a8                SPI1IntHandler
 .text.SPI2IntHandler
                0x080025f4       0x4c ..\obj\xspi.o
                0x080025f4                SPI2IntHandler
 .text.SPI3IntHandler
                0x08002640       0x4c ..\obj\xspi.o
                0x08002640                SPI3IntHandler
 .text.I2C1EVIntHandler
                0x0800268c       0xc4 ..\obj\xi2c.o
                0x0800268c                I2C1EVIntHandler
 .text.I2C2EVIntHandler
                0x08002750       0x60 ..\obj\xi2c.o
                0x08002750                I2C2EVIntHandler
 .text.I2CMasterInit
                0x080027b0       0x90 ..\obj\xi2c.o
                0x080027b0                I2CMasterInit
 .text.I2CMasterEnable
                0x08002840       0x14 ..\obj\xi2c.o
                0x08002840                I2CMasterEnable
 .text.I2CMasterWriteRequestS1
                0x08002854       0x9c ..\obj\xi2c.o
                0x08002854                I2CMasterWriteRequestS1
 .text.I2CMasterWriteS1
                0x080028f0       0x4c ..\obj\xi2c.o
                0x080028f0                I2CMasterWriteS1
 .text.I2CMasterWriteS2
                0x0800293c       0x40 ..\obj\xi2c.o
                0x0800293c                I2CMasterWriteS2
 .text.I2CMasterWriteBufS2
                0x0800297c       0xa4 ..\obj\xi2c.o
                0x0800297c                I2CMasterWriteBufS2
 .text.I2CMasterWriteBufS1
                0x08002a20       0xbc ..\obj\xi2c.o
                0x08002a20                I2CMasterWriteBufS1
 .text.I2CMasterReadS1
                0x08002adc       0xb4 ..\obj\xi2c.o
                0x08002adc                I2CMasterReadS1
 .text.I2CMasterReadBufS1
                0x08002b90      0x114 ..\obj\xi2c.o
                0x08002b90                I2CMasterReadBufS1
 .text._ZN5Print5writeEPKhm
                0x08002ca4       0x28 ..\obj\Print.o
                0x08002ca4                Print::write(unsigned char const*, unsigned long)
 .text._ZN5Print5printEc
                0x08002ccc        0xc ..\obj\Print.o
                0x08002ccc                Print::print(char)
 .text._ZN5Print11printNumberEyh
                0x08002cd8       0x70 ..\obj\Print.o
                0x08002cd8                Print::printNumber(unsigned long long, unsigned char)
 .text._ZN5Print5printEyi
                0x08002d48       0x1c ..\obj\Print.o
                0x08002d48                Print::print(unsigned long long, int)
 .text._ZN5Print5printEhi
                0x08002d64       0x14 ..\obj\Print.o
                0x08002d64                Print::print(unsigned char, int)
 .text._sbrk    0x08002d78       0x1c ..\obj\syscalls.o
                0x08002d78                _sbrk
 .text._close   0x08002d94        0x8 ..\obj\syscalls.o
                0x08002d94                _close
 .text._fstat   0x08002d9c        0xc ..\obj\syscalls.o
                0x08002d9c                _fstat
 .text._isatty  0x08002da8        0x4 ..\obj\syscalls.o
                0x08002da8                _isatty
 .text._lseek   0x08002dac        0x4 ..\obj\syscalls.o
                0x08002dac                _lseek
 .text._read    0x08002db0        0x4 ..\obj\syscalls.o
                0x08002db0                _read
 .text._write   0x08002db4        0x4 ..\obj\syscalls.o
                0x08002db4                _write
 .text.abort    0x08002db8        0x4 ..\obj\syscalls.o
                0x08002db8                abort
 .text._ZN6SystemC2Ev
                0x08002dbc       0x48 ..\obj\cPi.o
                0x08002dbc                System::System()
                0x08002dbc                System::System()
 .text.SysTickIntHandler
                0x08002e04       0x10 ..\obj\cPi.o
                0x08002e04                SysTickIntHandler
 .text._Z5delaym
                0x08002e14       0x20 ..\obj\cPi.o
                0x08002e14                delay(unsigned long)
 .text._Z17delayMicrosecondsm
                0x08002e34        0xc ..\obj\cPi.o
                0x08002e34                delayMicroseconds(unsigned long)
 .text.startup._GLOBAL__sub_I__ZN6SystemC2Ev
                0x08002e40        0xc ..\obj\cPi.o
 .text.RTCIntHandler
                0x08002e4c       0x40 ..\obj\xrtc.o
                0x08002e4c                RTCIntHandler
 .text.IntCallback
                0x08002e8c       0x5c ..\obj\UART_Channel.o
 .text.UART_PortInit
                0x08002ee8       0xb8 ..\obj\UART_Channel.o
                0x08002ee8                UART_PortInit
 .text.UART_BlockWrite
                0x08002fa0       0x10 ..\obj\UART_Channel.o
                0x08002fa0                UART_BlockWrite
 .text.UART_ByteWrite
                0x08002fb0       0x20 ..\obj\UART_Channel.o
                0x08002fb0                UART_ByteWrite
 .text.UART_ByteRead
                0x08002fd0       0x1c ..\obj\UART_Channel.o
                0x08002fd0                UART_ByteRead
 .text.UART_TrigSendMsgInt
                0x08002fec       0x20 ..\obj\UART_Channel.o
                0x08002fec                UART_TrigSendMsgInt
 .text.TIM1CCIntHandler
                0x0800300c       0x28 ..\obj\xpwm.o
                0x0800300c                TIM1CCIntHandler
 .text.TIM8CCIntHandler
                0x08003034       0x2c ..\obj\xpwm.o
                0x08003034                TIM8CCIntHandler
 .text.TimerTI1Configure
                0x08003060       0x5c ..\obj\xtimer.o
 .text.TimerTI2Configure
                0x080030bc       0x64 ..\obj\xtimer.o
 .text.TIM1BRKTIM9IntHandler
                0x08003120       0x3c ..\obj\xtimer.o
                0x08003120                TIM1BRKTIM9IntHandler
 .text.TIM1UPTIM10IntHandler
                0x0800315c       0x3c ..\obj\xtimer.o
                0x0800315c                TIM1UPTIM10IntHandler
 .text.TIM1TRGCOMTIM11IntHandler
                0x08003198       0x50 ..\obj\xtimer.o
                0x08003198                TIM1TRGCOMTIM11IntHandler
 .text.TIM2IntHandler
                0x080031e8       0x1c ..\obj\xtimer.o
                0x080031e8                TIM2IntHandler
 .text.TIM3IntHandler
                0x08003204       0x1c ..\obj\xtimer.o
                0x08003204                TIM3IntHandler
 .text.TIM4IntHandler
                0x08003220       0x1c ..\obj\xtimer.o
                0x08003220                TIM4IntHandler
 .text.TIM5IntHandler
                0x0800323c       0x1c ..\obj\xtimer.o
                0x0800323c                TIM5IntHandler
 .text.TIM6IntHandler
                0x08003258       0x1c ..\obj\xtimer.o
                0x08003258                TIM6IntHandler
 .text.TIM7IntHandler
                0x08003274       0x1c ..\obj\xtimer.o
                0x08003274                TIM7IntHandler
 .text.TIM8BRKTIM12IntHandler
                0x08003290       0x3c ..\obj\xtimer.o
                0x08003290                TIM8BRKTIM12IntHandler
 .text.TIM8UPTIM13IntHandler
                0x080032cc       0x3c ..\obj\xtimer.o
                0x080032cc                TIM8UPTIM13IntHandler
 .text.TIM8TRGCOMTIM14IntHandler
                0x08003308       0x3c ..\obj\xtimer.o
                0x08003308                TIM8TRGCOMTIM14IntHandler
 .text.xTimerMatchGet
                0x08003344       0x1c ..\obj\xtimer.o
                0x08003344                xTimerMatchGet
 .text.xTimerIntEnable
                0x08003360       0x20 ..\obj\xtimer.o
                0x08003360                xTimerIntEnable
 .text.xTimerIntCallbackInit
                0x08003380       0xdc ..\obj\xtimer.o
                0x08003380                xTimerIntCallbackInit
 .text.xTimerCaptureEdgeSelect
                0x0800345c       0x38 ..\obj\xtimer.o
                0x0800345c                xTimerCaptureEdgeSelect
 .text.TimerOC1Configure
                0x08003494       0x64 ..\obj\xtimer.o
                0x08003494                TimerOC1Configure
 .text.TimerOC2Configure
                0x080034f8       0x6c ..\obj\xtimer.o
                0x080034f8                TimerOC2Configure
 .text.TimerOC3Configure
                0x08003564       0x6c ..\obj\xtimer.o
                0x08003564                TimerOC3Configure
 .text.TimerOC4Configure
                0x080035d0       0x54 ..\obj\xtimer.o
                0x080035d0                TimerOC4Configure
 .text.TimerICConfigure
                0x08003624      0x10c ..\obj\xtimer.o
                0x08003624                TimerICConfigure
 .text.xTimerCaptureModeSet
                0x08003730       0x44 ..\obj\xtimer.o
                0x08003730                xTimerCaptureModeSet
 .text.TimerStart
                0x08003774        0xc ..\obj\xtimer.o
                0x08003774                TimerStart
 .text.TimerStop
                0x08003780        0xc ..\obj\xtimer.o
                0x08003780                TimerStop
 .text.TimerPrescalerConfigure
                0x0800378c        0x8 ..\obj\xtimer.o
                0x0800378c                TimerPrescalerConfigure
 .text.TimerOCxModeSelect
                0x08003794       0x5c ..\obj\xtimer.o
                0x08003794                TimerOCxModeSelect
 .text.xTimerInitConfig
                0x080037f0      0x194 ..\obj\xtimer.o
                0x080037f0                xTimerInitConfig
 .text.TimerAutoReloadSet
                0x08003984        0x4 ..\obj\xtimer.o
                0x08003984                TimerAutoReloadSet
 .text.startup._GLOBAL__sub_I__ZN8SPIClassC2Ev
                0x08003988       0x10 ..\obj\SPI.o
 .text.MotorShieldOperation
                0x08003998       0x8c ..\obj\Interface.o
                0x08003998                MotorShieldOperation
 .text.UltrasonicSensorOperation
                0x08003a24       0x64 ..\obj\Interface.o
                0x08003a24                UltrasonicSensorOperation
 .text.SystemCtl
                0x08003a88       0x58 ..\obj\Interface.o
                0x08003a88                SystemCtl
 .text.DigitalCompass
                0x08003ae0       0xf0 ..\obj\Interface.o
                0x08003ae0                DigitalCompass
 .text._ZdlPv   0x08003bd0        0x4 ..\obj\new.o
                0x08003bd0                operator delete(void*)
 .text.USART1IntHandler
                0x08003bd4       0x28 ..\obj\xuart.o
                0x08003bd4                USART1IntHandler
 .text.USART2IntHandler
                0x08003bfc       0x28 ..\obj\xuart.o
                0x08003bfc                USART2IntHandler
 .text.USART3IntHandler
                0x08003c24       0x28 ..\obj\xuart.o
                0x08003c24                USART3IntHandler
 .text.UART4IntHandler
                0x08003c4c       0x28 ..\obj\xuart.o
                0x08003c4c                UART4IntHandler
 .text.UART5IntHandler
                0x08003c74       0x28 ..\obj\xuart.o
                0x08003c74                UART5IntHandler
 .text.UARTConfigSet
                0x08003c9c       0xf4 ..\obj\xuart.o
                0x08003c9c                UARTConfigSet
 .text.UARTEnable
                0x08003d90       0x10 ..\obj\xuart.o
                0x08003d90                UARTEnable
 .text.UARTCharPut
                0x08003da0        0xc ..\obj\xuart.o
                0x08003da0                UARTCharPut
 .text.UARTIntEnable
                0x08003dac       0x80 ..\obj\xuart.o
                0x08003dac                UARTIntEnable
 .text.UARTIntDisable
                0x08003e2c       0x80 ..\obj\xuart.o
                0x08003e2c                UARTIntDisable
 .text.UARTIntCallbackInit
                0x08003eac       0x54 ..\obj\xuart.o
                0x08003eac                UARTIntCallbackInit
 .text.UARTBusy
                0x08003f00        0xc ..\obj\xuart.o
                0x08003f00                UARTBusy
 .text.__cxa_end_cleanup
                0x08003f0c        0xc c:/program files/gnu tools arm embedded/4.8 2014q1/bin/../lib/gcc/arm-none-eabi/4.8.3/../../../../arm-none-eabi/lib/armv7-m\libstdc++.a(eh_arm.o)
                0x08003f0c                __cxa_end_cleanup
 .text.__cxa_type_match
                0x08003f18       0xac c:/program files/gnu tools arm embedded/4.8 2014q1/bin/../lib/gcc/arm-none-eabi/4.8.3/../../../../arm-none-eabi/lib/armv7-m\libstdc++.a(eh_arm.o)
                0x08003f18                __cxa_type_match
 .text.__cxa_begin_cleanup
                0x08003fc4       0x64 c:/program files/gnu tools arm embedded/4.8 2014q1/bin/../lib/gcc/arm-none-eabi/4.8.3/../../../../arm-none-eabi/lib/armv7-m\libstdc++.a(eh_arm.o)
                0x08003fc4                __cxa_begin_cleanup
 .text.__gnu_end_cleanup
                0x08004028       0x70 c:/program files/gnu tools arm embedded/4.8 2014q1/bin/../lib/gcc/arm-none-eabi/4.8.3/../../../../arm-none-eabi/lib/armv7-m\libstdc++.a(eh_arm.o)
                0x08004028                __gnu_end_cleanup
 .text._ZNK10__cxxabiv117__class_type_info11__do_upcastEPKS0_PPv
                0x08004098       0x38 c:/program files/gnu tools arm embedded/4.8 2014q1/bin/../lib/gcc/arm-none-eabi/4.8.3/../../../../arm-none-eabi/lib/armv7-m\libstdc++.a(class_type_info.o)
                0x08004098                __cxxabiv1::__class_type_info::__do_upcast(__cxxabiv1::__class_type_info const*, void**) const
 .text._ZNK10__cxxabiv117__class_type_info20__do_find_public_srcEiPKvPKS0_S2_
                0x080040d0        0xc c:/program files/gnu tools arm embedded/4.8 2014q1/bin/../lib/gcc/arm-none-eabi/4.8.3/../../../../arm-none-eabi/lib/armv7-m\libstdc++.a(class_type_info.o)
                0x080040d0                __cxxabiv1::__class_type_info::__do_find_public_src(int, void const*, __cxxabiv1::__class_type_info const*, void const*) const
 .text._ZN10__cxxabiv117__class_type_infoD2Ev
                0x080040dc       0x14 c:/program files/gnu tools arm embedded/4.8 2014q1/bin/../lib/gcc/arm-none-eabi/4.8.3/../../../../arm-none-eabi/lib/armv7-m\libstdc++.a(class_type_info.o)
                0x080040dc                __cxxabiv1::__class_type_info::~__class_type_info()
                0x080040dc                __cxxabiv1::__class_type_info::~__class_type_info()
 .text._ZN10__cxxabiv117__class_type_infoD0Ev
                0x080040f0       0x1c c:/program files/gnu tools arm embedded/4.8 2014q1/bin/../lib/gcc/arm-none-eabi/4.8.3/../../../../arm-none-eabi/lib/armv7-m\libstdc++.a(class_type_info.o)
                0x080040f0                __cxxabiv1::__class_type_info::~__class_type_info()
 .text._ZNK10__cxxabiv117__class_type_info11__do_upcastEPKS0_PKvRNS0_15__upcast_resultE
                0x0800410c       0x18 c:/program files/gnu tools arm embedded/4.8 2014q1/bin/../lib/gcc/arm-none-eabi/4.8.3/../../../../arm-none-eabi/lib/armv7-m\libstdc++.a(class_type_info.o)
                0x0800410c                __cxxabiv1::__class_type_info::__do_upcast(__cxxabiv1::__class_type_info const*, void const*, __cxxabiv1::__class_type_info::__upcast_result&) const
 .text._ZNK10__cxxabiv117__class_type_info10__do_catchEPKSt9type_infoPPvj
                0x08004124       0x24 c:/program files/gnu tools arm embedded/4.8 2014q1/bin/../lib/gcc/arm-none-eabi/4.8.3/../../../../arm-none-eabi/lib/armv7-m\libstdc++.a(class_type_info.o)
                0x08004124                __cxxabiv1::__class_type_info::__do_catch(std::type_info const*, void**, unsigned int) const
 .text._ZNK10__cxxabiv117__class_type_info12__do_dyncastEiNS0_10__sub_kindEPKS0_PKvS3_S5_RNS0_16__dyncast_resultE
                0x08004148       0x40 c:/program files/gnu tools arm embedded/4.8 2014q1/bin/../lib/gcc/arm-none-eabi/4.8.3/../../../../arm-none-eabi/lib/armv7-m\libstdc++.a(class_type_info.o)
                0x08004148                __cxxabiv1::__class_type_info::__do_dyncast(int, __cxxabiv1::__class_type_info::__sub_kind, __cxxabiv1::__class_type_info const*, void const*, __cxxabiv1::__class_type_info const*, void const*, __cxxabiv1::__class_type_info::__dyncast_result&) const
 .text._ZN10__cxxabiv120__si_class_type_infoD2Ev
                0x08004188       0x14 c:/program files/gnu tools arm embedded/4.8 2014q1/bin/../lib/gcc/arm-none-eabi/4.8.3/../../../../arm-none-eabi/lib/armv7-m\libstdc++.a(si_class_type_info.o)
                0x08004188                __cxxabiv1::__si_class_type_info::~__si_class_type_info()
                0x08004188                __cxxabiv1::__si_class_type_info::~__si_class_type_info()
 .text._ZN10__cxxabiv120__si_class_type_infoD0Ev
                0x0800419c       0x1c c:/program files/gnu tools arm embedded/4.8 2014q1/bin/../lib/gcc/arm-none-eabi/4.8.3/../../../../arm-none-eabi/lib/armv7-m\libstdc++.a(si_class_type_info.o)
                0x0800419c                __cxxabiv1::__si_class_type_info::~__si_class_type_info()
 .text._ZNK10__cxxabiv120__si_class_type_info20__do_find_public_srcEiPKvPKNS_17__class_type_infoES2_
                0x080041b8       0x34 c:/program files/gnu tools arm embedded/4.8 2014q1/bin/../lib/gcc/arm-none-eabi/4.8.3/../../../../arm-none-eabi/lib/armv7-m\libstdc++.a(si_class_type_info.o)
                0x080041b8                __cxxabiv1::__si_class_type_info::__do_find_public_src(int, void const*, __cxxabiv1::__class_type_info const*, void const*) const
 .text._ZNK10__cxxabiv120__si_class_type_info12__do_dyncastEiNS_17__class_type_info10__sub_kindEPKS1_PKvS4_S6_RNS1_16__dyncast_resultE
                0x080041ec       0x98 c:/program files/gnu tools arm embedded/4.8 2014q1/bin/../lib/gcc/arm-none-eabi/4.8.3/../../../../arm-none-eabi/lib/armv7-m\libstdc++.a(si_class_type_info.o)
                0x080041ec                __cxxabiv1::__si_class_type_info::__do_dyncast(int, __cxxabiv1::__class_type_info::__sub_kind, __cxxabiv1::__class_type_info const*, void const*, __cxxabiv1::__class_type_info const*, void const*, __cxxabiv1::__class_type_info::__dyncast_result&) const
 .text._ZNK10__cxxabiv120__si_class_type_info11__do_upcastEPKNS_17__class_type_infoEPKvRNS1_15__upcast_resultE
                0x08004284       0x20 c:/program files/gnu tools arm embedded/4.8 2014q1/bin/../lib/gcc/arm-none-eabi/4.8.3/../../../../arm-none-eabi/lib/armv7-m\libstdc++.a(si_class_type_info.o)
                0x08004284                __cxxabiv1::__si_class_type_info::__do_upcast(__cxxabiv1::__class_type_info const*, void const*, __cxxabiv1::__class_type_info::__upcast_result&) const
 .text._ZL12read_sleb128PKhPl
                0x080042a4       0x34 c:/program files/gnu tools arm embedded/4.8 2014q1/bin/../lib/gcc/arm-none-eabi/4.8.3/../../../../arm-none-eabi/lib/armv7-m\libstdc++.a(eh_personality.o)
 .text._ZL28read_encoded_value_with_basehjPKhPj
                0x080042d8       0xb0 c:/program files/gnu tools arm embedded/4.8 2014q1/bin/../lib/gcc/arm-none-eabi/4.8.3/../../../../arm-none-eabi/lib/armv7-m\libstdc++.a(eh_personality.o)
 .text._ZL21base_of_encoded_valuehP15_Unwind_Context
                0x08004388       0x4c c:/program files/gnu tools arm embedded/4.8 2014q1/bin/../lib/gcc/arm-none-eabi/4.8.3/../../../../arm-none-eabi/lib/armv7-m\libstdc++.a(eh_personality.o)
 .text._ZL17parse_lsda_headerP15_Unwind_ContextPKhP16lsda_header_info
                0x080043d4       0x94 c:/program files/gnu tools arm embedded/4.8 2014q1/bin/../lib/gcc/arm-none-eabi/4.8.3/../../../../arm-none-eabi/lib/armv7-m\libstdc++.a(eh_personality.o)
 .text.__gxx_personality_v0
                0x08004468      0x40c c:/program files/gnu tools arm embedded/4.8 2014q1/bin/../lib/gcc/arm-none-eabi/4.8.3/../../../../arm-none-eabi/lib/armv7-m\libstdc++.a(eh_personality.o)
                0x08004468                __gxx_personality_v0
 .text._ZN10__cxxabiv111__terminateEPFvvE
                0x08004874       0x28 c:/program files/gnu tools arm embedded/4.8 2014q1/bin/../lib/gcc/arm-none-eabi/4.8.3/../../../../arm-none-eabi/lib/armv7-m\libstdc++.a(eh_terminate.o)
                0x08004874                __cxxabiv1::__terminate(void (*)())
 .text._ZSt9terminatev
                0x0800489c       0x10 c:/program files/gnu tools arm embedded/4.8 2014q1/bin/../lib/gcc/arm-none-eabi/4.8.3/../../../../arm-none-eabi/lib/armv7-m\libstdc++.a(eh_terminate.o)
                0x0800489c                std::terminate()
 .text._ZN10__cxxabiv112__unexpectedEPFvvE
                0x080048ac        0x8 c:/program files/gnu tools arm embedded/4.8 2014q1/bin/../lib/gcc/arm-none-eabi/4.8.3/../../../../arm-none-eabi/lib/armv7-m\libstdc++.a(eh_terminate.o)
                0x080048ac                __cxxabiv1::__unexpected(void (*)())
 .text._ZSt10unexpectedv
                0x080048b4       0x10 c:/program files/gnu tools arm embedded/4.8 2014q1/bin/../lib/gcc/arm-none-eabi/4.8.3/../../../../arm-none-eabi/lib/armv7-m\libstdc++.a(eh_terminate.o)
                0x080048b4                std::unexpected()
 .text.__cxa_get_globals_fast
                0x080048c4        0x8 c:/program files/gnu tools arm embedded/4.8 2014q1/bin/../lib/gcc/arm-none-eabi/4.8.3/../../../../arm-none-eabi/lib/armv7-m\libstdc++.a(eh_globals.o)
                0x080048c4                __cxa_get_globals_fast
 .text.__cxa_get_globals
                0x080048cc        0x8 c:/program files/gnu tools arm embedded/4.8 2014q1/bin/../lib/gcc/arm-none-eabi/4.8.3/../../../../arm-none-eabi/lib/armv7-m\libstdc++.a(eh_globals.o)
                0x080048cc                __cxa_get_globals
 .text.__cxa_begin_catch
                0x080048d4       0x8c c:/program files/gnu tools arm embedded/4.8 2014q1/bin/../lib/gcc/arm-none-eabi/4.8.3/../../../../arm-none-eabi/lib/armv7-m\libstdc++.a(eh_catch.o)
                0x080048d4                __cxa_begin_catch
 .text.__cxa_end_catch
                0x08004960       0x8c c:/program files/gnu tools arm embedded/4.8 2014q1/bin/../lib/gcc/arm-none-eabi/4.8.3/../../../../arm-none-eabi/lib/armv7-m\libstdc++.a(eh_catch.o)
                0x08004960                __cxa_end_catch
 .text._ZNSt9type_infoD2Ev
                0x080049ec        0xc c:/program files/gnu tools arm embedded/4.8 2014q1/bin/../lib/gcc/arm-none-eabi/4.8.3/../../../../arm-none-eabi/lib/armv7-m\libstdc++.a(tinfo.o)
                0x080049ec                std::type_info::~type_info()
                0x080049ec                std::type_info::~type_info()
 .text._ZNKSt9type_info14__is_pointer_pEv
                0x080049f8        0x4 c:/program files/gnu tools arm embedded/4.8 2014q1/bin/../lib/gcc/arm-none-eabi/4.8.3/../../../../arm-none-eabi/lib/armv7-m\libstdc++.a(tinfo.o)
                0x080049f8                std::type_info::__is_pointer_p() const
 .text._ZNKSt9type_info15__is_function_pEv
                0x080049fc        0x4 c:/program files/gnu tools arm embedded/4.8 2014q1/bin/../lib/gcc/arm-none-eabi/4.8.3/../../../../arm-none-eabi/lib/armv7-m\libstdc++.a(tinfo.o)
                0x080049fc                std::type_info::__is_function_p() const
 .text._ZNKSt9type_info11__do_upcastEPKN10__cxxabiv117__class_type_infoEPPv
                0x08004a00        0x4 c:/program files/gnu tools arm embedded/4.8 2014q1/bin/../lib/gcc/arm-none-eabi/4.8.3/../../../../arm-none-eabi/lib/armv7-m\libstdc++.a(tinfo.o)
                0x08004a00                std::type_info::__do_upcast(__cxxabiv1::__class_type_info const*, void**) const
 .text._ZNSt9type_infoD0Ev
                0x08004a04       0x14 c:/program files/gnu tools arm embedded/4.8 2014q1/bin/../lib/gcc/arm-none-eabi/4.8.3/../../../../arm-none-eabi/lib/armv7-m\libstdc++.a(tinfo.o)
                0x08004a04                std::type_info::~type_info()
 .text._ZNKSt9type_infoeqERKS_
                0x08004a18       0x30 c:/program files/gnu tools arm embedded/4.8 2014q1/bin/../lib/gcc/arm-none-eabi/4.8.3/../../../../arm-none-eabi/lib/armv7-m\libstdc++.a(tinfo.o)
                0x08004a18                std::type_info::operator==(std::type_info const&) const
 .text._ZNKSt9type_info10__do_catchEPKS_PPvj
                0x08004a48        0x4 c:/program files/gnu tools arm embedded/4.8 2014q1/bin/../lib/gcc/arm-none-eabi/4.8.3/../../../../arm-none-eabi/lib/armv7-m\libstdc++.a(tinfo.o)
                0x08004a48                std::type_info::__do_catch(std::type_info const*, void**, unsigned int) const
 .text._ZNSt9exceptionD2Ev
                0x08004a4c        0xc c:/program files/gnu tools arm embedded/4.8 2014q1/bin/../lib/gcc/arm-none-eabi/4.8.3/../../../../arm-none-eabi/lib/armv7-m\libstdc++.a(eh_exception.o)
                0x08004a4c                std::exception::~exception()
                0x08004a4c                std::exception::~exception()
 .text._ZNSt13bad_exceptionD2Ev
                0x08004a58        0xc c:/program files/gnu tools arm embedded/4.8 2014q1/bin/../lib/gcc/arm-none-eabi/4.8.3/../../../../arm-none-eabi/lib/armv7-m\libstdc++.a(eh_exception.o)
                0x08004a58                std::bad_exception::~bad_exception()
                0x08004a58                std::bad_exception::~bad_exception()
 .text._ZNKSt9exception4whatEv
                0x08004a64        0x8 c:/program files/gnu tools arm embedded/4.8 2014q1/bin/../lib/gcc/arm-none-eabi/4.8.3/../../../../arm-none-eabi/lib/armv7-m\libstdc++.a(eh_exception.o)
                0x08004a64                std::exception::what() const
 .text._ZNKSt13bad_exception4whatEv
                0x08004a6c        0x8 c:/program files/gnu tools arm embedded/4.8 2014q1/bin/../lib/gcc/arm-none-eabi/4.8.3/../../../../arm-none-eabi/lib/armv7-m\libstdc++.a(eh_exception.o)
                0x08004a6c                std::bad_exception::what() const
 .text._ZNSt9exceptionD0Ev
                0x08004a74       0x14 c:/program files/gnu tools arm embedded/4.8 2014q1/bin/../lib/gcc/arm-none-eabi/4.8.3/../../../../arm-none-eabi/lib/armv7-m\libstdc++.a(eh_exception.o)
                0x08004a74                std::exception::~exception()
 .text._ZNSt13bad_exceptionD0Ev
                0x08004a88       0x14 c:/program files/gnu tools arm embedded/4.8 2014q1/bin/../lib/gcc/arm-none-eabi/4.8.3/../../../../arm-none-eabi/lib/armv7-m\libstdc++.a(eh_exception.o)
                0x08004a88                std::bad_exception::~bad_exception()
 .text._ZN10__cxxabiv1L24__is_gxx_exception_classEPc
                0x08004a9c       0x3c c:/program files/gnu tools arm embedded/4.8 2014q1/bin/../lib/gcc/arm-none-eabi/4.8.3/../../../../arm-none-eabi/lib/armv7-m\libstdc++.a(eh_call.o)
 .text.__cxa_call_terminate
                0x08004ad8       0x20 c:/program files/gnu tools arm embedded/4.8 2014q1/bin/../lib/gcc/arm-none-eabi/4.8.3/../../../../arm-none-eabi/lib/armv7-m\libstdc++.a(eh_call.o)
                0x08004ad8                __cxa_call_terminate
 .text.__cxa_call_unexpected
                0x08004af8       0xd8 c:/program files/gnu tools arm embedded/4.8 2014q1/bin/../lib/gcc/arm-none-eabi/4.8.3/../../../../arm-none-eabi/lib/armv7-m\libstdc++.a(eh_call.o)
                0x08004af8                __cxa_call_unexpected
 .text._ZN9__gnu_cxx27__verbose_terminate_handlerEv
                0x08004bd0      0x114 c:/program files/gnu tools arm embedded/4.8 2014q1/bin/../lib/gcc/arm-none-eabi/4.8.3/../../../../arm-none-eabi/lib/armv7-m\libstdc++.a(vterminate.o)
                0x08004bd0                __gnu_cxx::__verbose_terminate_handler()
 .text._ZL23__gxx_exception_cleanup19_Unwind_Reason_CodeP21_Unwind_Control_Block
                0x08004ce4       0x44 c:/program files/gnu tools arm embedded/4.8 2014q1/bin/../lib/gcc/arm-none-eabi/4.8.3/../../../../arm-none-eabi/lib/armv7-m\libstdc++.a(eh_throw.o)
 .text.__cxa_throw
                0x08004d28       0x90 c:/program files/gnu tools arm embedded/4.8 2014q1/bin/../lib/gcc/arm-none-eabi/4.8.3/../../../../arm-none-eabi/lib/armv7-m\libstdc++.a(eh_throw.o)
                0x08004d28                __cxa_throw
 .text.__cxa_rethrow
                0x08004db8       0x70 c:/program files/gnu tools arm embedded/4.8 2014q1/bin/../lib/gcc/arm-none-eabi/4.8.3/../../../../arm-none-eabi/lib/armv7-m\libstdc++.a(eh_throw.o)
                0x08004db8                __cxa_rethrow
 .text.__cxa_current_exception_type
                0x08004e28       0x1c c:/program files/gnu tools arm embedded/4.8 2014q1/bin/../lib/gcc/arm-none-eabi/4.8.3/../../../../arm-none-eabi/lib/armv7-m\libstdc++.a(eh_type.o)
                0x08004e28                __cxa_current_exception_type
 .text.__cxa_allocate_exception
                0x08004e44       0x58 c:/program files/gnu tools arm embedded/4.8 2014q1/bin/../lib/gcc/arm-none-eabi/4.8.3/../../../../arm-none-eabi/lib/armv7-m\libstdc++.a(eh_alloc.o)
                0x08004e44                __cxa_allocate_exception
 .text.__cxa_free_exception
                0x08004e9c       0x34 c:/program files/gnu tools arm embedded/4.8 2014q1/bin/../lib/gcc/arm-none-eabi/4.8.3/../../../../arm-none-eabi/lib/armv7-m\libstdc++.a(eh_alloc.o)
                0x08004e9c                __cxa_free_exception
 .text          0x08004ed0     0x57a0 c:/program files/gnu tools arm embedded/4.8 2014q1/bin/../lib/gcc/arm-none-eabi/4.8.3/../../../../arm-none-eabi/lib/armv7-m\libstdc++.a(cp-demangle.o)
                0x0800a590                __cxa_demangle
                0x0800a654                __gcclibcxx_demangle_callback
 .text.floor    0x0800a670      0x120 c:/program files/gnu tools arm embedded/4.8 2014q1/bin/../lib/gcc/arm-none-eabi/4.8.3/../../../../arm-none-eabi/lib/armv7-m\libm.a(lib_a-s_floor.o)
                0x0800a670                floor
 .text.__fpclassifyd
                0x0800a790       0x50 c:/program files/gnu tools arm embedded/4.8 2014q1/bin/../lib/gcc/arm-none-eabi/4.8.3/../../../../arm-none-eabi/lib/armv7-m\libm.a(lib_a-s_fpclassify.o)
                0x0800a790                __fpclassifyd
 .text.atan2    0x0800a7e0        0x4 c:/program files/gnu tools arm embedded/4.8 2014q1/bin/../lib/gcc/arm-none-eabi/4.8.3/../../../../arm-none-eabi/lib/armv7-m\libm.a(lib_a-w_atan2.o)
                0x0800a7e0                atan2
 *fill*         0x0800a7e4        0x4 
 .text.__ieee754_atan2
                0x0800a7e8      0x1f0 c:/program files/gnu tools arm embedded/4.8 2014q1/bin/../lib/gcc/arm-none-eabi/4.8.3/../../../../arm-none-eabi/lib/armv7-m\libm.a(lib_a-e_atan2.o)
                0x0800a7e8                __ieee754_atan2
 .text.atan     0x0800a9d8      0x350 c:/program files/gnu tools arm embedded/4.8 2014q1/bin/../lib/gcc/arm-none-eabi/4.8.3/../../../../arm-none-eabi/lib/armv7-m\libm.a(lib_a-s_atan.o)
                0x0800a9d8                atan
 .text.fabs     0x0800ad28        0x8 c:/program files/gnu tools arm embedded/4.8 2014q1/bin/../lib/gcc/arm-none-eabi/4.8.3/../../../../arm-none-eabi/lib/armv7-m\libm.a(lib_a-s_fabs.o)
                0x0800ad28                fabs
 .text          0x0800ad30      0x370 ..\..\..\..\..\..\..\..\..\Program Files\GNU Tools ARM Embedded\4.7 2013q1\arm-none-eabi\lib\armv7-m\libgcc.a(_arm_addsubdf3.o)
                0x0800ad30                __aeabi_drsub
                0x0800ad38                __aeabi_dsub
                0x0800ad38                __subdf3
                0x0800ad3c                __aeabi_dadd
                0x0800ad3c                __adddf3
                0x0800afb4                __floatunsidf
                0x0800afb4                __aeabi_ui2d
                0x0800afd4                __floatsidf
                0x0800afd4                __aeabi_i2d
                0x0800aff8                __aeabi_f2d
                0x0800aff8                __extendsfdf2
                0x0800b034                __floatundidf
                0x0800b034                __aeabi_ul2d
                0x0800b044                __floatdidf
                0x0800b044                __aeabi_l2d
 .text          0x0800b0a0      0x424 ..\..\..\..\..\..\..\..\..\Program Files\GNU Tools ARM Embedded\4.7 2013q1\arm-none-eabi\lib\armv7-m\libgcc.a(_arm_muldivdf3.o)
                0x0800b0a0                __aeabi_dmul
                0x0800b0a0                __muldf3
                0x0800b2f4                __divdf3
                0x0800b2f4                __aeabi_ddiv
 .text          0x0800b4c4      0x110 ..\..\..\..\..\..\..\..\..\Program Files\GNU Tools ARM Embedded\4.7 2013q1\arm-none-eabi\lib\armv7-m\libgcc.a(_arm_cmpdf2.o)
                0x0800b4c4                __gtdf2
                0x0800b4c4                __gedf2
                0x0800b4cc                __ltdf2
                0x0800b4cc                __ledf2
                0x0800b4d4                __nedf2
                0x0800b4d4                __eqdf2
                0x0800b4d4                __cmpdf2
                0x0800b550                __aeabi_cdrcmple
                0x0800b560                __aeabi_cdcmpeq
                0x0800b560                __aeabi_cdcmple
                0x0800b570                __aeabi_dcmpeq
                0x0800b584                __aeabi_dcmplt
                0x0800b598                __aeabi_dcmple
                0x0800b5ac                __aeabi_dcmpge
                0x0800b5c0                __aeabi_dcmpgt
 .text          0x0800b5d4       0x50 ..\..\..\..\..\..\..\..\..\Program Files\GNU Tools ARM Embedded\4.7 2013q1\arm-none-eabi\lib\armv7-m\libgcc.a(_arm_fixdfsi.o)
                0x0800b5d4                __aeabi_d2iz
                0x0800b5d4                __fixdfsi
 .text          0x0800b624       0x40 ..\..\..\..\..\..\..\..\..\Program Files\GNU Tools ARM Embedded\4.7 2013q1\arm-none-eabi\lib\armv7-m\libgcc.a(_arm_fixunsdfsi.o)
                0x0800b624                __aeabi_d2uiz
                0x0800b624                __fixunsdfsi
 .text          0x0800b664       0xa0 ..\..\..\..\..\..\..\..\..\Program Files\GNU Tools ARM Embedded\4.7 2013q1\arm-none-eabi\lib\armv7-m\libgcc.a(_arm_truncdfsf2.o)
                0x0800b664                __truncdfsf2
                0x0800b664                __aeabi_d2f
 .text          0x0800b704      0x21c ..\..\..\..\..\..\..\..\..\Program Files\GNU Tools ARM Embedded\4.7 2013q1\arm-none-eabi\lib\armv7-m\libgcc.a(_arm_addsubsf3.o)
                0x0800b704                __aeabi_frsub
                0x0800b70c                __subsf3
                0x0800b70c                __aeabi_fsub
                0x0800b710                __aeabi_fadd
                0x0800b710                __addsf3
                0x0800b870                __aeabi_ui2f
                0x0800b870                __floatunsisf
                0x0800b878                __aeabi_i2f
                0x0800b878                __floatsisf
                0x0800b894                __aeabi_ul2f
                0x0800b894                __floatundisf
                0x0800b8a4                __aeabi_l2f
                0x0800b8a4                __floatdisf
 .text          0x0800b920      0x2a0 ..\..\..\..\..\..\..\..\..\Program Files\GNU Tools ARM Embedded\4.7 2013q1\arm-none-eabi\lib\armv7-m\libgcc.a(_arm_muldivsf3.o)
                0x0800b920                __mulsf3
                0x0800b920                __aeabi_fmul
                0x0800ba88                __aeabi_fdiv
                0x0800ba88                __divsf3
 .text          0x0800bbc0       0x2c ..\..\..\..\..\..\..\..\..\Program Files\GNU Tools ARM Embedded\4.7 2013q1\arm-none-eabi\lib\armv7-m\libgcc.a(_aeabi_uldivmod.o)
                0x0800bbc0                __aeabi_uldivmod
 .text          0x0800bbec       0x60 ..\..\..\..\..\..\..\..\..\Program Files\GNU Tools ARM Embedded\4.7 2013q1\arm-none-eabi\lib\armv7-m\libgcc.a(bpabi.o)
                0x0800bbec                __gnu_ldivmod_helper
                0x0800bc1c                __gnu_uldivmod_helper
 .text          0x0800bc4c      0xa28 ..\..\..\..\..\..\..\..\..\Program Files\GNU Tools ARM Embedded\4.7 2013q1\arm-none-eabi\lib\armv7-m\libgcc.a(unwind-arm.o)
                0x0800bf30                _Unwind_GetCFA
                0x0800bf34                __gnu_Unwind_RaiseException
                0x0800bf94                __gnu_Unwind_ForcedUnwind
                0x0800bfa8                __gnu_Unwind_Resume
                0x0800bfec                __gnu_Unwind_Resume_or_Rethrow
                0x0800c008                _Unwind_Complete
                0x0800c00c                _Unwind_DeleteException
                0x0800c01c                _Unwind_VRS_Get
                0x0800c06c                _Unwind_VRS_Set
                0x0800c0bc                __gnu_Unwind_Backtrace
                0x0800c410                __aeabi_unwind_cpp_pr0
                0x0800c418                __aeabi_unwind_cpp_pr1
                0x0800c420                __aeabi_unwind_cpp_pr2
                0x0800c428                _Unwind_VRS_Pop
 .text          0x0800c674      0x1ac ..\..\..\..\..\..\..\..\..\Program Files\GNU Tools ARM Embedded\4.7 2013q1\arm-none-eabi\lib\armv7-m\libgcc.a(libunwind.o)
                0x0800c674                __restore_core_regs
                0x0800c674                restore_core_regs
                0x0800c68c                __gnu_Unwind_Restore_VFP
                0x0800c694                __gnu_Unwind_Save_VFP
                0x0800c69c                __gnu_Unwind_Restore_VFP_D
                0x0800c6a4                __gnu_Unwind_Save_VFP_D
                0x0800c6ac                __gnu_Unwind_Restore_VFP_D_16_to_31
                0x0800c6b4                __gnu_Unwind_Save_VFP_D_16_to_31
                0x0800c6bc                __gnu_Unwind_Restore_WMMXD
                0x0800c700                __gnu_Unwind_Save_WMMXD
                0x0800c744                __gnu_Unwind_Restore_WMMXC
                0x0800c758                __gnu_Unwind_Save_WMMXC
                0x0800c76c                ___Unwind_RaiseException
                0x0800c76c                _Unwind_RaiseException
                0x0800c790                _Unwind_Resume
                0x0800c790                ___Unwind_Resume
                0x0800c7b4                _Unwind_Resume_or_Rethrow
                0x0800c7b4                ___Unwind_Resume_or_Rethrow
                0x0800c7d8                _Unwind_ForcedUnwind
                0x0800c7d8                ___Unwind_ForcedUnwind
                0x0800c7fc                ___Unwind_Backtrace
                0x0800c7fc                _Unwind_Backtrace
 .text          0x0800c820      0x33c ..\..\..\..\..\..\..\..\..\Program Files\GNU Tools ARM Embedded\4.7 2013q1\arm-none-eabi\lib\armv7-m\libgcc.a(pr-support.o)
                0x0800c874                __gnu_unwind_execute
                0x0800cb04                __gnu_unwind_frame
                0x0800cb2c                _Unwind_GetRegionStart
                0x0800cb38                _Unwind_GetLanguageSpecificData
                0x0800cb4c                _Unwind_GetDataRelBase
                0x0800cb54                _Unwind_GetTextRelBase
 .text          0x0800cb5c        0x4 ..\..\..\..\..\..\..\..\..\Program Files\GNU Tools ARM Embedded\4.7 2013q1\arm-none-eabi\lib\armv7-m\libgcc.a(_dvmd_tls.o)
                0x0800cb5c                __aeabi_idiv0
                0x0800cb5c                __aeabi_ldiv0
 .text          0x0800cb60      0x2a0 ..\..\..\..\..\..\..\..\..\Program Files\GNU Tools ARM Embedded\4.7 2013q1\arm-none-eabi\lib\armv7-m\libgcc.a(_divdi3.o)
                0x0800cb60                __divdi3
 .text          0x0800ce00      0x290 ..\..\..\..\..\..\..\..\..\Program Files\GNU Tools ARM Embedded\4.7 2013q1\arm-none-eabi\lib\armv7-m\libgcc.a(_udivdi3.o)
                0x0800ce00                __udivdi3
 .text.fputc    0x0800d090       0x28 c:/program files/gnu tools arm embedded/4.8 2014q1/bin/../lib/gcc/arm-none-eabi/4.8.3/../../../../arm-none-eabi/lib/armv7-m\libg.a(lib_a-fputc.o)
                0x0800d090                fputc
 .text._fputs_r
                0x0800d0b8       0x4c c:/program files/gnu tools arm embedded/4.8 2014q1/bin/../lib/gcc/arm-none-eabi/4.8.3/../../../../arm-none-eabi/lib/armv7-m\libg.a(lib_a-fputs.o)
                0x0800d0b8                _fputs_r
 .text.fputs    0x0800d104       0x10 c:/program files/gnu tools arm embedded/4.8 2014q1/bin/../lib/gcc/arm-none-eabi/4.8.3/../../../../arm-none-eabi/lib/armv7-m\libg.a(lib_a-fputs.o)
                0x0800d104                fputs
 .text.__sfvwrite_r
                0x0800d114      0x314 c:/program files/gnu tools arm embedded/4.8 2014q1/bin/../lib/gcc/arm-none-eabi/4.8.3/../../../../arm-none-eabi/lib/armv7-m\libg.a(lib_a-fvwrite.o)
                0x0800d114                __sfvwrite_r
 .text._fwrite_r
                0x0800d428       0x64 c:/program files/gnu tools arm embedded/4.8 2014q1/bin/../lib/gcc/arm-none-eabi/4.8.3/../../../../arm-none-eabi/lib/armv7-m\libg.a(lib_a-fwrite.o)
                0x0800d428                _fwrite_r
 .text.fwrite   0x0800d48c       0x24 c:/program files/gnu tools arm embedded/4.8 2014q1/bin/../lib/gcc/arm-none-eabi/4.8.3/../../../../arm-none-eabi/lib/armv7-m\libg.a(lib_a-fwrite.o)
                0x0800d48c                fwrite
 .text.malloc   0x0800d4b0       0x10 c:/program files/gnu tools arm embedded/4.8 2014q1/bin/../lib/gcc/arm-none-eabi/4.8.3/../../../../arm-none-eabi/lib/armv7-m\libg.a(lib_a-malloc.o)
                0x0800d4b0                malloc
 .text.free     0x0800d4c0       0x10 c:/program files/gnu tools arm embedded/4.8 2014q1/bin/../lib/gcc/arm-none-eabi/4.8.3/../../../../arm-none-eabi/lib/armv7-m\libg.a(lib_a-malloc.o)
                0x0800d4c0                free
 .text._malloc_r
                0x0800d4d0      0x538 c:/program files/gnu tools arm embedded/4.8 2014q1/bin/../lib/gcc/arm-none-eabi/4.8.3/../../../../arm-none-eabi/lib/armv7-m\libg.a(lib_a-mallocr.o)
                0x0800d4d0                _malloc_r
 .text.memchr   0x0800da08       0x94 c:/program files/gnu tools arm embedded/4.8 2014q1/bin/../lib/gcc/arm-none-eabi/4.8.3/../../../../arm-none-eabi/lib/armv7-m\libg.a(lib_a-memchr-stub.o)
                0x0800da08                memchr
 .text.memcmp   0x0800da9c       0x68 c:/program files/gnu tools arm embedded/4.8 2014q1/bin/../lib/gcc/arm-none-eabi/4.8.3/../../../../arm-none-eabi/lib/armv7-m\libg.a(lib_a-memcmp.o)
                0x0800da9c                memcmp
 .text          0x0800db04       0xec c:/program files/gnu tools arm embedded/4.8 2014q1/bin/../lib/gcc/arm-none-eabi/4.8.3/../../../../arm-none-eabi/lib/armv7-m\libg.a(lib_a-memcpy.o)
                0x0800db04                memcpy
 .text.memmove  0x0800dbf0       0xcc c:/program files/gnu tools arm embedded/4.8 2014q1/bin/../lib/gcc/arm-none-eabi/4.8.3/../../../../arm-none-eabi/lib/armv7-m\libg.a(lib_a-memmove.o)
                0x0800dbf0                memmove
 .text.memset   0x0800dcbc       0x94 c:/program files/gnu tools arm embedded/4.8 2014q1/bin/../lib/gcc/arm-none-eabi/4.8.3/../../../../arm-none-eabi/lib/armv7-m\libg.a(lib_a-memset.o)
                0x0800dcbc                memset
 .text.__malloc_lock
                0x0800dd50        0x4 c:/program files/gnu tools arm embedded/4.8 2014q1/bin/../lib/gcc/arm-none-eabi/4.8.3/../../../../arm-none-eabi/lib/armv7-m\libg.a(lib_a-mlock.o)
                0x0800dd50                __malloc_lock
 .text.__malloc_unlock
                0x0800dd54        0x4 c:/program files/gnu tools arm embedded/4.8 2014q1/bin/../lib/gcc/arm-none-eabi/4.8.3/../../../../arm-none-eabi/lib/armv7-m\libg.a(lib_a-mlock.o)
                0x0800dd54                __malloc_unlock
 .text._putc_r  0x0800dd58       0x58 c:/program files/gnu tools arm embedded/4.8 2014q1/bin/../lib/gcc/arm-none-eabi/4.8.3/../../../../arm-none-eabi/lib/armv7-m\libg.a(lib_a-putc.o)
                0x0800dd58                _putc_r
 .text.realloc  0x0800ddb0       0x10 c:/program files/gnu tools arm embedded/4.8 2014q1/bin/../lib/gcc/arm-none-eabi/4.8.3/../../../../arm-none-eabi/lib/armv7-m\libg.a(lib_a-realloc.o)
                0x0800ddb0                realloc
 .text._realloc_r
                0x0800ddc0      0x3c0 c:/program files/gnu tools arm embedded/4.8 2014q1/bin/../lib/gcc/arm-none-eabi/4.8.3/../../../../arm-none-eabi/lib/armv7-m\libg.a(lib_a-reallocr.o)
                0x0800ddc0                _realloc_r
 .text._sbrk_r  0x0800e180       0x24 c:/program files/gnu tools arm embedded/4.8 2014q1/bin/../lib/gcc/arm-none-eabi/4.8.3/../../../../arm-none-eabi/lib/armv7-m\libg.a(lib_a-sbrkr.o)
                0x0800e180                _sbrk_r
 .text.sprintf  0x0800e1a4       0x4c c:/program files/gnu tools arm embedded/4.8 2014q1/bin/../lib/gcc/arm-none-eabi/4.8.3/../../../../arm-none-eabi/lib/armv7-m\libg.a(lib_a-sprintf.o)
                0x0800e1a4                sprintf
 .text          0x0800e1f0      0x23c c:/program files/gnu tools arm embedded/4.8 2014q1/bin/../lib/gcc/arm-none-eabi/4.8.3/../../../../arm-none-eabi/lib/armv7-m\libg.a(lib_a-strcmp.o)
                0x0800e1f0                strcmp
 .text.strlen   0x0800e42c       0x60 c:/program files/gnu tools arm embedded/4.8 2014q1/bin/../lib/gcc/arm-none-eabi/4.8.3/../../../../arm-none-eabi/lib/armv7-m\libg.a(lib_a-strlen.o)
                0x0800e42c                strlen
 .text.strncmp  0x0800e48c       0xb4 c:/program files/gnu tools arm embedded/4.8 2014q1/bin/../lib/gcc/arm-none-eabi/4.8.3/../../../../arm-none-eabi/lib/armv7-m\libg.a(lib_a-strncmp.o)
                0x0800e48c                strncmp
 .text._svfprintf_r
                0x0800e540     0x14e0 c:/program files/gnu tools arm embedded/4.8 2014q1/bin/../lib/gcc/arm-none-eabi/4.8.3/../../../../arm-none-eabi/lib/armv7-m\libg.a(lib_a-svfprintf.o)
                0x0800e540                _svfprintf_r
 .text.__swbuf_r
                0x0800fa20       0xa8 c:/program files/gnu tools arm embedded/4.8 2014q1/bin/../lib/gcc/arm-none-eabi/4.8.3/../../../../arm-none-eabi/lib/armv7-m\libg.a(lib_a-wbuf.o)
                0x0800fa20                __swbuf_r
 .text.__swsetup_r
                0x0800fac8       0xc4 c:/program files/gnu tools arm embedded/4.8 2014q1/bin/../lib/gcc/arm-none-eabi/4.8.3/../../../../arm-none-eabi/lib/armv7-m\libg.a(lib_a-wsetup.o)
                0x0800fac8                __swsetup_r
 .text.startup.register_fini
                0x0800fb8c       0x14 c:/program files/gnu tools arm embedded/4.8 2014q1/bin/../lib/gcc/arm-none-eabi/4.8.3/../../../../arm-none-eabi/lib/armv7-m\libg.a(lib_a-__call_atexit.o)
 .text.atexit   0x0800fba0        0xc c:/program files/gnu tools arm embedded/4.8 2014q1/bin/../lib/gcc/arm-none-eabi/4.8.3/../../../../arm-none-eabi/lib/armv7-m\libg.a(lib_a-atexit.o)
                0x0800fba0                atexit
 .text.quorem   0x0800fbac      0x134 c:/program files/gnu tools arm embedded/4.8 2014q1/bin/../lib/gcc/arm-none-eabi/4.8.3/../../../../arm-none-eabi/lib/armv7-m\libg.a(lib_a-dtoa.o)
 .text._dtoa_r  0x0800fce0      0xe38 c:/program files/gnu tools arm embedded/4.8 2014q1/bin/../lib/gcc/arm-none-eabi/4.8.3/../../../../arm-none-eabi/lib/armv7-m\libg.a(lib_a-dtoa.o)
                0x0800fce0                _dtoa_r
 .text.__sflush_r
                0x08010b18      0x148 c:/program files/gnu tools arm embedded/4.8 2014q1/bin/../lib/gcc/arm-none-eabi/4.8.3/../../../../arm-none-eabi/lib/armv7-m\libg.a(lib_a-fflush.o)
                0x08010b18                __sflush_r
 .text._fflush_r
                0x08010c60       0x2c c:/program files/gnu tools arm embedded/4.8 2014q1/bin/../lib/gcc/arm-none-eabi/4.8.3/../../../../arm-none-eabi/lib/armv7-m\libg.a(lib_a-fflush.o)
                0x08010c60                _fflush_r
 .text._cleanup_r
                0x08010c8c        0xc c:/program files/gnu tools arm embedded/4.8 2014q1/bin/../lib/gcc/arm-none-eabi/4.8.3/../../../../arm-none-eabi/lib/armv7-m\libg.a(lib_a-findfp.o)
                0x08010c8c                _cleanup_r
 .text.__sinit  0x08010c98       0xf4 c:/program files/gnu tools arm embedded/4.8 2014q1/bin/../lib/gcc/arm-none-eabi/4.8.3/../../../../arm-none-eabi/lib/armv7-m\libg.a(lib_a-findfp.o)
                0x08010c98                __sinit
 .text.__sfp_lock_acquire
                0x08010d8c        0x4 c:/program files/gnu tools arm embedded/4.8 2014q1/bin/../lib/gcc/arm-none-eabi/4.8.3/../../../../arm-none-eabi/lib/armv7-m\libg.a(lib_a-findfp.o)
                0x08010d8c                __sfp_lock_acquire
 .text.__sfp_lock_release
                0x08010d90        0x4 c:/program files/gnu tools arm embedded/4.8 2014q1/bin/../lib/gcc/arm-none-eabi/4.8.3/../../../../arm-none-eabi/lib/armv7-m\libg.a(lib_a-findfp.o)
                0x08010d90                __sfp_lock_release
 .text.__libc_fini_array
                0x08010d94       0x30 c:/program files/gnu tools arm embedded/4.8 2014q1/bin/../lib/gcc/arm-none-eabi/4.8.3/../../../../arm-none-eabi/lib/armv7-m\libg.a(lib_a-fini.o)
                0x08010d94                __libc_fini_array
 .text._malloc_trim_r
                0x08010dc4       0x9c c:/program files/gnu tools arm embedded/4.8 2014q1/bin/../lib/gcc/arm-none-eabi/4.8.3/../../../../arm-none-eabi/lib/armv7-m\libg.a(lib_a-freer.o)
                0x08010dc4                _malloc_trim_r
 .text._free_r  0x08010e60      0x198 c:/program files/gnu tools arm embedded/4.8 2014q1/bin/../lib/gcc/arm-none-eabi/4.8.3/../../../../arm-none-eabi/lib/armv7-m\libg.a(lib_a-freer.o)
                0x08010e60                _free_r
 .text._fwalk   0x08010ff8       0x48 c:/program files/gnu tools arm embedded/4.8 2014q1/bin/../lib/gcc/arm-none-eabi/4.8.3/../../../../arm-none-eabi/lib/armv7-m\libg.a(lib_a-fwalk.o)
                0x08010ff8                _fwalk
 .text._localeconv_r
                0x08011040        0x8 c:/program files/gnu tools arm embedded/4.8 2014q1/bin/../lib/gcc/arm-none-eabi/4.8.3/../../../../arm-none-eabi/lib/armv7-m\libg.a(lib_a-locale.o)
                0x08011040                _localeconv_r
 .text.__smakebuf_r
                0x08011048       0xe0 c:/program files/gnu tools arm embedded/4.8 2014q1/bin/../lib/gcc/arm-none-eabi/4.8.3/../../../../arm-none-eabi/lib/armv7-m\libg.a(lib_a-makebuf.o)
                0x08011048                __smakebuf_r
 .text._Balloc  0x08011128       0x4c c:/program files/gnu tools arm embedded/4.8 2014q1/bin/../lib/gcc/arm-none-eabi/4.8.3/../../../../arm-none-eabi/lib/armv7-m\libg.a(lib_a-mprec.o)
                0x08011128                _Balloc
 .text._Bfree   0x08011174       0x14 c:/program files/gnu tools arm embedded/4.8 2014q1/bin/../lib/gcc/arm-none-eabi/4.8.3/../../../../arm-none-eabi/lib/armv7-m\libg.a(lib_a-mprec.o)
                0x08011174                _Bfree
 .text.__multadd
                0x08011188       0x94 c:/program files/gnu tools arm embedded/4.8 2014q1/bin/../lib/gcc/arm-none-eabi/4.8.3/../../../../arm-none-eabi/lib/armv7-m\libg.a(lib_a-mprec.o)
                0x08011188                __multadd
 .text.__hi0bits
                0x0801121c       0x40 c:/program files/gnu tools arm embedded/4.8 2014q1/bin/../lib/gcc/arm-none-eabi/4.8.3/../../../../arm-none-eabi/lib/armv7-m\libg.a(lib_a-mprec.o)
                0x0801121c                __hi0bits
 .text.__lo0bits
                0x0801125c       0x5c c:/program files/gnu tools arm embedded/4.8 2014q1/bin/../lib/gcc/arm-none-eabi/4.8.3/../../../../arm-none-eabi/lib/armv7-m\libg.a(lib_a-mprec.o)
                0x0801125c                __lo0bits
 .text.__i2b    0x080112b8       0x14 c:/program files/gnu tools arm embedded/4.8 2014q1/bin/../lib/gcc/arm-none-eabi/4.8.3/../../../../arm-none-eabi/lib/armv7-m\libg.a(lib_a-mprec.o)
                0x080112b8                __i2b
 .text.__multiply
                0x080112cc      0x13c c:/program files/gnu tools arm embedded/4.8 2014q1/bin/../lib/gcc/arm-none-eabi/4.8.3/../../../../arm-none-eabi/lib/armv7-m\libg.a(lib_a-mprec.o)
                0x080112cc                __multiply
 .text.__pow5mult
                0x08011408       0x9c c:/program files/gnu tools arm embedded/4.8 2014q1/bin/../lib/gcc/arm-none-eabi/4.8.3/../../../../arm-none-eabi/lib/armv7-m\libg.a(lib_a-mprec.o)
                0x08011408                __pow5mult
 .text.__lshift
                0x080114a4       0xbc c:/program files/gnu tools arm embedded/4.8 2014q1/bin/../lib/gcc/arm-none-eabi/4.8.3/../../../../arm-none-eabi/lib/armv7-m\libg.a(lib_a-mprec.o)
                0x080114a4                __lshift
 .text.__mcmp   0x08011560       0x48 c:/program files/gnu tools arm embedded/4.8 2014q1/bin/../lib/gcc/arm-none-eabi/4.8.3/../../../../arm-none-eabi/lib/armv7-m\libg.a(lib_a-mprec.o)
                0x08011560                __mcmp
 .text.__mdiff  0x080115a8       0xd8 c:/program files/gnu tools arm embedded/4.8 2014q1/bin/../lib/gcc/arm-none-eabi/4.8.3/../../../../arm-none-eabi/lib/armv7-m\libg.a(lib_a-mprec.o)
                0x080115a8                __mdiff
 .text.__d2b    0x08011680       0xbc c:/program files/gnu tools arm embedded/4.8 2014q1/bin/../lib/gcc/arm-none-eabi/4.8.3/../../../../arm-none-eabi/lib/armv7-m\libg.a(lib_a-mprec.o)
                0x08011680                __d2b
 .text.__sread  0x0801173c       0x24 c:/program files/gnu tools arm embedded/4.8 2014q1/bin/../lib/gcc/arm-none-eabi/4.8.3/../../../../arm-none-eabi/lib/armv7-m\libg.a(lib_a-stdio.o)
                0x0801173c                __sread
 .text.__swrite
                0x08011760       0x38 c:/program files/gnu tools arm embedded/4.8 2014q1/bin/../lib/gcc/arm-none-eabi/4.8.3/../../../../arm-none-eabi/lib/armv7-m\libg.a(lib_a-stdio.o)
                0x08011760                __swrite
 .text.__sseek  0x08011798       0x20 c:/program files/gnu tools arm embedded/4.8 2014q1/bin/../lib/gcc/arm-none-eabi/4.8.3/../../../../arm-none-eabi/lib/armv7-m\libg.a(lib_a-stdio.o)
                0x08011798                __sseek
 .text.__sclose
                0x080117b8        0x8 c:/program files/gnu tools arm embedded/4.8 2014q1/bin/../lib/gcc/arm-none-eabi/4.8.3/../../../../arm-none-eabi/lib/armv7-m\libg.a(lib_a-stdio.o)
                0x080117b8                __sclose
 .text.__ssprint_r
                0x080117c0      0x100 c:/program files/gnu tools arm embedded/4.8 2014q1/bin/../lib/gcc/arm-none-eabi/4.8.3/../../../../arm-none-eabi/lib/armv7-m\libg.a(lib_a-svfiprintf.o)
                0x080117c0                __ssprint_r
 .text._write_r
                0x080118c0       0x28 c:/program files/gnu tools arm embedded/4.8 2014q1/bin/../lib/gcc/arm-none-eabi/4.8.3/../../../../arm-none-eabi/lib/armv7-m\libg.a(lib_a-writer.o)
                0x080118c0                _write_r
 .text.__register_exitproc
                0x080118e8       0xa8 c:/program files/gnu tools arm embedded/4.8 2014q1/bin/../lib/gcc/arm-none-eabi/4.8.3/../../../../arm-none-eabi/lib/armv7-m\libg.a(lib_a-__atexit.o)
                0x080118e8                __register_exitproc
 .text._calloc_r
                0x08011990       0x60 c:/program files/gnu tools arm embedded/4.8 2014q1/bin/../lib/gcc/arm-none-eabi/4.8.3/../../../../arm-none-eabi/lib/armv7-m\libg.a(lib_a-callocr.o)
                0x08011990                _calloc_r
 .text._close_r
                0x080119f0       0x24 c:/program files/gnu tools arm embedded/4.8 2014q1/bin/../lib/gcc/arm-none-eabi/4.8.3/../../../../arm-none-eabi/lib/armv7-m\libg.a(lib_a-closer.o)
                0x080119f0                _close_r
 .text._fclose_r
                0x08011a14       0x80 c:/program files/gnu tools arm embedded/4.8 2014q1/bin/../lib/gcc/arm-none-eabi/4.8.3/../../../../arm-none-eabi/lib/armv7-m\libg.a(lib_a-fclose.o)
                0x08011a14                _fclose_r
 .text.fclose   0x08011a94       0x10 c:/program files/gnu tools arm embedded/4.8 2014q1/bin/../lib/gcc/arm-none-eabi/4.8.3/../../../../arm-none-eabi/lib/armv7-m\libg.a(lib_a-fclose.o)
                0x08011a94                fclose
 .text._fstat_r
                0x08011aa4       0x28 c:/program files/gnu tools arm embedded/4.8 2014q1/bin/../lib/gcc/arm-none-eabi/4.8.3/../../../../arm-none-eabi/lib/armv7-m\libg.a(lib_a-fstatr.o)
                0x08011aa4                _fstat_r
 .text._isatty_r
                0x08011acc       0x24 c:/program files/gnu tools arm embedded/4.8 2014q1/bin/../lib/gcc/arm-none-eabi/4.8.3/../../../../arm-none-eabi/lib/armv7-m\libg.a(lib_a-isattyr.o)
                0x08011acc                _isatty_r
 .text._lseek_r
                0x08011af0       0x28 c:/program files/gnu tools arm embedded/4.8 2014q1/bin/../lib/gcc/arm-none-eabi/4.8.3/../../../../arm-none-eabi/lib/armv7-m\libg.a(lib_a-lseekr.o)
                0x08011af0                _lseek_r
 .text._read_r  0x08011b18       0x28 c:/program files/gnu tools arm embedded/4.8 2014q1/bin/../lib/gcc/arm-none-eabi/4.8.3/../../../../arm-none-eabi/lib/armv7-m\libg.a(lib_a-readr.o)
                0x08011b18                _read_r
 *(.init)
 .init          0x08011b40        0x4 c:/program files/gnu tools arm embedded/4.8 2014q1/bin/../lib/gcc/arm-none-eabi/4.8.3/armv7-m/crti.o
                0x08011b40                _init
 .init          0x08011b44        0x8 c:/program files/gnu tools arm embedded/4.8 2014q1/bin/../lib/gcc/arm-none-eabi/4.8.3/armv7-m/crtn.o
 *(.fini)
 .fini          0x08011b4c        0x4 c:/program files/gnu tools arm embedded/4.8 2014q1/bin/../lib/gcc/arm-none-eabi/4.8.3/armv7-m/crti.o
                0x08011b4c                _fini
 .fini          0x08011b50        0x8 c:/program files/gnu tools arm embedded/4.8 2014q1/bin/../lib/gcc/arm-none-eabi/4.8.3/armv7-m/crtn.o
 *crtbegin.o(.ctors)
 *crtbegin?.o(.ctors)
 *(EXCLUDE_FILE(*crtend.o *crtend?.o) .ctors)
 *(SORT(.ctors.*))
 *(.ctors)
 *crtbegin.o(.dtors)
 *crtbegin?.o(.dtors)
 *(EXCLUDE_FILE(*crtend.o *crtend?.o) .dtors)
 *(SORT(.dtors.*))
 *(.dtors)
 *(.rodata*)
 .rodata._ZTI6Stream
                0x08011b58        0xc ..\obj\Wire.o
                0x08011b58                typeinfo for Stream
 .rodata._ZTS6Stream
                0x08011b64        0x8 ..\obj\Wire.o
                0x08011b64                typeinfo name for Stream
 *fill*         0x08011b6c        0x4 
 .rodata        0x08011b70       0x40 ..\obj\Wire.o
                0x08011b70                vtable for WireClass
                0x08011b98                typeinfo name for WireClass
                0x08011ba4                typeinfo for WireClass
 .rodata        0x08011bb0       0x7c ..\obj\xcore.o
 .rodata        0x08011c2c        0x8 ..\obj\Adafruit_MotorShield.o
 .rodata        0x08011c34        0x8 ..\obj\xgpio.o
 .rodata._ZTI9Printable
                0x08011c3c        0x8 ..\obj\IPAddress.o
                0x08011c3c                typeinfo for Printable
 .rodata._ZTS9Printable
                0x08011c44        0xc ..\obj\IPAddress.o
                0x08011c44                typeinfo name for Printable
 .rodata        0x08011c50       0x28 ..\obj\IPAddress.o
                0x08011c50                vtable for IPAddress
                0x08011c5c                typeinfo name for IPAddress
                0x08011c68                typeinfo for IPAddress
 .rodata        0x08011c78       0x30 ..\obj\xdma.o
 .rodata        0x08011ca8      0x1f0 ..\obj\xsysctl.o
 .rodata        0x08011e98       0x48 ..\obj\HardwareSerial.o
                0x08011e98                vtable for HardwareSerial
                0x08011ebc                typeinfo name for HardwareSerial
                0x08011ed0                typeinfo for HardwareSerial
 .rodata        0x08011ee0       0x28 ..\obj\Print.o
                0x08011ee0                typeinfo name for Print
                0x08011ee8                typeinfo for Print
                0x08011ef0                vtable for Print
 .rodata.str1.4
                0x08011f08       0x47 ..\obj\Interface.o
                                 0x48 (size before relaxing)
 *fill*         0x08011f4f        0x1 
 .rodata._ZTVN10__cxxabiv117__class_type_infoE
                0x08011f50       0x30 c:/program files/gnu tools arm embedded/4.8 2014q1/bin/../lib/gcc/arm-none-eabi/4.8.3/../../../../arm-none-eabi/lib/armv7-m\libstdc++.a(class_type_info.o)
                0x08011f50                vtable for __cxxabiv1::__class_type_info
 .rodata._ZTIN10__cxxabiv117__class_type_infoE
                0x08011f80        0xc c:/program files/gnu tools arm embedded/4.8 2014q1/bin/../lib/gcc/arm-none-eabi/4.8.3/../../../../arm-none-eabi/lib/armv7-m\libstdc++.a(class_type_info.o)
                0x08011f80                typeinfo for __cxxabiv1::__class_type_info
 .rodata._ZTSN10__cxxabiv117__class_type_infoE
                0x08011f8c       0x24 c:/program files/gnu tools arm embedded/4.8 2014q1/bin/../lib/gcc/arm-none-eabi/4.8.3/../../../../arm-none-eabi/lib/armv7-m\libstdc++.a(class_type_info.o)
                0x08011f8c                typeinfo name for __cxxabiv1::__class_type_info
 .rodata._ZTVN10__cxxabiv120__si_class_type_infoE
                0x08011fb0       0x30 c:/program files/gnu tools arm embedded/4.8 2014q1/bin/../lib/gcc/arm-none-eabi/4.8.3/../../../../arm-none-eabi/lib/armv7-m\libstdc++.a(si_class_type_info.o)
                0x08011fb0                vtable for __cxxabiv1::__si_class_type_info
 .rodata._ZTIN10__cxxabiv120__si_class_type_infoE
                0x08011fe0        0xc c:/program files/gnu tools arm embedded/4.8 2014q1/bin/../lib/gcc/arm-none-eabi/4.8.3/../../../../arm-none-eabi/lib/armv7-m\libstdc++.a(si_class_type_info.o)
                0x08011fe0                typeinfo for __cxxabiv1::__si_class_type_info
 .rodata._ZTSN10__cxxabiv120__si_class_type_infoE
                0x08011fec       0x28 c:/program files/gnu tools arm embedded/4.8 2014q1/bin/../lib/gcc/arm-none-eabi/4.8.3/../../../../arm-none-eabi/lib/armv7-m\libstdc++.a(si_class_type_info.o)
                0x08011fec                typeinfo name for __cxxabiv1::__si_class_type_info
 .rodata._ZTISt9type_info
                0x08012014        0x8 c:/program files/gnu tools arm embedded/4.8 2014q1/bin/../lib/gcc/arm-none-eabi/4.8.3/../../../../arm-none-eabi/lib/armv7-m\libstdc++.a(tinfo.o)
                0x08012014                typeinfo for std::type_info
 .rodata._ZTSSt9type_info
                0x0801201c       0x10 c:/program files/gnu tools arm embedded/4.8 2014q1/bin/../lib/gcc/arm-none-eabi/4.8.3/../../../../arm-none-eabi/lib/armv7-m\libstdc++.a(tinfo.o)
                0x0801201c                typeinfo name for std::type_info
 *fill*         0x0801202c        0x4 
 .rodata._ZTVSt9type_info
                0x08012030       0x20 c:/program files/gnu tools arm embedded/4.8 2014q1/bin/../lib/gcc/arm-none-eabi/4.8.3/../../../../arm-none-eabi/lib/armv7-m\libstdc++.a(tinfo.o)
                0x08012030                vtable for std::type_info
 .rodata._ZTVSt9exception
                0x08012050       0x18 c:/program files/gnu tools arm embedded/4.8 2014q1/bin/../lib/gcc/arm-none-eabi/4.8.3/../../../../arm-none-eabi/lib/armv7-m\libstdc++.a(eh_exception.o)
                0x08012050                vtable for std::exception
 .rodata._ZTIN10__cxxabiv115__forced_unwindE
                0x08012068        0x8 c:/program files/gnu tools arm embedded/4.8 2014q1/bin/../lib/gcc/arm-none-eabi/4.8.3/../../../../arm-none-eabi/lib/armv7-m\libstdc++.a(eh_exception.o)
                0x08012068                typeinfo for __cxxabiv1::__forced_unwind
 .rodata._ZTISt9exception
                0x08012070        0x8 c:/program files/gnu tools arm embedded/4.8 2014q1/bin/../lib/gcc/arm-none-eabi/4.8.3/../../../../arm-none-eabi/lib/armv7-m\libstdc++.a(eh_exception.o)
                0x08012070                typeinfo for std::exception
 .rodata._ZTSSt13bad_exception
                0x08012078       0x14 c:/program files/gnu tools arm embedded/4.8 2014q1/bin/../lib/gcc/arm-none-eabi/4.8.3/../../../../arm-none-eabi/lib/armv7-m\libstdc++.a(eh_exception.o)
                0x08012078                typeinfo name for std::bad_exception
 .rodata.str1.4
                0x0801208c       0x23 c:/program files/gnu tools arm embedded/4.8 2014q1/bin/../lib/gcc/arm-none-eabi/4.8.3/../../../../arm-none-eabi/lib/armv7-m\libstdc++.a(eh_exception.o)
                                 0x24 (size before relaxing)
 *fill*         0x080120af        0x1 
 .rodata._ZTSN10__cxxabiv119__foreign_exceptionE
                0x080120b0       0x24 c:/program files/gnu tools arm embedded/4.8 2014q1/bin/../lib/gcc/arm-none-eabi/4.8.3/../../../../arm-none-eabi/lib/armv7-m\libstdc++.a(eh_exception.o)
                0x080120b0                typeinfo name for __cxxabiv1::__foreign_exception
 .rodata._ZTIN10__cxxabiv119__foreign_exceptionE
                0x080120d4        0x8 c:/program files/gnu tools arm embedded/4.8 2014q1/bin/../lib/gcc/arm-none-eabi/4.8.3/../../../../arm-none-eabi/lib/armv7-m\libstdc++.a(eh_exception.o)
                0x080120d4                typeinfo for __cxxabiv1::__foreign_exception
 *fill*         0x080120dc        0x4 
 .rodata._ZTVSt13bad_exception
                0x080120e0       0x18 c:/program files/gnu tools arm embedded/4.8 2014q1/bin/../lib/gcc/arm-none-eabi/4.8.3/../../../../arm-none-eabi/lib/armv7-m\libstdc++.a(eh_exception.o)
                0x080120e0                vtable for std::bad_exception
 .rodata._ZTSSt9exception
                0x080120f8       0x10 c:/program files/gnu tools arm embedded/4.8 2014q1/bin/../lib/gcc/arm-none-eabi/4.8.3/../../../../arm-none-eabi/lib/armv7-m\libstdc++.a(eh_exception.o)
                0x080120f8                typeinfo name for std::exception
 .rodata._ZTSN10__cxxabiv115__forced_unwindE
                0x08012108       0x20 c:/program files/gnu tools arm embedded/4.8 2014q1/bin/../lib/gcc/arm-none-eabi/4.8.3/../../../../arm-none-eabi/lib/armv7-m\libstdc++.a(eh_exception.o)
                0x08012108                typeinfo name for __cxxabiv1::__forced_unwind
 .rodata._ZTISt13bad_exception
                0x08012128        0xc c:/program files/gnu tools arm embedded/4.8 2014q1/bin/../lib/gcc/arm-none-eabi/4.8.3/../../../../arm-none-eabi/lib/armv7-m\libstdc++.a(eh_exception.o)
                0x08012128                typeinfo for std::bad_exception
 .rodata.str1.4
                0x08012134       0x94 c:/program files/gnu tools arm embedded/4.8 2014q1/bin/../lib/gcc/arm-none-eabi/4.8.3/../../../../arm-none-eabi/lib/armv7-m\libstdc++.a(vterminate.o)
 .rodata        0x080121c8      0x738 c:/program files/gnu tools arm embedded/4.8 2014q1/bin/../lib/gcc/arm-none-eabi/4.8.3/../../../../arm-none-eabi/lib/armv7-m\libstdc++.a(cp-demangle.o)
 .rodata.str1.4
                0x08012900      0x7f2 c:/program files/gnu tools arm embedded/4.8 2014q1/bin/../lib/gcc/arm-none-eabi/4.8.3/../../../../arm-none-eabi/lib/armv7-m\libstdc++.a(cp-demangle.o)
                                0x840 (size before relaxing)
 *fill*         0x080130f2        0x6 
 .rodata.atanlo
                0x080130f8       0x20 c:/program files/gnu tools arm embedded/4.8 2014q1/bin/../lib/gcc/arm-none-eabi/4.8.3/../../../../arm-none-eabi/lib/armv7-m\libm.a(lib_a-s_atan.o)
 .rodata.atanhi
                0x08013118       0x20 c:/program files/gnu tools arm embedded/4.8 2014q1/bin/../lib/gcc/arm-none-eabi/4.8.3/../../../../arm-none-eabi/lib/armv7-m\libm.a(lib_a-s_atan.o)
 .rodata.str1.4
                0x08013138        0x2 c:/program files/gnu tools arm embedded/4.8 2014q1/bin/../lib/gcc/arm-none-eabi/4.8.3/../../../../arm-none-eabi/lib/armv7-m\libg.a(lib_a-impure.o)
                                  0x4 (size before relaxing)
 *fill*         0x0801313a        0x2 
 .rodata._global_impure_ptr
                0x0801313c        0x4 c:/program files/gnu tools arm embedded/4.8 2014q1/bin/../lib/gcc/arm-none-eabi/4.8.3/../../../../arm-none-eabi/lib/armv7-m\libg.a(lib_a-impure.o)
                0x0801313c                _global_impure_ptr
 .rodata.zeroes.6760
                0x08013140       0x10 c:/program files/gnu tools arm embedded/4.8 2014q1/bin/../lib/gcc/arm-none-eabi/4.8.3/../../../../arm-none-eabi/lib/armv7-m\libg.a(lib_a-svfprintf.o)
 .rodata.str1.4
                0x08013150       0x42 c:/program files/gnu tools arm embedded/4.8 2014q1/bin/../lib/gcc/arm-none-eabi/4.8.3/../../../../arm-none-eabi/lib/armv7-m\libg.a(lib_a-svfprintf.o)
                                 0x44 (size before relaxing)
 *fill*         0x08013192        0x2 
 .rodata.blanks.6759
                0x08013194       0x10 c:/program files/gnu tools arm embedded/4.8 2014q1/bin/../lib/gcc/arm-none-eabi/4.8.3/../../../../arm-none-eabi/lib/armv7-m\libg.a(lib_a-svfprintf.o)
 .rodata.str1.4
                0x080131a4       0x10 c:/program files/gnu tools arm embedded/4.8 2014q1/bin/../lib/gcc/arm-none-eabi/4.8.3/../../../../arm-none-eabi/lib/armv7-m\libg.a(lib_a-dtoa.o)
                                 0x14 (size before relaxing)
 .rodata.str1.4
                0x080131b4        0x8 c:/program files/gnu tools arm embedded/4.8 2014q1/bin/../lib/gcc/arm-none-eabi/4.8.3/../../../../arm-none-eabi/lib/armv7-m\libg.a(lib_a-locale.o)
                                 0x14 (size before relaxing)
 *fill*         0x080131bc        0x4 
 .rodata.__mprec_tens
                0x080131c0       0xc8 c:/program files/gnu tools arm embedded/4.8 2014q1/bin/../lib/gcc/arm-none-eabi/4.8.3/../../../../arm-none-eabi/lib/armv7-m\libg.a(lib_a-mprec.o)
                0x080131c0                __mprec_tens
 .rodata.__mprec_bigtens
                0x08013288       0x28 c:/program files/gnu tools arm embedded/4.8 2014q1/bin/../lib/gcc/arm-none-eabi/4.8.3/../../../../arm-none-eabi/lib/armv7-m\libg.a(lib_a-mprec.o)
                0x08013288                __mprec_bigtens
 .rodata.p05.5266
                0x080132b0        0xc c:/program files/gnu tools arm embedded/4.8 2014q1/bin/../lib/gcc/arm-none-eabi/4.8.3/../../../../arm-none-eabi/lib/armv7-m\libg.a(lib_a-mprec.o)
 *(.eh_fram e*)

.glue_7         0x080132bc        0x0
 .glue_7        0x00000000        0x0 linker stubs

.glue_7t        0x080132bc        0x0
 .glue_7t       0x00000000        0x0 linker stubs

.vfp11_veneer   0x080132bc        0x0
 .vfp11_veneer  0x00000000        0x0 linker stubs

.v4_bx          0x080132bc        0x0
 .v4_bx         0x00000000        0x0 linker stubs

.iplt           0x080132bc        0x0
 .iplt          0x00000000        0x0 c:/program files/gnu tools arm embedded/4.8 2014q1/bin/../lib/gcc/arm-none-eabi/4.8.3/armv7-m/crtbegin.o

.ARM.extab      0x080132bc      0x144
 *(.ARM.extab* .gnu.linkonce.armextab.*)
 .ARM.extab.text._ZN5Print5writeEh
                0x080132bc        0x0 ..\obj\Wire.o
 .ARM.extab.text._ZN5Print5writeEPKc
                0x080132bc        0x0 ..\obj\Wire.o
 .ARM.extab.text._ZN9WireClass4sendEh
                0x080132bc        0xc ..\obj\Wire.o
 .ARM.extab.text._ZN9WireClass7receiveEv
                0x080132c8        0xc ..\obj\Wire.o
 .ARM.extab.text._ZN14HardwareSerial5writeEh
                0x080132d4        0xc ..\obj\HardwareSerial.o
 .ARM.extab.text._ZN5Print5printEc
                0x080132e0        0xc ..\obj\Print.o
 .ARM.extab.text._ZL21base_of_encoded_valuehP15_Unwind_Context
                0x080132ec        0xc c:/program files/gnu tools arm embedded/4.8 2014q1/bin/../lib/gcc/arm-none-eabi/4.8.3/../../../../arm-none-eabi/lib/armv7-m\libstdc++.a(eh_personality.o)
 .ARM.extab.text.__gxx_personality_v0
                0x080132f8       0x20 c:/program files/gnu tools arm embedded/4.8 2014q1/bin/../lib/gcc/arm-none-eabi/4.8.3/../../../../arm-none-eabi/lib/armv7-m\libstdc++.a(eh_personality.o)
 .ARM.extab.text._ZN10__cxxabiv111__terminateEPFvvE
                0x08013318       0x2c c:/program files/gnu tools arm embedded/4.8 2014q1/bin/../lib/gcc/arm-none-eabi/4.8.3/../../../../arm-none-eabi/lib/armv7-m\libstdc++.a(eh_terminate.o)
 .ARM.extab.text._ZN10__cxxabiv112__unexpectedEPFvvE
                0x08013344        0xc c:/program files/gnu tools arm embedded/4.8 2014q1/bin/../lib/gcc/arm-none-eabi/4.8.3/../../../../arm-none-eabi/lib/armv7-m\libstdc++.a(eh_terminate.o)
 .ARM.extab.text._ZSt10unexpectedv
                0x08013350        0xc c:/program files/gnu tools arm embedded/4.8 2014q1/bin/../lib/gcc/arm-none-eabi/4.8.3/../../../../arm-none-eabi/lib/armv7-m\libstdc++.a(eh_terminate.o)
 .ARM.extab.text.__cxa_begin_catch
                0x0801335c       0x20 c:/program files/gnu tools arm embedded/4.8 2014q1/bin/../lib/gcc/arm-none-eabi/4.8.3/../../../../arm-none-eabi/lib/armv7-m\libstdc++.a(eh_catch.o)
 .ARM.extab.text.__cxa_call_unexpected
                0x0801337c       0x2c c:/program files/gnu tools arm embedded/4.8 2014q1/bin/../lib/gcc/arm-none-eabi/4.8.3/../../../../arm-none-eabi/lib/armv7-m\libstdc++.a(eh_call.o)
 .ARM.extab.text._ZN9__gnu_cxx27__verbose_terminate_handlerEv
                0x080133a8       0x34 c:/program files/gnu tools arm embedded/4.8 2014q1/bin/../lib/gcc/arm-none-eabi/4.8.3/../../../../arm-none-eabi/lib/armv7-m\libstdc++.a(vterminate.o)
 .ARM.extab     0x080133dc        0xc ..\..\..\..\..\..\..\..\..\Program Files\GNU Tools ARM Embedded\4.7 2013q1\arm-none-eabi\lib\armv7-m\libgcc.a(unwind-arm.o)